Archive member included to satisfy reference by file (symbol)

c:/st/stm32cubeide_1.0.2/stm32cubeide/plugins/com.st.stm32cube.ide.mcu.externaltools.gnu-tools-for-stm32.7-2018-q2-update.win32_1.0.0.201904181610/tools/bin/../lib/gcc/arm-none-eabi/7.3.1/../../../../arm-none-eabi/lib/thumb/v7e-m\libc_nano.a(lib_a-errno.o)
                              Src/syscalls.o (__errno)
c:/st/stm32cubeide_1.0.2/stm32cubeide/plugins/com.st.stm32cube.ide.mcu.externaltools.gnu-tools-for-stm32.7-2018-q2-update.win32_1.0.0.201904181610/tools/bin/../lib/gcc/arm-none-eabi/7.3.1/../../../../arm-none-eabi/lib/thumb/v7e-m\libc_nano.a(lib_a-exit.o)
                              c:/st/stm32cubeide_1.0.2/stm32cubeide/plugins/com.st.stm32cube.ide.mcu.externaltools.gnu-tools-for-stm32.7-2018-q2-update.win32_1.0.0.201904181610/tools/bin/../lib/gcc/arm-none-eabi/7.3.1/../../../../arm-none-eabi/lib/thumb/v7e-m/crt0.o (exit)
c:/st/stm32cubeide_1.0.2/stm32cubeide/plugins/com.st.stm32cube.ide.mcu.externaltools.gnu-tools-for-stm32.7-2018-q2-update.win32_1.0.0.201904181610/tools/bin/../lib/gcc/arm-none-eabi/7.3.1/../../../../arm-none-eabi/lib/thumb/v7e-m\libc_nano.a(lib_a-impure.o)
                              c:/st/stm32cubeide_1.0.2/stm32cubeide/plugins/com.st.stm32cube.ide.mcu.externaltools.gnu-tools-for-stm32.7-2018-q2-update.win32_1.0.0.201904181610/tools/bin/../lib/gcc/arm-none-eabi/7.3.1/../../../../arm-none-eabi/lib/thumb/v7e-m\libc_nano.a(lib_a-exit.o) (_global_impure_ptr)
c:/st/stm32cubeide_1.0.2/stm32cubeide/plugins/com.st.stm32cube.ide.mcu.externaltools.gnu-tools-for-stm32.7-2018-q2-update.win32_1.0.0.201904181610/tools/bin/../lib/gcc/arm-none-eabi/7.3.1/../../../../arm-none-eabi/lib/thumb/v7e-m\libc_nano.a(lib_a-init.o)
                              c:/st/stm32cubeide_1.0.2/stm32cubeide/plugins/com.st.stm32cube.ide.mcu.externaltools.gnu-tools-for-stm32.7-2018-q2-update.win32_1.0.0.201904181610/tools/bin/../lib/gcc/arm-none-eabi/7.3.1/../../../../arm-none-eabi/lib/thumb/v7e-m/crt0.o (__libc_init_array)
c:/st/stm32cubeide_1.0.2/stm32cubeide/plugins/com.st.stm32cube.ide.mcu.externaltools.gnu-tools-for-stm32.7-2018-q2-update.win32_1.0.0.201904181610/tools/bin/../lib/gcc/arm-none-eabi/7.3.1/../../../../arm-none-eabi/lib/thumb/v7e-m\libc_nano.a(lib_a-memset.o)
                              c:/st/stm32cubeide_1.0.2/stm32cubeide/plugins/com.st.stm32cube.ide.mcu.externaltools.gnu-tools-for-stm32.7-2018-q2-update.win32_1.0.0.201904181610/tools/bin/../lib/gcc/arm-none-eabi/7.3.1/../../../../arm-none-eabi/lib/thumb/v7e-m/crt0.o (memset)
c:/st/stm32cubeide_1.0.2/stm32cubeide/plugins/com.st.stm32cube.ide.mcu.externaltools.gnu-tools-for-stm32.7-2018-q2-update.win32_1.0.0.201904181610/tools/bin/../lib/gcc/arm-none-eabi/7.3.1/../../../../arm-none-eabi/lib/thumb/v7e-m\libc_nano.a(lib_a-nano-vfprintf_float.o)
                              (_printf_float)
c:/st/stm32cubeide_1.0.2/stm32cubeide/plugins/com.st.stm32cube.ide.mcu.externaltools.gnu-tools-for-stm32.7-2018-q2-update.win32_1.0.0.201904181610/tools/bin/../lib/gcc/arm-none-eabi/7.3.1/../../../../arm-none-eabi/lib/thumb/v7e-m\libc_nano.a(lib_a-nano-vfprintf_i.o)
                              c:/st/stm32cubeide_1.0.2/stm32cubeide/plugins/com.st.stm32cube.ide.mcu.externaltools.gnu-tools-for-stm32.7-2018-q2-update.win32_1.0.0.201904181610/tools/bin/../lib/gcc/arm-none-eabi/7.3.1/../../../../arm-none-eabi/lib/thumb/v7e-m\libc_nano.a(lib_a-nano-vfprintf_float.o) (_printf_common)
c:/st/stm32cubeide_1.0.2/stm32cubeide/plugins/com.st.stm32cube.ide.mcu.externaltools.gnu-tools-for-stm32.7-2018-q2-update.win32_1.0.0.201904181610/tools/bin/../lib/gcc/arm-none-eabi/7.3.1/../../../../arm-none-eabi/lib/thumb/v7e-m\libc_nano.a(lib_a-nano-vfscanf_float.o)
                              (_scanf_float)
c:/st/stm32cubeide_1.0.2/stm32cubeide/plugins/com.st.stm32cube.ide.mcu.externaltools.gnu-tools-for-stm32.7-2018-q2-update.win32_1.0.0.201904181610/tools/bin/../lib/gcc/arm-none-eabi/7.3.1/../../../../arm-none-eabi/lib/thumb/v7e-m\libc_nano.a(lib_a-setvbuf.o)
                              Src/uart_driver.o (setvbuf)
c:/st/stm32cubeide_1.0.2/stm32cubeide/plugins/com.st.stm32cube.ide.mcu.externaltools.gnu-tools-for-stm32.7-2018-q2-update.win32_1.0.0.201904181610/tools/bin/../lib/gcc/arm-none-eabi/7.3.1/../../../../arm-none-eabi/lib/thumb/v7e-m\libc_nano.a(lib_a-sf_nan.o)
                              c:/st/stm32cubeide_1.0.2/stm32cubeide/plugins/com.st.stm32cube.ide.mcu.externaltools.gnu-tools-for-stm32.7-2018-q2-update.win32_1.0.0.201904181610/tools/bin/../lib/gcc/arm-none-eabi/7.3.1/../../../../arm-none-eabi/lib/thumb/v7e-m\libc_nano.a(lib_a-nano-vfscanf_float.o) (nanf)
c:/st/stm32cubeide_1.0.2/stm32cubeide/plugins/com.st.stm32cube.ide.mcu.externaltools.gnu-tools-for-stm32.7-2018-q2-update.win32_1.0.0.201904181610/tools/bin/../lib/gcc/arm-none-eabi/7.3.1/../../../../arm-none-eabi/lib/thumb/v7e-m\libc_nano.a(lib_a-sprintf.o)
                              Src/lcd.o (sprintf)
[...]
Memory Configuration

Name             Origin             Length             Attributes
RAM              0x0000000020000000 0x0000000000020000 xrw
ROM              0x0000000008000000 0x0000000000080000 xr
*default*        0x0000000000000000 0xffffffffffffffff

Linker script and memory map

LOAD c:/st/stm32cubeide_1.0.2/stm32cubeide/plugins/com.st.stm32cube.ide.mcu.externaltools.gnu-tools-for-stm32.7-2018-q2-update.win32_1.0.0.201904181610/tools/bin/../lib/gcc/arm-none-eabi/7.3.1/thumb/v7e-m/crti.o
LOAD c:/st/stm32cubeide_1.0.2/stm32cubeide/plugins/com.st.stm32cube.ide.mcu.externaltools.gnu-tools-for-stm32.7-2018-q2-update.win32_1.0.0.201904181610/tools/bin/../lib/gcc/arm-none-eabi/7.3.1/thumb/v7e-m/crtbegin.o
LOAD c:/st/stm32cubeide_1.0.2/stm32cubeide/plugins/com.st.stm32cube.ide.mcu.externaltools.gnu-tools-for-stm32.7-2018-q2-update.win32_1.0.0.201904181610/tools/bin/../lib/gcc/arm-none-eabi/7.3.1/../../../../arm-none-eabi/lib/thumb/v7e-m/crt0.o
LOAD Src/keypad.o
LOAD Src/lcd.o
LOAD Src/main.o
LOAD Src/syscalls.o
LOAD Src/sysmem.o
LOAD Src/timing.o
LOAD Src/uart_driver.o
LOAD Startup/startup_stm32f446retx.o
START GROUP
LOAD c:/st/stm32cubeide_1.0.2/stm32cubeide/plugins/com.st.stm32cube.ide.mcu.externaltools.gnu-tools-for-stm32.7-2018-q2-update.win32_1.0.0.201904181610/tools/bin/../lib/gcc/arm-none-eabi/7.3.1/../../../../arm-none-eabi/lib/thumb/v7e-m\libc_nano.a
LOAD c:/st/stm32cubeide_1.0.2/stm32cubeide/plugins/com.st.stm32cube.ide.mcu.externaltools.gnu-tools-for-stm32.7-2018-q2-update.win32_1.0.0.201904181610/tools/bin/../lib/gcc/arm-none-eabi/7.3.1/../../../../arm-none-eabi/lib/thumb/v7e-m\libm.a
END GROUP
START GROUP
LOAD c:/st/stm32cubeide_1.0.2/stm32cubeide/plugins/com.st.stm32cube.ide.mcu.externaltools.gnu-tools-for-stm32.7-2018-q2-update.win32_1.0.0.201904181610/tools/bin/../lib/gcc/arm-none-eabi/7.3.1/thumb/v7e-m\libgcc.a
LOAD c:/st/stm32cubeide_1.0.2/stm32cubeide/plugins/com.st.stm32cube.ide.mcu.externaltools.gnu-tools-for-stm32.7-2018-q2-update.win32_1.0.0.201904181610/tools/bin/../lib/gcc/arm-none-eabi/7.3.1/../../../../arm-none-eabi/lib/thumb/v7e-m\libc_nano.a
END GROUP
START GROUP
LOAD c:/st/stm32cubeide_1.0.2/stm32cubeide/plugins/com.st.stm32cube.ide.mcu.externaltools.gnu-tools-for-stm32.7-2018-q2-update.win32_1.0.0.201904181610/tools/bin/../lib/gcc/arm-none-eabi/7.3.1/thumb/v7e-m\libgcc.a
LOAD c:/st/stm32cubeide_1.0.2/stm32cubeide/plugins/com.st.stm32cube.ide.mcu.externaltools.gnu-tools-for-stm32.7-2018-q2-update.win32_1.0.0.201904181610/tools/bin/../lib/gcc/arm-none-eabi/7.3.1/../../../../arm-none-eabi/lib/thumb/v7e-m\libc_nano.a
LOAD c:/st/stm32cubeide_1.0.2/stm32cubeide/plugins/com.st.stm32cube.ide.mcu.externaltools.gnu-tools-for-stm32.7-2018-q2-update.win32_1.0.0.201904181610/tools/bin/../lib/gcc/arm-none-eabi/7.3.1/../../../../arm-none-eabi/lib/thumb/v7e-m\libnosys.a
END GROUP
START GROUP
LOAD c:/st/stm32cubeide_1.0.2/stm32cubeide/plugins/com.st.stm32cube.ide.mcu.externaltools.gnu-tools-for-stm32.7-2018-q2-update.win32_1.0.0.201904181610/tools/bin/../lib/gcc/arm-none-eabi/7.3.1/thumb/v7e-m\libgcc.a
LOAD c:/st/stm32cubeide_1.0.2/stm32cubeide/plugins/com.st.stm32cube.ide.mcu.externaltools.gnu-tools-for-stm32.7-2018-q2-update.win32_1.0.0.201904181610/tools/bin/../lib/gcc/arm-none-eabi/7.3.1/../../../../arm-none-eabi/lib/thumb/v7e-m\libc_nano.a
LOAD c:/st/stm32cubeide_1.0.2/stm32cubeide/plugins/com.st.stm32cube.ide.mcu.externaltools.gnu-tools-for-stm32.7-2018-q2-update.win32_1.0.0.201904181610/tools/bin/../lib/gcc/arm-none-eabi/7.3.1/../../../../arm-none-eabi/lib/thumb/v7e-m\libnosys.a
END GROUP
LOAD c:/st/stm32cubeide_1.0.2/stm32cubeide/plugins/com.st.stm32cube.ide.mcu.externaltools.gnu-tools-for-stm32.7-2018-q2-update.win32_1.0.0.201904181610/tools/bin/../lib/gcc/arm-none-eabi/7.3.1/thumb/v7e-m/crtend.o
LOAD c:/st/stm32cubeide_1.0.2/stm32cubeide/plugins/com.st.stm32cube.ide.mcu.externaltools.gnu-tools-for-stm32.7-2018-q2-update.win32_1.0.0.201904181610/tools/bin/../lib/gcc/arm-none-eabi/7.3.1/thumb/v7e-m/crtn.o
                0x0000000020020000                _estack = (ORIGIN (RAM) + LENGTH (RAM))
                0x0000000000000200                _Min_Heap_Size = 0x200
                0x0000000000000400                _Min_Stack_Size = 0x400

.isr_vector     0x0000000008000000      0x1c4
                0x0000000008000000                . = ALIGN (0x4)
 *(.isr_vector)
 .isr_vector    0x0000000008000000      0x1c4 Startup/startup_stm32f446retx.o
                0x0000000008000000                g_pfnVectors
                0x00000000080001c4                . = ALIGN (0x4)

.text           0x00000000080001d0     0x4b7c
                0x00000000080001d0                . = ALIGN (0x4)
 *(.text)
 .text          0x00000000080001d0       0x40 c:/st/stm32cubeide_1.0.2/stm32cubeide/plugins/com.st.stm32cube.ide.mcu.externaltools.gnu-tools-for-stm32.7-2018-q2-update.win32_1.0.0.201904181610/tools/bin/../lib/gcc/arm-none-eabi/7.3.1/thumb/v7e-m/crtbegin.o
 .text          0x0000000008000210       0x10 c:/st/stm32cubeide_1.0.2/stm32cubeide/plugins/com.st.stm32cube.ide.mcu.externaltools.gnu-tools-for-stm32.7-2018-q2-update.win32_1.0.0.201904181610/tools/bin/../lib/gcc/arm-none-eabi/7.3.1/../../../../arm-none-eabi/lib/thumb/v7e-m\libc_nano.a(lib_a-strlen.o)
                0x0000000008000210                strlen
 .text          0x0000000008000220       0xa0 c:/st/stm32cubeide_1.0.2/stm32cubeide/plugins/com.st.stm32cube.ide.mcu.externaltools.gnu-tools-for-stm32.7-2018-q2-update.win32_1.0.0.201904181610/tools/bin/../lib/gcc/arm-none-eabi/7.3.1/../../../../arm-none-eabi/lib/thumb/v7e-m\libc_nano.a(lib_a-memchr.o)
                0x0000000008000220                memchr
 .text          0x00000000080002c0      0x378 c:/st/stm32cubeide_1.0.2/stm32cubeide/plugins/com.st.stm32cube.ide.mcu.externaltools.gnu-tools-for-stm32.7-2018-q2-update.win32_1.0.0.201904181610/tools/bin/../lib/gcc/arm-none-eabi/7.3.1/thumb/v7e-m\libgcc.a(_arm_addsubdf3.o)
                0x00000000080002c0                __aeabi_drsub
                0x00000000080002c8                __aeabi_dsub
                0x00000000080002c8                __subdf3
                0x00000000080002cc                __aeabi_dadd
                0x00000000080002cc                __adddf3
                0x0000000008000544                __floatunsidf
                0x0000000008000544                __aeabi_ui2d
                0x0000000008000564                __floatsidf
                0x0000000008000564                __aeabi_i2d
                0x0000000008000588                __aeabi_f2d
                0x0000000008000588                __extendsfdf2
                0x00000000080005cc                __floatundidf
                0x00000000080005cc                __aeabi_ul2d
                0x00000000080005dc                __floatdidf
                0x00000000080005dc                __aeabi_l2d
 .text          0x0000000008000638      0x424 c:/st/stm32cubeide_1.0.2/stm32cubeide/plugins/com.st.stm32cube.ide.mcu.externaltools.gnu-tools-for-stm32.7-2018-q2-update.win32_1.0.0.201904181610/tools/bin/../lib/gcc/arm-none-eabi/7.3.1/thumb/v7e-m\libgcc.a(_arm_muldivdf3.o)
                0x0000000008000638                __aeabi_dmul
                0x0000000008000638                __muldf3
                0x000000000800088c                __divdf3
                0x000000000800088c                __aeabi_ddiv
 .text          0x0000000008000a5c      0x110 c:/st/stm32cubeide_1.0.2/stm32cubeide/plugins/com.st.stm32cube.ide.mcu.externaltools.gnu-tools-for-stm32.7-2018-q2-update.win32_1.0.0.201904181610/tools/bin/../lib/gcc/arm-none-eabi/7.3.1/thumb/v7e-m\libgcc.a(_arm_cmpdf2.o)
                0x0000000008000a5c                __gtdf2
                0x0000000008000a5c                __gedf2
                0x0000000008000a64                __ltdf2
                0x0000000008000a64                __ledf2
                0x0000000008000a6c                __nedf2
                0x0000000008000a6c                __eqdf2
                0x0000000008000a6c                __cmpdf2
                0x0000000008000ae8                __aeabi_cdrcmple
                0x0000000008000af8                __aeabi_cdcmpeq
                0x0000000008000af8                __aeabi_cdcmple
                0x0000000008000b08                __aeabi_dcmpeq
                0x0000000008000b1c                __aeabi_dcmplt
                0x0000000008000b30                __aeabi_dcmple
                0x0000000008000b44                __aeabi_dcmpge
                0x0000000008000b58                __aeabi_dcmpgt
 .text          0x0000000008000b6c       0x2c c:/st/stm32cubeide_1.0.2/stm32cubeide/plugins/com.st.stm32cube.ide.mcu.externaltools.gnu-tools-for-stm32.7-2018-q2-update.win32_1.0.0.201904181610/tools/bin/../lib/gcc/arm-none-eabi/7.3.1/thumb/v7e-m\libgcc.a(_arm_unorddf2.o)
                0x0000000008000b6c                __unorddf2
                0x0000000008000b6c                __aeabi_dcmpun
 .text          0x0000000008000b98       0x50 c:/st/stm32cubeide_1.0.2/stm32cubeide/plugins/com.st.stm32cube.ide.mcu.externaltools.gnu-tools-for-stm32.7-2018-q2-update.win32_1.0.0.201904181610/tools/bin/../lib/gcc/arm-none-eabi/7.3.1/thumb/v7e-m\libgcc.a(_arm_fixdfsi.o)
                0x0000000008000b98                __aeabi_d2iz
                0x0000000008000b98                __fixdfsi
 .text          0x0000000008000be8       0x40 c:/st/stm32cubeide_1.0.2/stm32cubeide/plugins/com.st.stm32cube.ide.mcu.externaltools.gnu-tools-for-stm32.7-2018-q2-update.win32_1.0.0.201904181610/tools/bin/../lib/gcc/arm-none-eabi/7.3.1/thumb/v7e-m\libgcc.a(_arm_fixunsdfsi.o)
                0x0000000008000be8                __aeabi_d2uiz
                0x0000000008000be8                __fixunsdfsi
 .text          0x0000000008000c28       0xa0 c:/st/stm32cubeide_1.0.2/stm32cubeide/plugins/com.st.stm32cube.ide.mcu.externaltools.gnu-tools-for-stm32.7-2018-q2-update.win32_1.0.0.201904181610/tools/bin/../lib/gcc/arm-none-eabi/7.3.1/thumb/v7e-m\libgcc.a(_arm_truncdfsf2.o)
                0x0000000008000c28                __truncdfsf2
                0x0000000008000c28                __aeabi_d2f
 *(.text*)
 .text.keypad_init
                0x0000000008000cc8       0x64 Src/keypad.o
                0x0000000008000cc8                keypad_init
 .text.keypad_getkey
                0x0000000008000d2c       0x44 Src/keypad.o
                0x0000000008000d2c                keypad_getkey
 .text.keypad_getkey_noblock
                0x0000000008000d70        0xe Src/keypad.o
                0x0000000008000d70                keypad_getkey_noblock
 *fill*         0x0000000008000d7e        0x2 
 .text.keypad_getchar
                0x0000000008000d80       0x18 Src/keypad.o
                0x0000000008000d80                keypad_getchar
 .text.scan     0x0000000008000d98       0xc8 Src/keypad.o
 .text.lcd_init
                0x0000000008000e60       0x88 Src/lcd.o
                0x0000000008000e60                lcd_init
 .text.lcd_cmd_d
                0x0000000008000ee8       0xa0 Src/lcd.o
                0x0000000008000ee8                lcd_cmd_d
 .text.lcd_data
                0x0000000008000f88       0x9c Src/lcd.o
                0x0000000008000f88                lcd_data
 .text.lcd_clear
                0x0000000008001024       0x12 Src/lcd.o
                0x0000000008001024                lcd_clear
 .text.lcd_home
                0x0000000008001036       0x12 Src/lcd.o
                0x0000000008001036                lcd_home
 .text.lcd_print_string
                0x0000000008001048       0x3c Src/lcd.o
                0x0000000008001048                lcd_print_string
 .text.lcd_print_char
                0x0000000008001084       0x30 Src/lcd.o
                0x0000000008001084                lcd_print_char
 .text.main     0x00000000080010b4        0xe Src/main.o
                0x00000000080010b4                main
 .text.with_keypad
                0x00000000080010c2       0x38 Src/main.o
                0x00000000080010c2                with_keypad
 *fill*         0x00000000080010fa        0x2 
 .text._sbrk    0x00000000080010fc       0x58 Src/sysmem.o
                0x00000000080010fc                _sbrk
 .text.delay_ms
                0x0000000008001154       0x3c Src/timing.o
                0x0000000008001154                delay_ms
 .text.delay_us
                0x0000000008001190       0x34 Src/timing.o
                0x0000000008001190                delay_us
 .text.reset_regs
                0x00000000080011c4       0x24 Src/timing.o
 .text.wait_delay
                0x00000000080011e8       0x30 Src/timing.o
 .text.Reset_Handler
                0x0000000008001218       0x50 Startup/startup_stm32f446retx.o
                0x0000000008001218                Reset_Handler
 .text.Default_Handler
                0x0000000008001268        0x2 Startup/startup_stm32f446retx.o
                0x0000000008001268                RTC_Alarm_IRQHandler
                0x0000000008001268                EXTI2_IRQHandler
                0x0000000008001268                TIM8_CC_IRQHandler
                0x0000000008001268                SPDIF_Rx_IRQHandler
                0x0000000008001268                DebugMon_Handler
                0x0000000008001268                SPI4_IRQHandler
                0x0000000008001268                TIM1_CC_IRQHandler
                0x0000000008001268                QuadSPI_IRQHandler
                0x0000000008001268                DMA2_Stream5_IRQHandler
                0x0000000008001268                HardFault_Handler
                0x0000000008001268                DMA1_Stream5_IRQHandler
                0x0000000008001268                SysTick_Handler
                0x0000000008001268                PVD_IRQHandler
                0x0000000008001268                SDIO_IRQHandler
                0x0000000008001268                TAMP_STAMP_IRQHandler
                0x0000000008001268                PendSV_Handler
                0x0000000008001268                NMI_Handler
                0x0000000008001268                CAN2_RX1_IRQHandler
                0x0000000008001268                EXTI3_IRQHandler
                0x0000000008001268                TIM8_TRG_COM_TIM14_IRQHandler
                0x0000000008001268                TIM1_UP_TIM10_IRQHandler
                0x0000000008001268                FMPI2C1_error_IRQHandler
                0x0000000008001268                TIM8_UP_TIM13_IRQHandler
                0x0000000008001268                I2C3_ER_IRQHandler
                0x0000000008001268                EXTI0_IRQHandler
                0x0000000008001268                I2C2_EV_IRQHandler
                0x0000000008001268                DMA1_Stream2_IRQHandler
                0x0000000008001268                CAN1_RX0_IRQHandler
                0x0000000008001268                FPU_IRQHandler
                0x0000000008001268                OTG_HS_WKUP_IRQHandler
                0x0000000008001268                UsageFault_Handler
                0x0000000008001268                CAN2_SCE_IRQHandler
                0x0000000008001268                DMA2_Stream2_IRQHandler
                0x0000000008001268                SPI1_IRQHandler
                0x0000000008001268                TIM6_DAC_IRQHandler
                0x0000000008001268                TIM1_BRK_TIM9_IRQHandler
                0x0000000008001268                DCMI_IRQHandler
                0x0000000008001268                CAN2_RX0_IRQHandler
                0x0000000008001268                DMA2_Stream3_IRQHandler
                0x0000000008001268                FMPI2C1_IRQHandler
                0x0000000008001268                SAI2_IRQHandler
                0x0000000008001268                USART6_IRQHandler
                0x0000000008001268                USART3_IRQHandler
                0x0000000008001268                CAN1_RX1_IRQHandler
                0x0000000008001268                UART5_IRQHandler
                0x0000000008001268                DMA2_Stream0_IRQHandler
                0x0000000008001268                TIM4_IRQHandler
                0x0000000008001268                I2C1_EV_IRQHandler
                0x0000000008001268                HDMI_CEC_IRQHandler
                0x0000000008001268                DMA1_Stream6_IRQHandler
                0x0000000008001268                DMA1_Stream1_IRQHandler
                0x0000000008001268                UART4_IRQHandler
                0x0000000008001268                TIM3_IRQHandler
                0x0000000008001268                RCC_IRQHandler
                0x0000000008001268                TIM8_BRK_TIM12_IRQHandler
                0x0000000008001268                Default_Handler
                0x0000000008001268                EXTI15_10_IRQHandler
                0x0000000008001268                ADC_IRQHandler
                0x0000000008001268                DMA1_Stream7_IRQHandler
                0x0000000008001268                TIM7_IRQHandler
                0x0000000008001268                CAN2_TX_IRQHandler
                0x0000000008001268                TIM5_IRQHandler
                0x0000000008001268                DMA2_Stream7_IRQHandler
                0x0000000008001268                I2C3_EV_IRQHandler
                0x0000000008001268                EXTI9_5_IRQHandler
                0x0000000008001268                RTC_WKUP_IRQHandler
                0x0000000008001268                SPI2_IRQHandler
                0x0000000008001268                OTG_HS_EP1_IN_IRQHandler
                0x0000000008001268                MemManage_Handler
                0x0000000008001268                DMA1_Stream0_IRQHandler
                0x0000000008001268                CAN1_TX_IRQHandler
                0x0000000008001268                SVC_Handler
                0x0000000008001268                EXTI4_IRQHandler
                0x0000000008001268                OTG_HS_EP1_OUT_IRQHandler
                0x0000000008001268                WWDG_IRQHandler
                0x0000000008001268                TIM2_IRQHandler
                0x0000000008001268                OTG_FS_WKUP_IRQHandler
                0x0000000008001268                TIM1_TRG_COM_TIM11_IRQHandler
                0x0000000008001268                OTG_HS_IRQHandler
                0x0000000008001268                EXTI1_IRQHandler
                0x0000000008001268                USART2_IRQHandler
                0x0000000008001268                I2C2_ER_IRQHandler
                0x0000000008001268                DMA2_Stream1_IRQHandler
                0x0000000008001268                CAN1_SCE_IRQHandler
                0x0000000008001268                FLASH_IRQHandler
                0x0000000008001268                DMA2_Stream4_IRQHandler
                0x0000000008001268                BusFault_Handler
                0x0000000008001268                USART1_IRQHandler
                0x0000000008001268                OTG_FS_IRQHandler
                0x0000000008001268                SPI3_IRQHandler
                0x0000000008001268                DMA1_Stream4_IRQHandler
                0x0000000008001268                I2C1_ER_IRQHandler
                0x0000000008001268                FMC_IRQHandler
                0x0000000008001268                DMA2_Stream6_IRQHandler
                0x0000000008001268                SAI1_IRQHandler
                0x0000000008001268                DMA1_Stream3_IRQHandler
 *fill*         0x000000000800126a        0x2 
 .text.__errno  0x000000000800126c        0xc c:/st/stm32cubeide_1.0.2/stm32cubeide/plugins/com.st.stm32cube.ide.mcu.externaltools.gnu-tools-for-stm32.7-2018-q2-update.win32_1.0.0.201904181610/tools/bin/../lib/gcc/arm-none-eabi/7.3.1/../../../../arm-none-eabi/lib/thumb/v7e-m\libc_nano.a(lib_a-errno.o)
                0x000000000800126c                __errno
 .text.__libc_init_array
                0x0000000008001278       0x48 c:/st/stm32cubeide_1.0.2/stm32cubeide/plugins/com.st.stm32cube.ide.mcu.externaltools.gnu-tools-for-stm32.7-2018-q2-update.win32_1.0.0.201904181610/tools/bin/../lib/gcc/arm-none-eabi/7.3.1/../../../../arm-none-eabi/lib/thumb/v7e-m\libc_nano.a(lib_a-init.o)
                0x0000000008001278                __libc_init_array
 .text.memset   0x00000000080012c0       0x10 c:/st/stm32cubeide_1.0.2/stm32cubeide/plugins/com.st.stm32cube.ide.mcu.externaltools.gnu-tools-for-stm32.7-2018-q2-update.win32_1.0.0.201904181610/tools/bin/../lib/gcc/arm-none-eabi/7.3.1/../../../../arm-none-eabi/lib/thumb/v7e-m\libc_nano.a(lib_a-memset.o)
                0x00000000080012c0                memset
 .text.__cvt    0x00000000080012d0       0xb8 c:/st/stm32cubeide_1.0.2/stm32cubeide/plugins/com.st.stm32cube.ide.mcu.externaltools.gnu-tools-for-stm32.7-2018-q2-update.win32_1.0.0.201904181610/tools/bin/../lib/gcc/arm-none-eabi/7.3.1/../../../../arm-none-eabi/lib/thumb/v7e-m\libc_nano.a(lib_a-nano-vfprintf_float.o)
                0x00000000080012d0                __cvt
 .text.__exponent
                0x0000000008001388       0x66 c:/st/stm32cubeide_1.0.2/stm32cubeide/plugins/com.st.stm32cube.ide.mcu.externaltools.gnu-tools-for-stm32.7-2018-q2-update.win32_1.0.0.201904181610/tools/bin/../lib/gcc/arm-none-eabi/7.3.1/../../../../arm-none-eabi/lib/thumb/v7e-m\libc_nano.a(lib_a-nano-vfprintf_float.o)
                0x0000000008001388                __exponent
 *fill*         0x00000000080013ee        0x2 
 .text._printf_float
                0x00000000080013f0      0x46c c:/st/stm32cubeide_1.0.2/stm32cubeide/plugins/com.st.stm32cube.ide.mcu.externaltools.gnu-tools-for-stm32.7-2018-q2-update.win32_1.0.0.201904181610/tools/bin/../lib/gcc/arm-none-eabi/7.3.1/../../../../arm-none-eabi/lib/thumb/v7e-m\libc_nano.a(lib_a-nano-vfprintf_float.o)
                0x00000000080013f0                _printf_float
 .text._printf_common
                0x000000000800185c       0xea c:/st/stm32cubeide_1.0.2/stm32cubeide/plugins/com.st.stm32cube.ide.mcu.externaltools.gnu-tools-for-stm32.7-2018-q2-update.win32_1.0.0.201904181610/tools/bin/../lib/gcc/arm-none-eabi/7.3.1/../../../../arm-none-eabi/lib/thumb/v7e-m\libc_nano.a(lib_a-nano-vfprintf_i.o)
                0x000000000800185c                _printf_common
 *fill*         0x0000000008001946        0x2 
 .text._printf_i
                0x0000000008001948      0x224 c:/st/stm32cubeide_1.0.2/stm32cubeide/plugins/com.st.stm32cube.ide.mcu.externaltools.gnu-tools-for-stm32.7-2018-q2-update.win32_1.0.0.201904181610/tools/bin/../lib/gcc/arm-none-eabi/7.3.1/../../../../arm-none-eabi/lib/thumb/v7e-m\libc_nano.a(lib_a-nano-vfprintf_i.o)
                0x0000000008001948                _printf_i
 .text._scanf_float
                0x0000000008001b6c      0x3bc c:/st/stm32cubeide_1.0.2/stm32cubeide/plugins/com.st.stm32cube.ide.mcu.externaltools.gnu-tools-for-stm32.7-2018-q2-update.win32_1.0.0.201904181610/tools/bin/../lib/gcc/arm-none-eabi/7.3.1/../../../../arm-none-eabi/lib/thumb/v7e-m\libc_nano.a(lib_a-nano-vfscanf_float.o)
                0x0000000008001b6c                _scanf_float
 .text.nanf     0x0000000008001f28        0x8 c:/st/stm32cubeide_1.0.2/stm32cubeide/plugins/com.st.stm32cube.ide.mcu.externaltools.gnu-tools-for-stm32.7-2018-q2-update.win32_1.0.0.201904181610/tools/bin/../lib/gcc/arm-none-eabi/7.3.1/../../../../arm-none-eabi/lib/thumb/v7e-m\libc_nano.a(lib_a-sf_nan.o)
                0x0000000008001f28                nanf
 .text.sprintf  0x0000000008001f30       0x40 c:/st/stm32cubeide_1.0.2/stm32cubeide/plugins/com.st.stm32cube.ide.mcu.externaltools.gnu-tools-for-stm32.7-2018-q2-update.win32_1.0.0.201904181610/tools/bin/../lib/gcc/arm-none-eabi/7.3.1/../../../../arm-none-eabi/lib/thumb/v7e-m\libc_nano.a(lib_a-sprintf.o)
                0x0000000008001f30                siprintf
                0x0000000008001f30                sprintf
 .text.unlikely.sulp
                0x0000000008001f70       0x42 c:/st/stm32cubeide_1.0.2/stm32cubeide/plugins/com.st.stm32cube.ide.mcu.externaltools.gnu-tools-for-stm32.7-2018-q2-update.win32_1.0.0.201904181610/tools/bin/../lib/gcc/arm-none-eabi/7.3.1/../../../../arm-none-eabi/lib/thumb/v7e-m\libc_nano.a(lib_a-strtod.o)
 *fill*         0x0000000008001fb2        0x6 
 .text._strtod_l
                0x0000000008001fb8      0xc00 c:/st/stm32cubeide_1.0.2/stm32cubeide/plugins/com.st.stm32cube.ide.mcu.externaltools.gnu-tools-for-stm32.7-2018-q2-update.win32_1.0.0.201904181610/tools/bin/../lib/gcc/arm-none-eabi/7.3.1/../../../../arm-none-eabi/lib/thumb/v7e-m\libc_nano.a(lib_a-strtod.o)
                0x0000000008001fb8                _strtod_l
 .text._strtod_r
                0x0000000008002bb8       0x20 c:/st/stm32cubeide_1.0.2/stm32cubeide/plugins/com.st.stm32cube.ide.mcu.externaltools.gnu-tools-for-stm32.7-2018-q2-update.win32_1.0.0.201904181610/tools/bin/../lib/gcc/arm-none-eabi/7.3.1/../../../../arm-none-eabi/lib/thumb/v7e-m\libc_nano.a(lib_a-strtod.o)
                0x0000000008002bb8                _strtod_r
 .text._strtol_l.isra.0
                0x0000000008002bd8       0xf6 c:/st/stm32cubeide_1.0.2/stm32cubeide/plugins/com.st.stm32cube.ide.mcu.externaltools.gnu-tools-for-stm32.7-2018-q2-update.win32_1.0.0.201904181610/tools/bin/../lib/gcc/arm-none-eabi/7.3.1/../../../../arm-none-eabi/lib/thumb/v7e-m\libc_nano.a(lib_a-strtol.o)
 *fill*         0x0000000008002cce        0x2 
 .text._strtol_r
                0x0000000008002cd0       0x24 c:/st/stm32cubeide_1.0.2/stm32cubeide/plugins/com.st.stm32cube.ide.mcu.externaltools.gnu-tools-for-stm32.7-2018-q2-update.win32_1.0.0.201904181610/tools/bin/../lib/gcc/arm-none-eabi/7.3.1/../../../../arm-none-eabi/lib/thumb/v7e-m\libc_nano.a(lib_a-strtol.o)
                0x0000000008002cd0                _strtol_r
 .text.quorem   0x0000000008002cf4      0x118 c:/st/stm32cubeide_1.0.2/stm32cubeide/plugins/com.st.stm32cube.ide.mcu.externaltools.gnu-tools-for-stm32.7-2018-q2-update.win32_1.0.0.201904181610/tools/bin/../lib/gcc/arm-none-eabi/7.3.1/../../../../arm-none-eabi/lib/thumb/v7e-m\libc_nano.a(lib_a-dtoa.o)
 *fill*         0x0000000008002e0c        0x4 
 .text._dtoa_r  0x0000000008002e10      0xb74 c:/st/stm32cubeide_1.0.2/stm32cubeide/plugins/com.st.stm32cube.ide.mcu.externaltools.gnu-tools-for-stm32.7-2018-q2-update.win32_1.0.0.201904181610/tools/bin/../lib/gcc/arm-none-eabi/7.3.1/../../../../arm-none-eabi/lib/thumb/v7e-m\libc_nano.a(lib_a-dtoa.o)
                0x0000000008002e10                _dtoa_r
 .text.rshift   0x0000000008003984       0x74 c:/st/stm32cubeide_1.0.2/stm32cubeide/plugins/com.st.stm32cube.ide.mcu.externaltools.gnu-tools-for-stm32.7-2018-q2-update.win32_1.0.0.201904181610/tools/bin/../lib/gcc/arm-none-eabi/7.3.1/../../../../arm-none-eabi/lib/thumb/v7e-m\libc_nano.a(lib_a-gdtoa-gethex.o)
 .text.__hexdig_fun
                0x00000000080039f8       0x2a c:/st/stm32cubeide_1.0.2/stm32cubeide/plugins/com.st.stm32cube.ide.mcu.externaltools.gnu-tools-for-stm32.7-2018-q2-update.win32_1.0.0.201904181610/tools/bin/../lib/gcc/arm-none-eabi/7.3.1/../../../../arm-none-eabi/lib/thumb/v7e-m\libc_nano.a(lib_a-gdtoa-gethex.o)
                0x00000000080039f8                __hexdig_fun
 .text.__gethex
                0x0000000008003a22      0x442 c:/st/stm32cubeide_1.0.2/stm32cubeide/plugins/com.st.stm32cube.ide.mcu.externaltools.gnu-tools-for-stm32.7-2018-q2-update.win32_1.0.0.201904181610/tools/bin/../lib/gcc/arm-none-eabi/7.3.1/../../../../arm-none-eabi/lib/thumb/v7e-m\libc_nano.a(lib_a-gdtoa-gethex.o)
                0x0000000008003a22                __gethex
 .text.L_shift  0x0000000008003e64       0x24 c:/st/stm32cubeide_1.0.2/stm32cubeide/plugins/com.st.stm32cube.ide.mcu.externaltools.gnu-tools-for-stm32.7-2018-q2-update.win32_1.0.0.201904181610/tools/bin/../lib/gcc/arm-none-eabi/7.3.1/../../../../arm-none-eabi/lib/thumb/v7e-m\libc_nano.a(lib_a-gdtoa-hexnan.o)
 .text.__match  0x0000000008003e88       0x28 c:/st/stm32cubeide_1.0.2/stm32cubeide/plugins/com.st.stm32cube.ide.mcu.externaltools.gnu-tools-for-stm32.7-2018-q2-update.win32_1.0.0.201904181610/tools/bin/../lib/gcc/arm-none-eabi/7.3.1/../../../../arm-none-eabi/lib/thumb/v7e-m\libc_nano.a(lib_a-gdtoa-hexnan.o)
                0x0000000008003e88                __match
 .text.__hexnan
                0x0000000008003eb0      0x120 c:/st/stm32cubeide_1.0.2/stm32cubeide/plugins/com.st.stm32cube.ide.mcu.externaltools.gnu-tools-for-stm32.7-2018-q2-update.win32_1.0.0.201904181610/tools/bin/../lib/gcc/arm-none-eabi/7.3.1/../../../../arm-none-eabi/lib/thumb/v7e-m\libc_nano.a(lib_a-gdtoa-hexnan.o)
                0x0000000008003eb0                __hexnan
 .text.__locale_ctype_ptr_l
                0x0000000008003fd0        0x6 c:/st/stm32cubeide_1.0.2/stm32cubeide/plugins/com.st.stm32cube.ide.mcu.externaltools.gnu-tools-for-stm32.7-2018-q2-update.win32_1.0.0.201904181610/tools/bin/../lib/gcc/arm-none-eabi/7.3.1/../../../../arm-none-eabi/lib/thumb/v7e-m\libc_nano.a(lib_a-locale.o)
                0x0000000008003fd0                __locale_ctype_ptr_l
 .text.__localeconv_l
                0x0000000008003fd6        0x4 c:/st/stm32cubeide_1.0.2/stm32cubeide/plugins/com.st.stm32cube.ide.mcu.externaltools.gnu-tools-for-stm32.7-2018-q2-update.win32_1.0.0.201904181610/tools/bin/../lib/gcc/arm-none-eabi/7.3.1/../../../../arm-none-eabi/lib/thumb/v7e-m\libc_nano.a(lib_a-localeconv.o)
                0x0000000008003fd6                __localeconv_l
 *fill*         0x0000000008003fda        0x2 
 .text._localeconv_r
                0x0000000008003fdc       0x1c c:/st/stm32cubeide_1.0.2/stm32cubeide/plugins/com.st.stm32cube.ide.mcu.externaltools.gnu-tools-for-stm32.7-2018-q2-update.win32_1.0.0.201904181610/tools/bin/../lib/gcc/arm-none-eabi/7.3.1/../../../../arm-none-eabi/lib/thumb/v7e-m\libc_nano.a(lib_a-localeconv.o)
                0x0000000008003fdc                _localeconv_r
 .text.malloc   0x0000000008003ff8       0x10 c:/st/stm32cubeide_1.0.2/stm32cubeide/plugins/com.st.stm32cube.ide.mcu.externaltools.gnu-tools-for-stm32.7-2018-q2-update.win32_1.0.0.201904181610/tools/bin/../lib/gcc/arm-none-eabi/7.3.1/../../../../arm-none-eabi/lib/thumb/v7e-m\libc_nano.a(lib_a-malloc.o)
                0x0000000008003ff8                malloc
 .text.__ascii_mbtowc
                0x0000000008004008       0x24 c:/st/stm32cubeide_1.0.2/stm32cubeide/plugins/com.st.stm32cube.ide.mcu.externaltools.gnu-tools-for-stm32.7-2018-q2-update.win32_1.0.0.201904181610/tools/bin/../lib/gcc/arm-none-eabi/7.3.1/../../../../arm-none-eabi/lib/thumb/v7e-m\libc_nano.a(lib_a-mbtowc_r.o)
                0x0000000008004008                __ascii_mbtowc
 .text.memcpy   0x000000000800402c       0x16 c:/st/stm32cubeide_1.0.2/stm32cubeide/plugins/com.st.stm32cube.ide.mcu.externaltools.gnu-tools-for-stm32.7-2018-q2-update.win32_1.0.0.201904181610/tools/bin/../lib/gcc/arm-none-eabi/7.3.1/../../../../arm-none-eabi/lib/thumb/v7e-m\libc_nano.a(lib_a-memcpy-stub.o)
                0x000000000800402c                memcpy
 .text._Balloc  0x0000000008004042       0x68 c:/st/stm32cubeide_1.0.2/stm32cubeide/plugins/com.st.stm32cube.ide.mcu.externaltools.gnu-tools-for-stm32.7-2018-q2-update.win32_1.0.0.201904181610/tools/bin/../lib/gcc/arm-none-eabi/7.3.1/../../../../arm-none-eabi/lib/thumb/v7e-m\libc_nano.a(lib_a-mprec.o)
                0x0000000008004042                _Balloc
 .text._Bfree   0x00000000080040aa       0x2e c:/st/stm32cubeide_1.0.2/stm32cubeide/plugins/com.st.stm32cube.ide.mcu.externaltools.gnu-tools-for-stm32.7-2018-q2-update.win32_1.0.0.201904181610/tools/bin/../lib/gcc/arm-none-eabi/7.3.1/../../../../arm-none-eabi/lib/thumb/v7e-m\libc_nano.a(lib_a-mprec.o)
                0x00000000080040aa                _Bfree
 .text.__multadd
                0x00000000080040d8       0x76 c:/st/stm32cubeide_1.0.2/stm32cubeide/plugins/com.st.stm32cube.ide.mcu.externaltools.gnu-tools-for-stm32.7-2018-q2-update.win32_1.0.0.201904181610/tools/bin/../lib/gcc/arm-none-eabi/7.3.1/../../../../arm-none-eabi/lib/thumb/v7e-m\libc_nano.a(lib_a-mprec.o)
                0x00000000080040d8                __multadd
 .text.__s2b    0x000000000800414e       0x7c c:/st/stm32cubeide_1.0.2/stm32cubeide/plugins/com.st.stm32cube.ide.mcu.externaltools.gnu-tools-for-stm32.7-2018-q2-update.win32_1.0.0.201904181610/tools/bin/../lib/gcc/arm-none-eabi/7.3.1/../../../../arm-none-eabi/lib/thumb/v7e-m\libc_nano.a(lib_a-mprec.o)
                0x000000000800414e                __s2b
 .text.__hi0bits
                0x00000000080041ca       0x3e c:/st/stm32cubeide_1.0.2/stm32cubeide/plugins/com.st.stm32cube.ide.mcu.externaltools.gnu-tools-for-stm32.7-2018-q2-update.win32_1.0.0.201904181610/tools/bin/../lib/gcc/arm-none-eabi/7.3.1/../../../../arm-none-eabi/lib/thumb/v7e-m\libc_nano.a(lib_a-mprec.o)
                0x00000000080041ca                __hi0bits
 .text.__lo0bits
                0x0000000008004208       0x5e c:/st/stm32cubeide_1.0.2/stm32cubeide/plugins/com.st.stm32cube.ide.mcu.externaltools.gnu-tools-for-stm32.7-2018-q2-update.win32_1.0.0.201904181610/tools/bin/../lib/gcc/arm-none-eabi/7.3.1/../../../../arm-none-eabi/lib/thumb/v7e-m\libc_nano.a(lib_a-mprec.o)
                0x0000000008004208                __lo0bits
 .text.__i2b    0x0000000008004266       0x12 c:/st/stm32cubeide_1.0.2/stm32cubeide/plugins/com.st.stm32cube.ide.mcu.externaltools.gnu-tools-for-stm32.7-2018-q2-update.win32_1.0.0.201904181610/tools/bin/../lib/gcc/arm-none-eabi/7.3.1/../../../../arm-none-eabi/lib/thumb/v7e-m\libc_nano.a(lib_a-mprec.o)
                0x0000000008004266                __i2b
 .text.__multiply
                0x0000000008004278      0x12c c:/st/stm32cubeide_1.0.2/stm32cubeide/plugins/com.st.stm32cube.ide.mcu.externaltools.gnu-tools-for-stm32.7-2018-q2-update.win32_1.0.0.201904181610/tools/bin/../lib/gcc/arm-none-eabi/7.3.1/../../../../arm-none-eabi/lib/thumb/v7e-m\libc_nano.a(lib_a-mprec.o)
                0x0000000008004278                __multiply
 .text.__pow5mult
                0x00000000080043a4       0x9c c:/st/stm32cubeide_1.0.2/stm32cubeide/plugins/com.st.stm32cube.ide.mcu.externaltools.gnu-tools-for-stm32.7-2018-q2-update.win32_1.0.0.201904181610/tools/bin/../lib/gcc/arm-none-eabi/7.3.1/../../../../arm-none-eabi/lib/thumb/v7e-m\libc_nano.a(lib_a-mprec.o)
                0x00000000080043a4                __pow5mult
 .text.__lshift
                0x0000000008004440       0xa8 c:/st/stm32cubeide_1.0.2/stm32cubeide/plugins/com.st.stm32cube.ide.mcu.externaltools.gnu-tools-for-stm32.7-2018-q2-update.win32_1.0.0.201904181610/tools/bin/../lib/gcc/arm-none-eabi/7.3.1/../../../../arm-none-eabi/lib/thumb/v7e-m\libc_nano.a(lib_a-mprec.o)
                0x0000000008004440                __lshift
 .text.__mcmp   0x00000000080044e8       0x34 c:/st/stm32cubeide_1.0.2/stm32cubeide/plugins/com.st.stm32cube.ide.mcu.externaltools.gnu-tools-for-stm32.7-2018-q2-update.win32_1.0.0.201904181610/tools/bin/../lib/gcc/arm-none-eabi/7.3.1/../../../../arm-none-eabi/lib/thumb/v7e-m\libc_nano.a(lib_a-mprec.o)
                0x00000000080044e8                __mcmp
 .text.__mdiff  0x000000000800451c       0xba c:/st/stm32cubeide_1.0.2/stm32cubeide/plugins/com.st.stm32cube.ide.mcu.externaltools.gnu-tools-for-stm32.7-2018-q2-update.win32_1.0.0.201904181610/tools/bin/../lib/gcc/arm-none-eabi/7.3.1/../../../../arm-none-eabi/lib/thumb/v7e-m\libc_nano.a(lib_a-mprec.o)
                0x000000000800451c                __mdiff
 *fill*         0x00000000080045d6        0x2 
 .text.__ulp    0x00000000080045d8       0x48 c:/st/stm32cubeide_1.0.2/stm32cubeide/plugins/com.st.stm32cube.ide.mcu.externaltools.gnu-tools-for-stm32.7-2018-q2-update.win32_1.0.0.201904181610/tools/bin/../lib/gcc/arm-none-eabi/7.3.1/../../../../arm-none-eabi/lib/thumb/v7e-m\libc_nano.a(lib_a-mprec.o)
                0x00000000080045d8                __ulp
 .text.__b2d    0x0000000008004620       0xa4 c:/st/stm32cubeide_1.0.2/stm32cubeide/plugins/com.st.stm32cube.ide.mcu.externaltools.gnu-tools-for-stm32.7-2018-q2-update.win32_1.0.0.201904181610/tools/bin/../lib/gcc/arm-none-eabi/7.3.1/../../../../arm-none-eabi/lib/thumb/v7e-m\libc_nano.a(lib_a-mprec.o)
                0x0000000008004620                __b2d
 .text.__d2b    0x00000000080046c4       0x9e c:/st/stm32cubeide_1.0.2/stm32cubeide/plugins/com.st.stm32cube.ide.mcu.externaltools.gnu-tools-for-stm32.7-2018-q2-update.win32_1.0.0.201904181610/tools/bin/../lib/gcc/arm-none-eabi/7.3.1/../../../../arm-none-eabi/lib/thumb/v7e-m\libc_nano.a(lib_a-mprec.o)
                0x00000000080046c4                __d2b
 .text.__ratio  0x0000000008004762       0x5c c:/st/stm32cubeide_1.0.2/stm32cubeide/plugins/com.st.stm32cube.ide.mcu.externaltools.gnu-tools-for-stm32.7-2018-q2-update.win32_1.0.0.201904181610/tools/bin/../lib/gcc/arm-none-eabi/7.3.1/../../../../arm-none-eabi/lib/thumb/v7e-m\libc_nano.a(lib_a-mprec.o)
                0x0000000008004762                __ratio
 .text.__copybits
                0x00000000080047be       0x34 c:/st/stm32cubeide_1.0.2/stm32cubeide/plugins/com.st.stm32cube.ide.mcu.externaltools.gnu-tools-for-stm32.7-2018-q2-update.win32_1.0.0.201904181610/tools/bin/../lib/gcc/arm-none-eabi/7.3.1/../../../../arm-none-eabi/lib/thumb/v7e-m\libc_nano.a(lib_a-mprec.o)
                0x00000000080047be                __copybits
 .text.__any_on
                0x00000000080047f2       0x42 c:/st/stm32cubeide_1.0.2/stm32cubeide/plugins/com.st.stm32cube.ide.mcu.externaltools.gnu-tools-for-stm32.7-2018-q2-update.win32_1.0.0.201904181610/tools/bin/../lib/gcc/arm-none-eabi/7.3.1/../../../../arm-none-eabi/lib/thumb/v7e-m\libc_nano.a(lib_a-mprec.o)
                0x00000000080047f2                __any_on
 .text._calloc_r
                0x0000000008004834       0x1c c:/st/stm32cubeide_1.0.2/stm32cubeide/plugins/com.st.stm32cube.ide.mcu.externaltools.gnu-tools-for-stm32.7-2018-q2-update.win32_1.0.0.201904181610/tools/bin/../lib/gcc/arm-none-eabi/7.3.1/../../../../arm-none-eabi/lib/thumb/v7e-m\libc_nano.a(lib_a-nano-callocr.o)
                0x0000000008004834                _calloc_r
 .text._free_r  0x0000000008004850       0x9c c:/st/stm32cubeide_1.0.2/stm32cubeide/plugins/com.st.stm32cube.ide.mcu.externaltools.gnu-tools-for-stm32.7-2018-q2-update.win32_1.0.0.201904181610/tools/bin/../lib/gcc/arm-none-eabi/7.3.1/../../../../arm-none-eabi/lib/thumb/v7e-m\libc_nano.a(lib_a-nano-freer.o)
                0x0000000008004850                _free_r
 .text._malloc_r
                0x00000000080048ec       0xb4 c:/st/stm32cubeide_1.0.2/stm32cubeide/plugins/com.st.stm32cube.ide.mcu.externaltools.gnu-tools-for-stm32.7-2018-q2-update.win32_1.0.0.201904181610/tools/bin/../lib/gcc/arm-none-eabi/7.3.1/../../../../arm-none-eabi/lib/thumb/v7e-m\libc_nano.a(lib_a-nano-mallocr.o)
                0x00000000080048ec                _malloc_r
 .text.__ssputs_r
                0x00000000080049a0       0xb4 c:/st/stm32cubeide_1.0.2/stm32cubeide/plugins/com.st.stm32cube.ide.mcu.externaltools.gnu-tools-for-stm32.7-2018-q2-update.win32_1.0.0.201904181610/tools/bin/../lib/gcc/arm-none-eabi/7.3.1/../../../../arm-none-eabi/lib/thumb/v7e-m\libc_nano.a(lib_a-nano-svfprintf.o)
                0x00000000080049a0                __ssputs_r
 .text._svfprintf_r
                0x0000000008004a54      0x1f0 c:/st/stm32cubeide_1.0.2/stm32cubeide/plugins/com.st.stm32cube.ide.mcu.externaltools.gnu-tools-for-stm32.7-2018-q2-update.win32_1.0.0.201904181610/tools/bin/../lib/gcc/arm-none-eabi/7.3.1/../../../../arm-none-eabi/lib/thumb/v7e-m\libc_nano.a(lib_a-nano-svfprintf.o)
                0x0000000008004a54                _svfiprintf_r
                0x0000000008004a54                _svfprintf_r
 .text._sbrk_r  0x0000000008004c44       0x20 c:/st/stm32cubeide_1.0.2/stm32cubeide/plugins/com.st.stm32cube.ide.mcu.externaltools.gnu-tools-for-stm32.7-2018-q2-update.win32_1.0.0.201904181610/tools/bin/../lib/gcc/arm-none-eabi/7.3.1/../../../../arm-none-eabi/lib/thumb/v7e-m\libc_nano.a(lib_a-sbrkr.o)
                0x0000000008004c44                _sbrk_r
 .text.strncmp  0x0000000008004c64       0x24 c:/st/stm32cubeide_1.0.2/stm32cubeide/plugins/com.st.stm32cube.ide.mcu.externaltools.gnu-tools-for-stm32.7-2018-q2-update.win32_1.0.0.201904181610/tools/bin/../lib/gcc/arm-none-eabi/7.3.1/../../../../arm-none-eabi/lib/thumb/v7e-m\libc_nano.a(lib_a-strncmp.o)
                0x0000000008004c64                strncmp
 .text.__ascii_wctomb
                0x0000000008004c88       0x1a c:/st/stm32cubeide_1.0.2/stm32cubeide/plugins/com.st.stm32cube.ide.mcu.externaltools.gnu-tools-for-stm32.7-2018-q2-update.win32_1.0.0.201904181610/tools/bin/../lib/gcc/arm-none-eabi/7.3.1/../../../../arm-none-eabi/lib/thumb/v7e-m\libc_nano.a(lib_a-wctomb_r.o)
                0x0000000008004c88                __ascii_wctomb
 .text.memmove  0x0000000008004ca2       0x32 c:/st/stm32cubeide_1.0.2/stm32cubeide/plugins/com.st.stm32cube.ide.mcu.externaltools.gnu-tools-for-stm32.7-2018-q2-update.win32_1.0.0.201904181610/tools/bin/../lib/gcc/arm-none-eabi/7.3.1/../../../../arm-none-eabi/lib/thumb/v7e-m\libc_nano.a(lib_a-memmove.o)
                0x0000000008004ca2                memmove
 .text.__malloc_lock
                0x0000000008004cd4        0x2 c:/st/stm32cubeide_1.0.2/stm32cubeide/plugins/com.st.stm32cube.ide.mcu.externaltools.gnu-tools-for-stm32.7-2018-q2-update.win32_1.0.0.201904181610/tools/bin/../lib/gcc/arm-none-eabi/7.3.1/../../../../arm-none-eabi/lib/thumb/v7e-m\libc_nano.a(lib_a-mlock.o)
                0x0000000008004cd4                __malloc_lock
 .text.__malloc_unlock
                0x0000000008004cd6        0x2 c:/st/stm32cubeide_1.0.2/stm32cubeide/plugins/com.st.stm32cube.ide.mcu.externaltools.gnu-tools-for-stm32.7-2018-q2-update.win32_1.0.0.201904181610/tools/bin/../lib/gcc/arm-none-eabi/7.3.1/../../../../arm-none-eabi/lib/thumb/v7e-m\libc_nano.a(lib_a-mlock.o)
                0x0000000008004cd6                __malloc_unlock
 .text._realloc_r
                0x0000000008004cd8       0x4c c:/st/stm32cubeide_1.0.2/stm32cubeide/plugins/com.st.stm32cube.ide.mcu.externaltools.gnu-tools-for-stm32.7-2018-q2-update.win32_1.0.0.201904181610/tools/bin/../lib/gcc/arm-none-eabi/7.3.1/../../../../arm-none-eabi/lib/thumb/v7e-m\libc_nano.a(lib_a-nano-reallocr.o)
                0x0000000008004cd8                _realloc_r
 .text._malloc_usable_size_r
                0x0000000008004d24       0x10 c:/st/stm32cubeide_1.0.2/stm32cubeide/plugins/com.st.stm32cube.ide.mcu.externaltools.gnu-tools-for-stm32.7-2018-q2-update.win32_1.0.0.201904181610/tools/bin/../lib/gcc/arm-none-eabi/7.3.1/../../../../arm-none-eabi/lib/thumb/v7e-m\libc_nano.a(lib_a-nano-msizer.o)
                0x0000000008004d24                _malloc_usable_size_r
 *(.glue_7)
 .glue_7        0x0000000008004d34        0x0 linker stubs
 *(.glue_7t)
 .glue_7t       0x0000000008004d34        0x0 linker stubs
 *(.eh_frame)
 .eh_frame      0x0000000008004d34        0x0 c:/st/stm32cubeide_1.0.2/stm32cubeide/plugins/com.st.stm32cube.ide.mcu.externaltools.gnu-tools-for-stm32.7-2018-q2-update.win32_1.0.0.201904181610/tools/bin/../lib/gcc/arm-none-eabi/7.3.1/thumb/v7e-m/crtbegin.o
 *(.init)
 .init          0x0000000008004d34        0x4 c:/st/stm32cubeide_1.0.2/stm32cubeide/plugins/com.st.stm32cube.ide.mcu.externaltools.gnu-tools-for-stm32.7-2018-q2-update.win32_1.0.0.201904181610/tools/bin/../lib/gcc/arm-none-eabi/7.3.1/thumb/v7e-m/crti.o
                0x0000000008004d34                _init
 .init          0x0000000008004d38        0x8 c:/st/stm32cubeide_1.0.2/stm32cubeide/plugins/com.st.stm32cube.ide.mcu.externaltools.gnu-tools-for-stm32.7-2018-q2-update.win32_1.0.0.201904181610/tools/bin/../lib/gcc/arm-none-eabi/7.3.1/thumb/v7e-m/crtn.o
 *(.fini)
 .fini          0x0000000008004d40        0x4 c:/st/stm32cubeide_1.0.2/stm32cubeide/plugins/com.st.stm32cube.ide.mcu.externaltools.gnu-tools-for-stm32.7-2018-q2-update.win32_1.0.0.201904181610/tools/bin/../lib/gcc/arm-none-eabi/7.3.1/thumb/v7e-m/crti.o
                0x0000000008004d40                _fini
 .fini          0x0000000008004d44        0x8 c:/st/stm32cubeide_1.0.2/stm32cubeide/plugins/com.st.stm32cube.ide.mcu.externaltools.gnu-tools-for-stm32.7-2018-q2-update.win32_1.0.0.201904181610/tools/bin/../lib/gcc/arm-none-eabi/7.3.1/thumb/v7e-m/crtn.o
                0x0000000008004d4c                . = ALIGN (0x4)
                0x0000000008004d4c                _etext = .

.vfp11_veneer   0x0000000008004d4c        0x0
 .vfp11_veneer  0x0000000008004d4c        0x0 linker stubs

.v4_bx          0x0000000008004d4c        0x0
 .v4_bx         0x0000000008004d4c        0x0 linker stubs

.iplt           0x0000000008004d4c        0x0
 .iplt          0x0000000008004d4c        0x0 c:/st/stm32cubeide_1.0.2/stm32cubeide/plugins/com.st.stm32cube.ide.mcu.externaltools.gnu-tools-for-stm32.7-2018-q2-update.win32_1.0.0.201904181610/tools/bin/../lib/gcc/arm-none-eabi/7.3.1/thumb/v7e-m/crtbegin.o

.rodata         0x0000000008004d50      0x338
                0x0000000008004d50                . = ALIGN (0x4)
 *(.rodata)
 .rodata        0x0000000008004d50        0x7 Src/lcd.o
 *(.rodata*)
 *fill*         0x0000000008004d57        0x1 
 .rodata.keys.4250
                0x0000000008004d58       0x10 Src/keypad.o
 .rodata._printf_float.str1.1
                0x0000000008004d68       0x12 c:/st/stm32cubeide_1.0.2/stm32cubeide/plugins/com.st.stm32cube.ide.mcu.externaltools.gnu-tools-for-stm32.7-2018-q2-update.win32_1.0.0.201904181610/tools/bin/../lib/gcc/arm-none-eabi/7.3.1/../../../../arm-none-eabi/lib/thumb/v7e-m\libc_nano.a(lib_a-nano-vfprintf_float.o)
 .rodata._printf_i.str1.1
                0x0000000008004d7a       0x22 c:/st/stm32cubeide_1.0.2/stm32cubeide/plugins/com.st.stm32cube.ide.mcu.externaltools.gnu-tools-for-stm32.7-2018-q2-update.win32_1.0.0.201904181610/tools/bin/../lib/gcc/arm-none-eabi/7.3.1/../../../../arm-none-eabi/lib/thumb/v7e-m\libc_nano.a(lib_a-nano-vfprintf_i.o)
 .rodata._scanf_float.str1.1
                0x0000000008004d9c        0x5 c:/st/stm32cubeide_1.0.2/stm32cubeide/plugins/com.st.stm32cube.ide.mcu.externaltools.gnu-tools-for-stm32.7-2018-q2-update.win32_1.0.0.201904181610/tools/bin/../lib/gcc/arm-none-eabi/7.3.1/../../../../arm-none-eabi/lib/thumb/v7e-m\libc_nano.a(lib_a-nano-vfscanf_float.o)
 .rodata._strtod_l.str1.1
                0x0000000008004da1        0x5 c:/st/stm32cubeide_1.0.2/stm32cubeide/plugins/com.st.stm32cube.ide.mcu.externaltools.gnu-tools-for-stm32.7-2018-q2-update.win32_1.0.0.201904181610/tools/bin/../lib/gcc/arm-none-eabi/7.3.1/../../../../arm-none-eabi/lib/thumb/v7e-m\libc_nano.a(lib_a-strtod.o)
                                          0xc (size before relaxing)
 *fill*         0x0000000008004da1        0x3 
 .rodata.fpi.6160
                0x0000000008004da4       0x14 c:/st/stm32cubeide_1.0.2/stm32cubeide/plugins/com.st.stm32cube.ide.mcu.externaltools.gnu-tools-for-stm32.7-2018-q2-update.win32_1.0.0.201904181610/tools/bin/../lib/gcc/arm-none-eabi/7.3.1/../../../../arm-none-eabi/lib/thumb/v7e-m\libc_nano.a(lib_a-strtod.o)
 .rodata.fpinan.6196
                0x0000000008004db8       0x14 c:/st/stm32cubeide_1.0.2/stm32cubeide/plugins/com.st.stm32cube.ide.mcu.externaltools.gnu-tools-for-stm32.7-2018-q2-update.win32_1.0.0.201904181610/tools/bin/../lib/gcc/arm-none-eabi/7.3.1/../../../../arm-none-eabi/lib/thumb/v7e-m\libc_nano.a(lib_a-strtod.o)
 *fill*         0x0000000008004dcc        0x4 
 .rodata.tinytens
                0x0000000008004dd0       0x28 c:/st/stm32cubeide_1.0.2/stm32cubeide/plugins/com.st.stm32cube.ide.mcu.externaltools.gnu-tools-for-stm32.7-2018-q2-update.win32_1.0.0.201904181610/tools/bin/../lib/gcc/arm-none-eabi/7.3.1/../../../../arm-none-eabi/lib/thumb/v7e-m\libc_nano.a(lib_a-strtod.o)
 .rodata._dtoa_r.str1.1
                0x0000000008004df8        0xd c:/st/stm32cubeide_1.0.2/stm32cubeide/plugins/com.st.stm32cube.ide.mcu.externaltools.gnu-tools-for-stm32.7-2018-q2-update.win32_1.0.0.201904181610/tools/bin/../lib/gcc/arm-none-eabi/7.3.1/../../../../arm-none-eabi/lib/thumb/v7e-m\libc_nano.a(lib_a-dtoa.o)
                                          0xf (size before relaxing)
 *fill*         0x0000000008004e05        0x3 
 .rodata.__sf_fake_stderr
                0x0000000008004e08       0x20 c:/st/stm32cubeide_1.0.2/stm32cubeide/plugins/com.st.stm32cube.ide.mcu.externaltools.gnu-tools-for-stm32.7-2018-q2-update.win32_1.0.0.201904181610/tools/bin/../lib/gcc/arm-none-eabi/7.3.1/../../../../arm-none-eabi/lib/thumb/v7e-m\libc_nano.a(lib_a-findfp.o)
                0x0000000008004e08                __sf_fake_stderr
 .rodata.__sf_fake_stdin
                0x0000000008004e28       0x20 c:/st/stm32cubeide_1.0.2/stm32cubeide/plugins/com.st.stm32cube.ide.mcu.externaltools.gnu-tools-for-stm32.7-2018-q2-update.win32_1.0.0.201904181610/tools/bin/../lib/gcc/arm-none-eabi/7.3.1/../../../../arm-none-eabi/lib/thumb/v7e-m\libc_nano.a(lib_a-findfp.o)
                0x0000000008004e28                __sf_fake_stdin
 .rodata.__sf_fake_stdout
                0x0000000008004e48       0x20 c:/st/stm32cubeide_1.0.2/stm32cubeide/plugins/com.st.stm32cube.ide.mcu.externaltools.gnu-tools-for-stm32.7-2018-q2-update.win32_1.0.0.201904181610/tools/bin/../lib/gcc/arm-none-eabi/7.3.1/../../../../arm-none-eabi/lib/thumb/v7e-m\libc_nano.a(lib_a-findfp.o)
                0x0000000008004e48                __sf_fake_stdout
 .rodata._setlocale_r.str1.1
                0x0000000008004e68        0x8 c:/st/stm32cubeide_1.0.2/stm32cubeide/plugins/com.st.stm32cube.ide.mcu.externaltools.gnu-tools-for-stm32.7-2018-q2-update.win32_1.0.0.201904181610/tools/bin/../lib/gcc/arm-none-eabi/7.3.1/../../../../arm-none-eabi/lib/thumb/v7e-m\libc_nano.a(lib_a-locale.o)
                                          0x9 (size before relaxing)
 .rodata.str1.1
                0x0000000008004e70        0x2 c:/st/stm32cubeide_1.0.2/stm32cubeide/plugins/com.st.stm32cube.ide.mcu.externaltools.gnu-tools-for-stm32.7-2018-q2-update.win32_1.0.0.201904181610/tools/bin/../lib/gcc/arm-none-eabi/7.3.1/../../../../arm-none-eabi/lib/thumb/v7e-m\libc_nano.a(lib_a-locale.o)
 *fill*         0x0000000008004e72        0x6 
 .rodata.__mprec_bigtens
                0x0000000008004e78       0x28 c:/st/stm32cubeide_1.0.2/stm32cubeide/plugins/com.st.stm32cube.ide.mcu.externaltools.gnu-tools-for-stm32.7-2018-q2-update.win32_1.0.0.201904181610/tools/bin/../lib/gcc/arm-none-eabi/7.3.1/../../../../arm-none-eabi/lib/thumb/v7e-m\libc_nano.a(lib_a-mprec.o)
                0x0000000008004e78                __mprec_bigtens
 .rodata.__mprec_tens
                0x0000000008004ea0       0xc8 c:/st/stm32cubeide_1.0.2/stm32cubeide/plugins/com.st.stm32cube.ide.mcu.externaltools.gnu-tools-for-stm32.7-2018-q2-update.win32_1.0.0.201904181610/tools/bin/../lib/gcc/arm-none-eabi/7.3.1/../../../../arm-none-eabi/lib/thumb/v7e-m\libc_nano.a(lib_a-mprec.o)
                0x0000000008004ea0                __mprec_tens
 .rodata.p05.6084
                0x0000000008004f68        0xc c:/st/stm32cubeide_1.0.2/stm32cubeide/plugins/com.st.stm32cube.ide.mcu.externaltools.gnu-tools-for-stm32.7-2018-q2-update.win32_1.0.0.201904181610/tools/bin/../lib/gcc/arm-none-eabi/7.3.1/../../../../arm-none-eabi/lib/thumb/v7e-m\libc_nano.a(lib_a-mprec.o)
 .rodata._svfprintf_r.str1.1
                0x0000000008004f74       0x11 c:/st/stm32cubeide_1.0.2/stm32cubeide/plugins/com.st.stm32cube.ide.mcu.externaltools.gnu-tools-for-stm32.7-2018-q2-update.win32_1.0.0.201904181610/tools/bin/../lib/gcc/arm-none-eabi/7.3.1/../../../../arm-none-eabi/lib/thumb/v7e-m\libc_nano.a(lib_a-nano-svfprintf.o)
 .rodata._ctype_
                0x0000000008004f85      0x101 c:/st/stm32cubeide_1.0.2/stm32cubeide/plugins/com.st.stm32cube.ide.mcu.externaltools.gnu-tools-for-stm32.7-2018-q2-update.win32_1.0.0.201904181610/tools/bin/../lib/gcc/arm-none-eabi/7.3.1/../../../../arm-none-eabi/lib/thumb/v7e-m\libc_nano.a(lib_a-ctype_.o)
                0x0000000008004f85                _ctype_
                0x0000000008005088                . = ALIGN (0x4)
 *fill*         0x0000000008005086        0x2 

.rel.dyn        0x0000000008005088        0x0
 .rel.iplt      0x0000000008005088        0x0 c:/st/stm32cubeide_1.0.2/stm32cubeide/plugins/com.st.stm32cube.ide.mcu.externaltools.gnu-tools-for-stm32.7-2018-q2-update.win32_1.0.0.201904181610/tools/bin/../lib/gcc/arm-none-eabi/7.3.1/thumb/v7e-m/crtbegin.o

.ARM.extab      0x0000000008005088        0x0
                0x0000000008005088                . = ALIGN (0x4)
 *(.ARM.extab* .gnu.linkonce.armextab.*)
                0x0000000008005088                . = ALIGN (0x4)

.ARM            0x0000000008005088        0x0
                0x0000000008005088                . = ALIGN (0x4)
                0x0000000008005088                __exidx_start = .
 *(.ARM.exidx*)
                0x0000000008005088                __exidx_end = .
                0x0000000008005088                . = ALIGN (0x4)

.preinit_array  0x0000000008005088        0x0
                0x0000000008005088                . = ALIGN (0x4)
                0x0000000008005088                PROVIDE (__preinit_array_start = .)
 *(.preinit_array*)
                0x0000000008005088                PROVIDE (__preinit_array_end = .)
                0x0000000008005088                . = ALIGN (0x4)

.init_array     0x0000000008005088        0x4
                0x0000000008005088                . = ALIGN (0x4)
                0x0000000008005088                PROVIDE (__init_array_start = .)
 *(SORT_BY_NAME(.init_array.*))
 *(.init_array*)
 .init_array    0x0000000008005088        0x4 c:/st/stm32cubeide_1.0.2/stm32cubeide/plugins/com.st.stm32cube.ide.mcu.externaltools.gnu-tools-for-stm32.7-2018-q2-update.win32_1.0.0.201904181610/tools/bin/../lib/gcc/arm-none-eabi/7.3.1/thumb/v7e-m/crtbegin.o
                0x000000000800508c                PROVIDE (__init_array_end = .)
                0x000000000800508c                . = ALIGN (0x4)

.fini_array     0x000000000800508c        0x4
                0x000000000800508c                . = ALIGN (0x4)
                [!provide]                        PROVIDE (__fini_array_start = .)
 *(SORT_BY_NAME(.fini_array.*))
 *(.fini_array*)
 .fini_array    0x000000000800508c        0x4 c:/st/stm32cubeide_1.0.2/stm32cubeide/plugins/com.st.stm32cube.ide.mcu.externaltools.gnu-tools-for-stm32.7-2018-q2-update.win32_1.0.0.201904181610/tools/bin/../lib/gcc/arm-none-eabi/7.3.1/thumb/v7e-m/crtbegin.o
                [!provide]                        PROVIDE (__fini_array_end = .)
                0x0000000008005090                . = ALIGN (0x4)
                0x0000000008005090                _sidata = LOADADDR (.data)

.data           0x0000000020000000      0x1e8 load address 0x0000000008005090
                0x0000000020000000                . = ALIGN (0x4)
                0x0000000020000000                _sdata = .
 *(.data)
 *(.data*)
 .data.clear_bit.4254
                0x0000000020000000        0x4 Src/keypad.o
 .data.four_set_bits.4253
                0x0000000020000004        0x4 Src/keypad.o
 .data.rcc_ahb1enr
                0x0000000020000008        0x4 Src/lcd.o
                0x0000000020000008                rcc_ahb1enr
 .data.GPIOA_BASE
                0x000000002000000c        0x4 Src/lcd.o
                0x000000002000000c                GPIOA_BASE
 .data.GPIOC_BASE
                0x0000000020000010        0x4 Src/lcd.o
                0x0000000020000010                GPIOC_BASE
 .data.systick  0x0000000020000014        0x4 Src/timing.o
 .data._impure_ptr
                0x0000000020000018        0x4 c:/st/stm32cubeide_1.0.2/stm32cubeide/plugins/com.st.stm32cube.ide.mcu.externaltools.gnu-tools-for-stm32.7-2018-q2-update.win32_1.0.0.201904181610/tools/bin/../lib/gcc/arm-none-eabi/7.3.1/../../../../arm-none-eabi/lib/thumb/v7e-m\libc_nano.a(lib_a-impure.o)
                0x0000000020000018                _impure_ptr
 .data.impure_data
                0x000000002000001c       0x60 c:/st/stm32cubeide_1.0.2/stm32cubeide/plugins/com.st.stm32cube.ide.mcu.externaltools.gnu-tools-for-stm32.7-2018-q2-update.win32_1.0.0.201904181610/tools/bin/../lib/gcc/arm-none-eabi/7.3.1/../../../../arm-none-eabi/lib/thumb/v7e-m\libc_nano.a(lib_a-impure.o)
 .data.__global_locale
                0x000000002000007c      0x16c c:/st/stm32cubeide_1.0.2/stm32cubeide/plugins/com.st.stm32cube.ide.mcu.externaltools.gnu-tools-for-stm32.7-2018-q2-update.win32_1.0.0.201904181610/tools/bin/../lib/gcc/arm-none-eabi/7.3.1/../../../../arm-none-eabi/lib/thumb/v7e-m\libc_nano.a(lib_a-locale.o)
                0x000000002000007c                __global_locale
                0x00000000200001e8                . = ALIGN (0x4)
                0x00000000200001e8                _edata = .

.igot.plt       0x00000000200001e8        0x0 load address 0x0000000008005278
 .igot.plt      0x00000000200001e8        0x0 c:/st/stm32cubeide_1.0.2/stm32cubeide/plugins/com.st.stm32cube.ide.mcu.externaltools.gnu-tools-for-stm32.7-2018-q2-update.win32_1.0.0.201904181610/tools/bin/../lib/gcc/arm-none-eabi/7.3.1/thumb/v7e-m/crtbegin.o
                0x00000000200001e8                . = ALIGN (0x4)

.bss            0x00000000200001e8       0x2c load address 0x0000000008005278
                0x00000000200001e8                _sbss = .
                0x00000000200001e8                __bss_start__ = _sbss
 *(.bss)
 .bss           0x00000000200001e8       0x1c c:/st/stm32cubeide_1.0.2/stm32cubeide/plugins/com.st.stm32cube.ide.mcu.externaltools.gnu-tools-for-stm32.7-2018-q2-update.win32_1.0.0.201904181610/tools/bin/../lib/gcc/arm-none-eabi/7.3.1/thumb/v7e-m/crtbegin.o
 *(.bss*)
 .bss.heap_end.5149
                0x0000000020000204        0x4 Src/sysmem.o
 .bss.__malloc_free_list
                0x0000000020000208        0x4 c:/st/stm32cubeide_1.0.2/stm32cubeide/plugins/com.st.stm32cube.ide.mcu.externaltools.gnu-tools-for-stm32.7-2018-q2-update.win32_1.0.0.201904181610/tools/bin/../lib/gcc/arm-none-eabi/7.3.1/../../../../arm-none-eabi/lib/thumb/v7e-m\libc_nano.a(lib_a-nano-mallocr.o)
                0x0000000020000208                __malloc_free_list
 .bss.__malloc_sbrk_start
                0x000000002000020c        0x4 c:/st/stm32cubeide_1.0.2/stm32cubeide/plugins/com.st.stm32cube.ide.mcu.externaltools.gnu-tools-for-stm32.7-2018-q2-update.win32_1.0.0.201904181610/tools/bin/../lib/gcc/arm-none-eabi/7.3.1/../../../../arm-none-eabi/lib/thumb/v7e-m\libc_nano.a(lib_a-nano-mallocr.o)
                0x000000002000020c                __malloc_sbrk_start
 *(COMMON)
 COMMON         0x0000000020000210        0x4 c:/st/stm32cubeide_1.0.2/stm32cubeide/plugins/com.st.stm32cube.ide.mcu.externaltools.gnu-tools-for-stm32.7-2018-q2-update.win32_1.0.0.201904181610/tools/bin/../lib/gcc/arm-none-eabi/7.3.1/../../../../arm-none-eabi/lib/thumb/v7e-m\libc_nano.a(lib_a-reent.o)
                0x0000000020000210                errno
                0x0000000020000214                . = ALIGN (0x4)
                0x0000000020000214                _ebss = .
                0x0000000020000214                __bss_end__ = _ebss

._user_heap_stack
                0x0000000020000214      0x604 load address 0x0000000008005278
                0x0000000020000218                . = ALIGN (0x8)
 *fill*         0x0000000020000214        0x4 
                0x0000000020000218                PROVIDE (end = .)
                [!provide]                        PROVIDE (_end = .)
                0x0000000020000418                . = (. + _Min_Heap_Size)
 *fill*         0x0000000020000218      0x200 
                0x0000000020000818                . = (. + _Min_Stack_Size)
 *fill*         0x0000000020000418      0x400 
                0x0000000020000818                . = ALIGN (0x8)

/DISCARD/
 libc.a(*)
 libm.a(*)
 libgcc.a(*)

.ARM.attributes
                0x0000000000000000       0x2a
 *(.ARM.attributes)
 .ARM.attributes
                0x0000000000000000       0x1e c:/st/stm32cubeide_1.0.2/stm32cubeide/plugins/com.st.stm32cube.ide.mcu.externaltools.gnu-tools-for-stm32.7-2018-q2-update.win32_1.0.0.201904181610/tools/bin/../lib/gcc/arm-none-eabi/7.3.1/thumb/v7e-m/crti.o
 .ARM.attributes
                0x000000000000001e       0x2e c:/st/stm32cubeide_1.0.2/stm32cubeide/plugins/com.st.stm32cube.ide.mcu.externaltools.gnu-tools-for-stm32.7-2018-q2-update.win32_1.0.0.201904181610/tools/bin/../lib/gcc/arm-none-eabi/7.3.1/thumb/v7e-m/crtbegin.o
 .ARM.attributes
                0x000000000000004c       0x33 Src/keypad.o
 .ARM.attributes
                0x000000000000007f       0x33 Src/lcd.o
 .ARM.attributes
                0x00000000000000b2       0x33 Src/main.o
 .ARM.attributes
                0x00000000000000e5       0x33 Src/sysmem.o
 .ARM.attributes
                0x0000000000000118       0x33 Src/timing.o
 .ARM.attributes
                0x000000000000014b       0x21 Startup/startup_stm32f446retx.o
 .ARM.attributes
                0x000000000000016c       0x2e c:/st/stm32cubeide_1.0.2/stm32cubeide/plugins/com.st.stm32cube.ide.mcu.externaltools.gnu-tools-for-stm32.7-2018-q2-update.win32_1.0.0.201904181610/tools/bin/../lib/gcc/arm-none-eabi/7.3.1/../../../../arm-none-eabi/lib/thumb/v7e-m\libc_nano.a(lib_a-errno.o)
 .ARM.attributes
                0x000000000000019a       0x2e c:/st/stm32cubeide_1.0.2/stm32cubeide/plugins/com.st.stm32cube.ide.mcu.externaltools.gnu-tools-for-stm32.7-2018-q2-update.win32_1.0.0.201904181610/tools/bin/../lib/gcc/arm-none-eabi/7.3.1/../../../../arm-none-eabi/lib/thumb/v7e-m\libc_nano.a(lib_a-impure.o)
 .ARM.attributes
                0x00000000000001c8       0x2e c:/st/stm32cubeide_1.0.2/stm32cubeide/plugins/com.st.stm32cube.ide.mcu.externaltools.gnu-tools-for-stm32.7-2018-q2-update.win32_1.0.0.201904181610/tools/bin/../lib/gcc/arm-none-eabi/7.3.1/../../../../arm-none-eabi/lib/thumb/v7e-m\libc_nano.a(lib_a-init.o)
 .ARM.attributes
                0x00000000000001f6       0x2e c:/st/stm32cubeide_1.0.2/stm32cubeide/plugins/com.st.stm32cube.ide.mcu.externaltools.gnu-tools-for-stm32.7-2018-q2-update.win32_1.0.0.201904181610/tools/bin/../lib/gcc/arm-none-eabi/7.3.1/../../../../arm-none-eabi/lib/thumb/v7e-m\libc_nano.a(lib_a-memset.o)
 .ARM.attributes
                0x0000000000000224       0x2e c:/st/stm32cubeide_1.0.2/stm32cubeide/plugins/com.st.stm32cube.ide.mcu.externaltools.gnu-tools-for-stm32.7-2018-q2-update.win32_1.0.0.201904181610/tools/bin/../lib/gcc/arm-none-eabi/7.3.1/../../../../arm-none-eabi/lib/thumb/v7e-m\libc_nano.a(lib_a-nano-vfprintf_float.o)
 .ARM.attributes
                0x0000000000000252       0x2e c:/st/stm32cubeide_1.0.2/stm32cubeide/plugins/com.st.stm32cube.ide.mcu.externaltools.gnu-tools-for-stm32.7-2018-q2-update.win32_1.0.0.201904181610/tools/bin/../lib/gcc/arm-none-eabi/7.3.1/../../../../arm-none-eabi/lib/thumb/v7e-m\libc_nano.a(lib_a-nano-vfprintf_i.o)
 .ARM.attributes
                0x0000000000000280       0x2e c:/st/stm32cubeide_1.0.2/stm32cubeide/plugins/com.st.stm32cube.ide.mcu.externaltools.gnu-tools-for-stm32.7-2018-q2-update.win32_1.0.0.201904181610/tools/bin/../lib/gcc/arm-none-eabi/7.3.1/../../../../arm-none-eabi/lib/thumb/v7e-m\libc_nano.a(lib_a-nano-vfscanf_float.o)
 .ARM.attributes
                0x00000000000002ae       0x2e c:/st/stm32cubeide_1.0.2/stm32cubeide/plugins/com.st.stm32cube.ide.mcu.externaltools.gnu-tools-for-stm32.7-2018-q2-update.win32_1.0.0.201904181610/tools/bin/../lib/gcc/arm-none-eabi/7.3.1/../../../../arm-none-eabi/lib/thumb/v7e-m\libc_nano.a(lib_a-sf_nan.o)
 .ARM.attributes
                0x00000000000002dc       0x2e c:/st/stm32cubeide_1.0.2/stm32cubeide/plugins/com.st.stm32cube.ide.mcu.externaltools.gnu-tools-for-stm32.7-2018-q2-update.win32_1.0.0.201904181610/tools/bin/../lib/gcc/arm-none-eabi/7.3.1/../../../../arm-none-eabi/lib/thumb/v7e-m\libc_nano.a(lib_a-sprintf.o)
 .ARM.attributes
                0x000000000000030a       0x17 c:/st/stm32cubeide_1.0.2/stm32cubeide/plugins/com.st.stm32cube.ide.mcu.externaltools.gnu-tools-for-stm32.7-2018-q2-update.win32_1.0.0.201904181610/tools/bin/../lib/gcc/arm-none-eabi/7.3.1/../../../../arm-none-eabi/lib/thumb/v7e-m\libc_nano.a(lib_a-strlen.o)
 .ARM.attributes
                0x0000000000000321       0x2e c:/st/stm32cubeide_1.0.2/stm32cubeide/plugins/com.st.stm32cube.ide.mcu.externaltools.gnu-tools-for-stm32.7-2018-q2-update.win32_1.0.0.201904181610/tools/bin/../lib/gcc/arm-none-eabi/7.3.1/../../../../arm-none-eabi/lib/thumb/v7e-m\libc_nano.a(lib_a-strtod.o)
 .ARM.attributes
                0x000000000000034f       0x2e c:/st/stm32cubeide_1.0.2/stm32cubeide/plugins/com.st.stm32cube.ide.mcu.externaltools.gnu-tools-for-stm32.7-2018-q2-update.win32_1.0.0.201904181610/tools/bin/../lib/gcc/arm-none-eabi/7.3.1/../../../../arm-none-eabi/lib/thumb/v7e-m\libc_nano.a(lib_a-strtol.o)
 .ARM.attributes
                0x000000000000037d       0x2e c:/st/stm32cubeide_1.0.2/stm32cubeide/plugins/com.st.stm32cube.ide.mcu.externaltools.gnu-tools-for-stm32.7-2018-q2-update.win32_1.0.0.201904181610/tools/bin/../lib/gcc/arm-none-eabi/7.3.1/../../../../arm-none-eabi/lib/thumb/v7e-m\libc_nano.a(lib_a-dtoa.o)
 .ARM.attributes
                0x00000000000003ab       0x2e c:/st/stm32cubeide_1.0.2/stm32cubeide/plugins/com.st.stm32cube.ide.mcu.externaltools.gnu-tools-for-stm32.7-2018-q2-update.win32_1.0.0.201904181610/tools/bin/../lib/gcc/arm-none-eabi/7.3.1/../../../../arm-none-eabi/lib/thumb/v7e-m\libc_nano.a(lib_a-findfp.o)
 .ARM.attributes
                0x00000000000003d9       0x2e c:/st/stm32cubeide_1.0.2/stm32cubeide/plugins/com.st.stm32cube.ide.mcu.externaltools.gnu-tools-for-stm32.7-2018-q2-update.win32_1.0.0.201904181610/tools/bin/../lib/gcc/arm-none-eabi/7.3.1/../../../../arm-none-eabi/lib/thumb/v7e-m\libc_nano.a(lib_a-gdtoa-gethex.o)
 .ARM.attributes
                0x0000000000000407       0x2e c:/st/stm32cubeide_1.0.2/stm32cubeide/plugins/com.st.stm32cube.ide.mcu.externaltools.gnu-tools-for-stm32.7-2018-q2-update.win32_1.0.0.201904181610/tools/bin/../lib/gcc/arm-none-eabi/7.3.1/../../../../arm-none-eabi/lib/thumb/v7e-m\libc_nano.a(lib_a-gdtoa-hexnan.o)
 .ARM.attributes
                0x0000000000000435       0x2e c:/st/stm32cubeide_1.0.2/stm32cubeide/plugins/com.st.stm32cube.ide.mcu.externaltools.gnu-tools-for-stm32.7-2018-q2-update.win32_1.0.0.201904181610/tools/bin/../lib/gcc/arm-none-eabi/7.3.1/../../../../arm-none-eabi/lib/thumb/v7e-m\libc_nano.a(lib_a-locale.o)
 .ARM.attributes
                0x0000000000000463       0x2e c:/st/stm32cubeide_1.0.2/stm32cubeide/plugins/com.st.stm32cube.ide.mcu.externaltools.gnu-tools-for-stm32.7-2018-q2-update.win32_1.0.0.201904181610/tools/bin/../lib/gcc/arm-none-eabi/7.3.1/../../../../arm-none-eabi/lib/thumb/v7e-m\libc_nano.a(lib_a-localeconv.o)
 .ARM.attributes
                0x0000000000000491       0x2e c:/st/stm32cubeide_1.0.2/stm32cubeide/plugins/com.st.stm32cube.ide.mcu.externaltools.gnu-tools-for-stm32.7-2018-q2-update.win32_1.0.0.201904181610/tools/bin/../lib/gcc/arm-none-eabi/7.3.1/../../../../arm-none-eabi/lib/thumb/v7e-m\libc_nano.a(lib_a-malloc.o)
 .ARM.attributes
                0x00000000000004bf       0x2e c:/st/stm32cubeide_1.0.2/stm32cubeide/plugins/com.st.stm32cube.ide.mcu.externaltools.gnu-tools-for-stm32.7-2018-q2-update.win32_1.0.0.201904181610/tools/bin/../lib/gcc/arm-none-eabi/7.3.1/../../../../arm-none-eabi/lib/thumb/v7e-m\libc_nano.a(lib_a-mbtowc_r.o)
 .ARM.attributes
                0x00000000000004ed       0x1c c:/st/stm32cubeide_1.0.2/stm32cubeide/plugins/com.st.stm32cube.ide.mcu.externaltools.gnu-tools-for-stm32.7-2018-q2-update.win32_1.0.0.201904181610/tools/bin/../lib/gcc/arm-none-eabi/7.3.1/../../../../arm-none-eabi/lib/thumb/v7e-m\libc_nano.a(lib_a-memchr.o)
 .ARM.attributes
                0x0000000000000509       0x2e c:/st/stm32cubeide_1.0.2/stm32cubeide/plugins/com.st.stm32cube.ide.mcu.externaltools.gnu-tools-for-stm32.7-2018-q2-update.win32_1.0.0.201904181610/tools/bin/../lib/gcc/arm-none-eabi/7.3.1/../../../../arm-none-eabi/lib/thumb/v7e-m\libc_nano.a(lib_a-memcpy-stub.o)
 .ARM.attributes
                0x0000000000000537       0x2e c:/st/stm32cubeide_1.0.2/stm32cubeide/plugins/com.st.stm32cube.ide.mcu.externaltools.gnu-tools-for-stm32.7-2018-q2-update.win32_1.0.0.201904181610/tools/bin/../lib/gcc/arm-none-eabi/7.3.1/../../../../arm-none-eabi/lib/thumb/v7e-m\libc_nano.a(lib_a-mprec.o)
 .ARM.attributes
                0x0000000000000565       0x2e c:/st/stm32cubeide_1.0.2/stm32cubeide/plugins/com.st.stm32cube.ide.mcu.externaltools.gnu-tools-for-stm32.7-2018-q2-update.win32_1.0.0.201904181610/tools/bin/../lib/gcc/arm-none-eabi/7.3.1/../../../../arm-none-eabi/lib/thumb/v7e-m\libc_nano.a(lib_a-nano-callocr.o)
 .ARM.attributes
                0x0000000000000593       0x2e c:/st/stm32cubeide_1.0.2/stm32cubeide/plugins/com.st.stm32cube.ide.mcu.externaltools.gnu-tools-for-stm32.7-2018-q2-update.win32_1.0.0.201904181610/tools/bin/../lib/gcc/arm-none-eabi/7.3.1/../../../../arm-none-eabi/lib/thumb/v7e-m\libc_nano.a(lib_a-nano-freer.o)
 .ARM.attributes
                0x00000000000005c1       0x2e c:/st/stm32cubeide_1.0.2/stm32cubeide/plugins/com.st.stm32cube.ide.mcu.externaltools.gnu-tools-for-stm32.7-2018-q2-update.win32_1.0.0.201904181610/tools/bin/../lib/gcc/arm-none-eabi/7.3.1/../../../../arm-none-eabi/lib/thumb/v7e-m\libc_nano.a(lib_a-nano-mallocr.o)
 .ARM.attributes
                0x00000000000005ef       0x2e c:/st/stm32cubeide_1.0.2/stm32cubeide/plugins/com.st.stm32cube.ide.mcu.externaltools.gnu-tools-for-stm32.7-2018-q2-update.win32_1.0.0.201904181610/tools/bin/../lib/gcc/arm-none-eabi/7.3.1/../../../../arm-none-eabi/lib/thumb/v7e-m\libc_nano.a(lib_a-nano-svfprintf.o)
 .ARM.attributes
                0x000000000000061d       0x2e c:/st/stm32cubeide_1.0.2/stm32cubeide/plugins/com.st.stm32cube.ide.mcu.externaltools.gnu-tools-for-stm32.7-2018-q2-update.win32_1.0.0.201904181610/tools/bin/../lib/gcc/arm-none-eabi/7.3.1/../../../../arm-none-eabi/lib/thumb/v7e-m\libc_nano.a(lib_a-sbrkr.o)
 .ARM.attributes
                0x000000000000064b       0x2e c:/st/stm32cubeide_1.0.2/stm32cubeide/plugins/com.st.stm32cube.ide.mcu.externaltools.gnu-tools-for-stm32.7-2018-q2-update.win32_1.0.0.201904181610/tools/bin/../lib/gcc/arm-none-eabi/7.3.1/../../../../arm-none-eabi/lib/thumb/v7e-m\libc_nano.a(lib_a-strncmp.o)
 .ARM.attributes
                0x0000000000000679       0x2e c:/st/stm32cubeide_1.0.2/stm32cubeide/plugins/com.st.stm32cube.ide.mcu.externaltools.gnu-tools-for-stm32.7-2018-q2-update.win32_1.0.0.201904181610/tools/bin/../lib/gcc/arm-none-eabi/7.3.1/../../../../arm-none-eabi/lib/thumb/v7e-m\libc_nano.a(lib_a-wctomb_r.o)
 .ARM.attributes
                0x00000000000006a7       0x2e c:/st/stm32cubeide_1.0.2/stm32cubeide/plugins/com.st.stm32cube.ide.mcu.externaltools.gnu-tools-for-stm32.7-2018-q2-update.win32_1.0.0.201904181610/tools/bin/../lib/gcc/arm-none-eabi/7.3.1/../../../../arm-none-eabi/lib/thumb/v7e-m\libc_nano.a(lib_a-ctype_.o)
 .ARM.attributes
                0x00000000000006d5       0x2e c:/st/stm32cubeide_1.0.2/stm32cubeide/plugins/com.st.stm32cube.ide.mcu.externaltools.gnu-tools-for-stm32.7-2018-q2-update.win32_1.0.0.201904181610/tools/bin/../lib/gcc/arm-none-eabi/7.3.1/../../../../arm-none-eabi/lib/thumb/v7e-m\libc_nano.a(lib_a-memmove.o)
 .ARM.attributes
                0x0000000000000703       0x2e c:/st/stm32cubeide_1.0.2/stm32cubeide/plugins/com.st.stm32cube.ide.mcu.externaltools.gnu-tools-for-stm32.7-2018-q2-update.win32_1.0.0.201904181610/tools/bin/../lib/gcc/arm-none-eabi/7.3.1/../../../../arm-none-eabi/lib/thumb/v7e-m\libc_nano.a(lib_a-mlock.o)
 .ARM.attributes
                0x0000000000000731       0x2e c:/st/stm32cubeide_1.0.2/stm32cubeide/plugins/com.st.stm32cube.ide.mcu.externaltools.gnu-tools-for-stm32.7-2018-q2-update.win32_1.0.0.201904181610/tools/bin/../lib/gcc/arm-none-eabi/7.3.1/../../../../arm-none-eabi/lib/thumb/v7e-m\libc_nano.a(lib_a-nano-reallocr.o)
 .ARM.attributes
                0x000000000000075f       0x2e c:/st/stm32cubeide_1.0.2/stm32cubeide/plugins/com.st.stm32cube.ide.mcu.externaltools.gnu-tools-for-stm32.7-2018-q2-update.win32_1.0.0.201904181610/tools/bin/../lib/gcc/arm-none-eabi/7.3.1/../../../../arm-none-eabi/lib/thumb/v7e-m\libc_nano.a(lib_a-reent.o)
 .ARM.attributes
                0x000000000000078d       0x2e c:/st/stm32cubeide_1.0.2/stm32cubeide/plugins/com.st.stm32cube.ide.mcu.externaltools.gnu-tools-for-stm32.7-2018-q2-update.win32_1.0.0.201904181610/tools/bin/../lib/gcc/arm-none-eabi/7.3.1/../../../../arm-none-eabi/lib/thumb/v7e-m\libc_nano.a(lib_a-nano-msizer.o)
 .ARM.attributes
                0x00000000000007bb       0x1e c:/st/stm32cubeide_1.0.2/stm32cubeide/plugins/com.st.stm32cube.ide.mcu.externaltools.gnu-tools-for-stm32.7-2018-q2-update.win32_1.0.0.201904181610/tools/bin/../lib/gcc/arm-none-eabi/7.3.1/thumb/v7e-m\libgcc.a(_arm_addsubdf3.o)
 .ARM.attributes
                0x00000000000007d9       0x1e c:/st/stm32cubeide_1.0.2/stm32cubeide/plugins/com.st.stm32cube.ide.mcu.externaltools.gnu-tools-for-stm32.7-2018-q2-update.win32_1.0.0.201904181610/tools/bin/../lib/gcc/arm-none-eabi/7.3.1/thumb/v7e-m\libgcc.a(_arm_muldivdf3.o)
 .ARM.attributes
                0x00000000000007f7       0x1e c:/st/stm32cubeide_1.0.2/stm32cubeide/plugins/com.st.stm32cube.ide.mcu.externaltools.gnu-tools-for-stm32.7-2018-q2-update.win32_1.0.0.201904181610/tools/bin/../lib/gcc/arm-none-eabi/7.3.1/thumb/v7e-m\libgcc.a(_arm_cmpdf2.o)
 .ARM.attributes
                0x0000000000000815       0x1e c:/st/stm32cubeide_1.0.2/stm32cubeide/plugins/com.st.stm32cube.ide.mcu.externaltools.gnu-tools-for-stm32.7-2018-q2-update.win32_1.0.0.201904181610/tools/bin/../lib/gcc/arm-none-eabi/7.3.1/thumb/v7e-m\libgcc.a(_arm_unorddf2.o)
 .ARM.attributes
                0x0000000000000833       0x1e c:/st/stm32cubeide_1.0.2/stm32cubeide/plugins/com.st.stm32cube.ide.mcu.externaltools.gnu-tools-for-stm32.7-2018-q2-update.win32_1.0.0.201904181610/tools/bin/../lib/gcc/arm-none-eabi/7.3.1/thumb/v7e-m\libgcc.a(_arm_fixdfsi.o)
 .ARM.attributes
                0x0000000000000851       0x1e c:/st/stm32cubeide_1.0.2/stm32cubeide/plugins/com.st.stm32cube.ide.mcu.externaltools.gnu-tools-for-stm32.7-2018-q2-update.win32_1.0.0.201904181610/tools/bin/../lib/gcc/arm-none-eabi/7.3.1/thumb/v7e-m\libgcc.a(_arm_fixunsdfsi.o)
 .ARM.attributes
                0x000000000000086f       0x1e c:/st/stm32cubeide_1.0.2/stm32cubeide/plugins/com.st.stm32cube.ide.mcu.externaltools.gnu-tools-for-stm32.7-2018-q2-update.win32_1.0.0.201904181610/tools/bin/../lib/gcc/arm-none-eabi/7.3.1/thumb/v7e-m\libgcc.a(_arm_truncdfsf2.o)
 .ARM.attributes
                0x000000000000088d       0x1e c:/st/stm32cubeide_1.0.2/stm32cubeide/plugins/com.st.stm32cube.ide.mcu.externaltools.gnu-tools-for-stm32.7-2018-q2-update.win32_1.0.0.201904181610/tools/bin/../lib/gcc/arm-none-eabi/7.3.1/thumb/v7e-m/crtn.o
OUTPUT(LCD Lab.elf elf32-littlearm)

.debug_info     0x0000000000000000     0x17cf
 .debug_info    0x0000000000000000      0x219 Src/keypad.o
 .debug_info    0x0000000000000219      0xa5c Src/lcd.o
 .debug_info    0x0000000000000c75      0x114 Src/main.o
 .debug_info    0x0000000000000d89      0x91c Src/sysmem.o
 .debug_info    0x00000000000016a5      0x108 Src/timing.o
 .debug_info    0x00000000000017ad       0x22 Startup/startup_stm32f446retx.o

.debug_abbrev   0x0000000000000000      0x5d8
 .debug_abbrev  0x0000000000000000       0xe5 Src/keypad.o
 .debug_abbrev  0x00000000000000e5      0x1da Src/lcd.o
 .debug_abbrev  0x00000000000002bf       0x9e Src/main.o
 .debug_abbrev  0x000000000000035d      0x1bb Src/sysmem.o
 .debug_abbrev  0x0000000000000518       0xae Src/timing.o
 .debug_abbrev  0x00000000000005c6       0x12 Startup/startup_stm32f446retx.o

.debug_aranges  0x0000000000000000      0x150
 .debug_aranges
                0x0000000000000000       0x40 Src/keypad.o
 .debug_aranges
                0x0000000000000040       0x60 Src/lcd.o
 .debug_aranges
                0x00000000000000a0       0x30 Src/main.o
 .debug_aranges
                0x00000000000000d0       0x20 Src/sysmem.o
 .debug_aranges
                0x00000000000000f0       0x38 Src/timing.o
 .debug_aranges
                0x0000000000000128       0x28 Startup/startup_stm32f446retx.o

.debug_ranges   0x0000000000000000       0xf8
 .debug_ranges  0x0000000000000000       0x30 Src/keypad.o
 .debug_ranges  0x0000000000000030       0x50 Src/lcd.o
 .debug_ranges  0x0000000000000080       0x20 Src/main.o
 .debug_ranges  0x00000000000000a0       0x10 Src/sysmem.o
 .debug_ranges  0x00000000000000b0       0x28 Src/timing.o
 .debug_ranges  0x00000000000000d8       0x20 Startup/startup_stm32f446retx.o

.debug_macro    0x0000000000000000     0x2885
 .debug_macro   0x0000000000000000       0xcb Src/keypad.o
 .debug_macro   0x00000000000000cb      0xa66 Src/keypad.o
 .debug_macro   0x0000000000000b31       0xa6 Src/keypad.o
 .debug_macro   0x0000000000000bd7       0x22 Src/keypad.o
 .debug_macro   0x0000000000000bf9       0x40 Src/keypad.o
 .debug_macro   0x0000000000000c39       0x18 Src/keypad.o
 .debug_macro   0x0000000000000c51       0x94 Src/keypad.o
 .debug_macro   0x0000000000000ce5       0x3c Src/keypad.o
 .debug_macro   0x0000000000000d21       0xef Src/keypad.o
 .debug_macro   0x0000000000000e10       0x3a Src/keypad.o
 .debug_macro   0x0000000000000e4a       0x57 Src/keypad.o
 .debug_macro   0x0000000000000ea1       0x6a Src/keypad.o
 .debug_macro   0x0000000000000f0b      0x1df Src/keypad.o
 .debug_macro   0x00000000000010ea       0x82 Src/keypad.o
 .debug_macro   0x000000000000116c      0x460 Src/keypad.o
 .debug_macro   0x00000000000015cc       0x10 Src/keypad.o
 .debug_macro   0x00000000000015dc      0x251 Src/lcd.o
 .debug_macro   0x000000000000182d      0x104 Src/lcd.o
 .debug_macro   0x0000000000001931       0x52 Src/lcd.o
 .debug_macro   0x0000000000001983       0x1f Src/lcd.o
 .debug_macro   0x00000000000019a2       0x43 Src/lcd.o
 .debug_macro   0x00000000000019e5       0x20 Src/lcd.o
 .debug_macro   0x0000000000001a05      0x1a3 Src/lcd.o
 .debug_macro   0x0000000000001ba8      0x330 Src/lcd.o
 .debug_macro   0x0000000000001ed8       0x10 Src/lcd.o
 .debug_macro   0x0000000000001ee8       0x35 Src/lcd.o
 .debug_macro   0x0000000000001f1d       0x20 Src/lcd.o
 .debug_macro   0x0000000000001f3d       0x1c Src/lcd.o
 .debug_macro   0x0000000000001f59       0x10 Src/lcd.o
 .debug_macro   0x0000000000001f69       0x10 Src/lcd.o
 .debug_macro   0x0000000000001f79       0x1c Src/lcd.o
 .debug_macro   0x0000000000001f95       0x52 Src/lcd.o
 .debug_macro   0x0000000000001fe7       0x40 Src/lcd.o
 .debug_macro   0x0000000000002027       0x10 Src/lcd.o
 .debug_macro   0x0000000000002037       0x40 Src/lcd.o
 .debug_macro   0x0000000000002077       0xd7 Src/lcd.o
 .debug_macro   0x000000000000214e       0x1c Src/lcd.o
 .debug_macro   0x000000000000216a       0x3d Src/lcd.o
 .debug_macro   0x00000000000021a7       0x16 Src/lcd.o
 .debug_macro   0x00000000000021bd      0x145 Src/lcd.o
 .debug_macro   0x0000000000002302       0xcc Src/main.o
 .debug_macro   0x00000000000023ce      0x1ae Src/sysmem.o
 .debug_macro   0x000000000000257c      0x23b Src/sysmem.o
 .debug_macro   0x00000000000027b7       0x16 Src/sysmem.o
 .debug_macro   0x00000000000027cd       0xb8 Src/timing.o

.debug_line     0x0000000000000000     0x1b84
 .debug_line    0x0000000000000000      0x542 Src/keypad.o
 .debug_line    0x0000000000000542      0x669 Src/lcd.o
 .debug_line    0x0000000000000bab      0x517 Src/main.o
 .debug_line    0x00000000000010c2      0x559 Src/sysmem.o
 .debug_line    0x000000000000161b      0x4e5 Src/timing.o
 .debug_line    0x0000000000001b00       0x84 Startup/startup_stm32f446retx.o

.debug_str      0x0000000000000000     0x9746
 .debug_str     0x0000000000000000     0x5093 Src/keypad.o
                                       0x5214 (size before relaxing)
 .debug_str     0x0000000000005093     0x413a Src/lcd.o
                                       0x923c (size before relaxing)
 .debug_str     0x00000000000091cd       0x3b Src/main.o
                                       0x504d (size before relaxing)
 .debug_str     0x0000000000009208      0x4b9 Src/sysmem.o
                                       0x7ad3 (size before relaxing)
 .debug_str     0x00000000000096c1       0x54 Src/timing.o
                                       0x5065 (size before relaxing)
 .debug_str     0x0000000000009715       0x31 Startup/startup_stm32f446retx.o
                                         0x60 (size before relaxing)

.comment        0x0000000000000000       0x7b
 .comment       0x0000000000000000       0x7b Src/keypad.o
                                         0x7c (size before relaxing)
 .comment       0x000000000000007b       0x7c Src/lcd.o
 .comment       0x000000000000007b       0x7c Src/main.o
 .comment       0x000000000000007b       0x7c Src/sysmem.o
 .comment       0x000000000000007b       0x7c Src/timing.o

.debug_frame    0x0000000000000000     0x11e4
 .debug_frame   0x0000000000000000       0xbc Src/keypad.o
 .debug_frame   0x00000000000000bc      0x13c Src/lcd.o
 .debug_frame   0x00000000000001f8       0x6c Src/main.o
 .debug_frame   0x0000000000000264       0x34 Src/sysmem.o
 .debug_frame   0x0000000000000298       0x98 Src/timing.o
 .debug_frame   0x0000000000000330       0x20 c:/st/stm32cubeide_1.0.2/stm32cubeide/plugins/com.st.stm32cube.ide.mcu.externaltools.gnu-tools-for-stm32.7-2018-q2-update.win32_1.0.0.201904181610/tools/bin/../lib/gcc/arm-none-eabi/7.3.1/../../../../arm-none-eabi/lib/thumb/v7e-m\libc_nano.a(lib_a-errno.o)
 .debug_frame   0x0000000000000350       0x2c c:/st/stm32cubeide_1.0.2/stm32cubeide/plugins/com.st.stm32cube.ide.mcu.externaltools.gnu-tools-for-stm32.7-2018-q2-update.win32_1.0.0.201904181610/tools/bin/../lib/gcc/arm-none-eabi/7.3.1/../../../../arm-none-eabi/lib/thumb/v7e-m\libc_nano.a(lib_a-init.o)
 .debug_frame   0x000000000000037c       0x20 c:/st/stm32cubeide_1.0.2/stm32cubeide/plugins/com.st.stm32cube.ide.mcu.externaltools.gnu-tools-for-stm32.7-2018-q2-update.win32_1.0.0.201904181610/tools/bin/../lib/gcc/arm-none-eabi/7.3.1/../../../../arm-none-eabi/lib/thumb/v7e-m\libc_nano.a(lib_a-memset.o)
 .debug_frame   0x000000000000039c       0x90 c:/st/stm32cubeide_1.0.2/stm32cubeide/plugins/com.st.stm32cube.ide.mcu.externaltools.gnu-tools-for-stm32.7-2018-q2-update.win32_1.0.0.201904181610/tools/bin/../lib/gcc/arm-none-eabi/7.3.1/../../../../arm-none-eabi/lib/thumb/v7e-m\libc_nano.a(lib_a-nano-vfprintf_float.o)
 .debug_frame   0x000000000000042c       0x60 c:/st/stm32cubeide_1.0.2/stm32cubeide/plugins/com.st.stm32cube.ide.mcu.externaltools.gnu-tools-for-stm32.7-2018-q2-update.win32_1.0.0.201904181610/tools/bin/../lib/gcc/arm-none-eabi/7.3.1/../../../../arm-none-eabi/lib/thumb/v7e-m\libc_nano.a(lib_a-nano-vfprintf_i.o)
 .debug_frame   0x000000000000048c       0x40 c:/st/stm32cubeide_1.0.2/stm32cubeide/plugins/com.st.stm32cube.ide.mcu.externaltools.gnu-tools-for-stm32.7-2018-q2-update.win32_1.0.0.201904181610/tools/bin/../lib/gcc/arm-none-eabi/7.3.1/../../../../arm-none-eabi/lib/thumb/v7e-m\libc_nano.a(lib_a-nano-vfscanf_float.o)
 .debug_frame   0x00000000000004cc       0x20 c:/st/stm32cubeide_1.0.2/stm32cubeide/plugins/com.st.stm32cube.ide.mcu.externaltools.gnu-tools-for-stm32.7-2018-q2-update.win32_1.0.0.201904181610/tools/bin/../lib/gcc/arm-none-eabi/7.3.1/../../../../arm-none-eabi/lib/thumb/v7e-m\libc_nano.a(lib_a-sf_nan.o)
 .debug_frame   0x00000000000004ec       0x6c c:/st/stm32cubeide_1.0.2/stm32cubeide/plugins/com.st.stm32cube.ide.mcu.externaltools.gnu-tools-for-stm32.7-2018-q2-update.win32_1.0.0.201904181610/tools/bin/../lib/gcc/arm-none-eabi/7.3.1/../../../../arm-none-eabi/lib/thumb/v7e-m\libc_nano.a(lib_a-sprintf.o)
 .debug_frame   0x0000000000000558      0x100 c:/st/stm32cubeide_1.0.2/stm32cubeide/plugins/com.st.stm32cube.ide.mcu.externaltools.gnu-tools-for-stm32.7-2018-q2-update.win32_1.0.0.201904181610/tools/bin/../lib/gcc/arm-none-eabi/7.3.1/../../../../arm-none-eabi/lib/thumb/v7e-m\libc_nano.a(lib_a-strtod.o)
 .debug_frame   0x0000000000000658       0x84 c:/st/stm32cubeide_1.0.2/stm32cubeide/plugins/com.st.stm32cube.ide.mcu.externaltools.gnu-tools-for-stm32.7-2018-q2-update.win32_1.0.0.201904181610/tools/bin/../lib/gcc/arm-none-eabi/7.3.1/../../../../arm-none-eabi/lib/thumb/v7e-m\libc_nano.a(lib_a-strtol.o)
 .debug_frame   0x00000000000006dc       0x6c c:/st/stm32cubeide_1.0.2/stm32cubeide/plugins/com.st.stm32cube.ide.mcu.externaltools.gnu-tools-for-stm32.7-2018-q2-update.win32_1.0.0.201904181610/tools/bin/../lib/gcc/arm-none-eabi/7.3.1/../../../../arm-none-eabi/lib/thumb/v7e-m\libc_nano.a(lib_a-dtoa.o)
 .debug_frame   0x0000000000000748      0x11c c:/st/stm32cubeide_1.0.2/stm32cubeide/plugins/com.st.stm32cube.ide.mcu.externaltools.gnu-tools-for-stm32.7-2018-q2-update.win32_1.0.0.201904181610/tools/bin/../lib/gcc/arm-none-eabi/7.3.1/../../../../arm-none-eabi/lib/thumb/v7e-m\libc_nano.a(lib_a-findfp.o)
 .debug_frame   0x0000000000000864       0x70 c:/st/stm32cubeide_1.0.2/stm32cubeide/plugins/com.st.stm32cube.ide.mcu.externaltools.gnu-tools-for-stm32.7-2018-q2-update.win32_1.0.0.201904181610/tools/bin/../lib/gcc/arm-none-eabi/7.3.1/../../../../arm-none-eabi/lib/thumb/v7e-m\libc_nano.a(lib_a-gdtoa-gethex.o)
 .debug_frame   0x00000000000008d4       0x74 c:/st/stm32cubeide_1.0.2/stm32cubeide/plugins/com.st.stm32cube.ide.mcu.externaltools.gnu-tools-for-stm32.7-2018-q2-update.win32_1.0.0.201904181610/tools/bin/../lib/gcc/arm-none-eabi/7.3.1/../../../../arm-none-eabi/lib/thumb/v7e-m\libc_nano.a(lib_a-gdtoa-hexnan.o)
 .debug_frame   0x0000000000000948       0x68 c:/st/stm32cubeide_1.0.2/stm32cubeide/plugins/com.st.stm32cube.ide.mcu.externaltools.gnu-tools-for-stm32.7-2018-q2-update.win32_1.0.0.201904181610/tools/bin/../lib/gcc/arm-none-eabi/7.3.1/../../../../arm-none-eabi/lib/thumb/v7e-m\libc_nano.a(lib_a-locale.o)
 .debug_frame   0x00000000000009b0       0x40 c:/st/stm32cubeide_1.0.2/stm32cubeide/plugins/com.st.stm32cube.ide.mcu.externaltools.gnu-tools-for-stm32.7-2018-q2-update.win32_1.0.0.201904181610/tools/bin/../lib/gcc/arm-none-eabi/7.3.1/../../../../arm-none-eabi/lib/thumb/v7e-m\libc_nano.a(lib_a-localeconv.o)
 .debug_frame   0x00000000000009f0       0x30 c:/st/stm32cubeide_1.0.2/stm32cubeide/plugins/com.st.stm32cube.ide.mcu.externaltools.gnu-tools-for-stm32.7-2018-q2-update.win32_1.0.0.201904181610/tools/bin/../lib/gcc/arm-none-eabi/7.3.1/../../../../arm-none-eabi/lib/thumb/v7e-m\libc_nano.a(lib_a-malloc.o)
 .debug_frame   0x0000000000000a20       0x48 c:/st/stm32cubeide_1.0.2/stm32cubeide/plugins/com.st.stm32cube.ide.mcu.externaltools.gnu-tools-for-stm32.7-2018-q2-update.win32_1.0.0.201904181610/tools/bin/../lib/gcc/arm-none-eabi/7.3.1/../../../../arm-none-eabi/lib/thumb/v7e-m\libc_nano.a(lib_a-mbtowc_r.o)
 .debug_frame   0x0000000000000a68       0x28 c:/st/stm32cubeide_1.0.2/stm32cubeide/plugins/com.st.stm32cube.ide.mcu.externaltools.gnu-tools-for-stm32.7-2018-q2-update.win32_1.0.0.201904181610/tools/bin/../lib/gcc/arm-none-eabi/7.3.1/../../../../arm-none-eabi/lib/thumb/v7e-m\libc_nano.a(lib_a-memcpy-stub.o)
 .debug_frame   0x0000000000000a90      0x248 c:/st/stm32cubeide_1.0.2/stm32cubeide/plugins/com.st.stm32cube.ide.mcu.externaltools.gnu-tools-for-stm32.7-2018-q2-update.win32_1.0.0.201904181610/tools/bin/../lib/gcc/arm-none-eabi/7.3.1/../../../../arm-none-eabi/lib/thumb/v7e-m\libc_nano.a(lib_a-mprec.o)
 .debug_frame   0x0000000000000cd8       0x2c c:/st/stm32cubeide_1.0.2/stm32cubeide/plugins/com.st.stm32cube.ide.mcu.externaltools.gnu-tools-for-stm32.7-2018-q2-update.win32_1.0.0.201904181610/tools/bin/../lib/gcc/arm-none-eabi/7.3.1/../../../../arm-none-eabi/lib/thumb/v7e-m\libc_nano.a(lib_a-nano-callocr.o)
 .debug_frame   0x0000000000000d04       0x38 c:/st/stm32cubeide_1.0.2/stm32cubeide/plugins/com.st.stm32cube.ide.mcu.externaltools.gnu-tools-for-stm32.7-2018-q2-update.win32_1.0.0.201904181610/tools/bin/../lib/gcc/arm-none-eabi/7.3.1/../../../../arm-none-eabi/lib/thumb/v7e-m\libc_nano.a(lib_a-nano-freer.o)
 .debug_frame   0x0000000000000d3c       0x2c c:/st/stm32cubeide_1.0.2/stm32cubeide/plugins/com.st.stm32cube.ide.mcu.externaltools.gnu-tools-for-stm32.7-2018-q2-update.win32_1.0.0.201904181610/tools/bin/../lib/gcc/arm-none-eabi/7.3.1/../../../../arm-none-eabi/lib/thumb/v7e-m\libc_nano.a(lib_a-nano-mallocr.o)
 .debug_frame   0x0000000000000d68       0x90 c:/st/stm32cubeide_1.0.2/stm32cubeide/plugins/com.st.stm32cube.ide.mcu.externaltools.gnu-tools-for-stm32.7-2018-q2-update.win32_1.0.0.201904181610/tools/bin/../lib/gcc/arm-none-eabi/7.3.1/../../../../arm-none-eabi/lib/thumb/v7e-m\libc_nano.a(lib_a-nano-svfprintf.o)
 .debug_frame   0x0000000000000df8       0x2c c:/st/stm32cubeide_1.0.2/stm32cubeide/plugins/com.st.stm32cube.ide.mcu.externaltools.gnu-tools-for-stm32.7-2018-q2-update.win32_1.0.0.201904181610/tools/bin/../lib/gcc/arm-none-eabi/7.3.1/../../../../arm-none-eabi/lib/thumb/v7e-m\libc_nano.a(lib_a-sbrkr.o)
 .debug_frame   0x0000000000000e24       0x28 c:/st/stm32cubeide_1.0.2/stm32cubeide/plugins/com.st.stm32cube.ide.mcu.externaltools.gnu-tools-for-stm32.7-2018-q2-update.win32_1.0.0.201904181610/tools/bin/../lib/gcc/arm-none-eabi/7.3.1/../../../../arm-none-eabi/lib/thumb/v7e-m\libc_nano.a(lib_a-strncmp.o)
 .debug_frame   0x0000000000000e4c       0x3c c:/st/stm32cubeide_1.0.2/stm32cubeide/plugins/com.st.stm32cube.ide.mcu.externaltools.gnu-tools-for-stm32.7-2018-q2-update.win32_1.0.0.201904181610/tools/bin/../lib/gcc/arm-none-eabi/7.3.1/../../../../arm-none-eabi/lib/thumb/v7e-m\libc_nano.a(lib_a-wctomb_r.o)
 .debug_frame   0x0000000000000e88       0x28 c:/st/stm32cubeide_1.0.2/stm32cubeide/plugins/com.st.stm32cube.ide.mcu.externaltools.gnu-tools-for-stm32.7-2018-q2-update.win32_1.0.0.201904181610/tools/bin/../lib/gcc/arm-none-eabi/7.3.1/../../../../arm-none-eabi/lib/thumb/v7e-m\libc_nano.a(lib_a-memmove.o)
 .debug_frame   0x0000000000000eb0       0x30 c:/st/stm32cubeide_1.0.2/stm32cubeide/plugins/com.st.stm32cube.ide.mcu.externaltools.gnu-tools-for-stm32.7-2018-q2-update.win32_1.0.0.201904181610/tools/bin/../lib/gcc/arm-none-eabi/7.3.1/../../../../arm-none-eabi/lib/thumb/v7e-m\libc_nano.a(lib_a-mlock.o)
 .debug_frame   0x0000000000000ee0       0x3c c:/st/stm32cubeide_1.0.2/stm32cubeide/plugins/com.st.stm32cube.ide.mcu.externaltools.gnu-tools-for-stm32.7-2018-q2-update.win32_1.0.0.201904181610/tools/bin/../lib/gcc/arm-none-eabi/7.3.1/../../../../arm-none-eabi/lib/thumb/v7e-m\libc_nano.a(lib_a-nano-reallocr.o)
 .debug_frame   0x0000000000000f1c       0x5c c:/st/stm32cubeide_1.0.2/stm32cubeide/plugins/com.st.stm32cube.ide.mcu.externaltools.gnu-tools-for-stm32.7-2018-q2-update.win32_1.0.0.201904181610/tools/bin/../lib/gcc/arm-none-eabi/7.3.1/../../../../arm-none-eabi/lib/thumb/v7e-m\libc_nano.a(lib_a-reent.o)
 .debug_frame   0x0000000000000f78       0x20 c:/st/stm32cubeide_1.0.2/stm32cubeide/plugins/com.st.stm32cube.ide.mcu.externaltools.gnu-tools-for-stm32.7-2018-q2-update.win32_1.0.0.201904181610/tools/bin/../lib/gcc/arm-none-eabi/7.3.1/../../../../arm-none-eabi/lib/thumb/v7e-m\libc_nano.a(lib_a-nano-msizer.o)
 .debug_frame   0x0000000000000f98       0xac c:/st/stm32cubeide_1.0.2/stm32cubeide/plugins/com.st.stm32cube.ide.mcu.externaltools.gnu-tools-for-stm32.7-2018-q2-update.win32_1.0.0.201904181610/tools/bin/../lib/gcc/arm-none-eabi/7.3.1/thumb/v7e-m\libgcc.a(_arm_addsubdf3.o)
 .debug_frame   0x0000000000001044       0x50 c:/st/stm32cubeide_1.0.2/stm32cubeide/plugins/com.st.stm32cube.ide.mcu.externaltools.gnu-tools-for-stm32.7-2018-q2-update.win32_1.0.0.201904181610/tools/bin/../lib/gcc/arm-none-eabi/7.3.1/thumb/v7e-m\libgcc.a(_arm_muldivdf3.o)
 .debug_frame   0x0000000000001094       0xc4 c:/st/stm32cubeide_1.0.2/stm32cubeide/plugins/com.st.stm32cube.ide.mcu.externaltools.gnu-tools-for-stm32.7-2018-q2-update.win32_1.0.0.201904181610/tools/bin/../lib/gcc/arm-none-eabi/7.3.1/thumb/v7e-m\libgcc.a(_arm_cmpdf2.o)
 .debug_frame   0x0000000000001158       0x20 c:/st/stm32cubeide_1.0.2/stm32cubeide/plugins/com.st.stm32cube.ide.mcu.externaltools.gnu-tools-for-stm32.7-2018-q2-update.win32_1.0.0.201904181610/tools/bin/../lib/gcc/arm-none-eabi/7.3.1/thumb/v7e-m\libgcc.a(_arm_unorddf2.o)
 .debug_frame   0x0000000000001178       0x24 c:/st/stm32cubeide_1.0.2/stm32cubeide/plugins/com.st.stm32cube.ide.mcu.externaltools.gnu-tools-for-stm32.7-2018-q2-update.win32_1.0.0.201904181610/tools/bin/../lib/gcc/arm-none-eabi/7.3.1/thumb/v7e-m\libgcc.a(_arm_fixdfsi.o)
 .debug_frame   0x000000000000119c       0x24 c:/st/stm32cubeide_1.0.2/stm32cubeide/plugins/com.st.stm32cube.ide.mcu.externaltools.gnu-tools-for-stm32.7-2018-q2-update.win32_1.0.0.201904181610/tools/bin/../lib/gcc/arm-none-eabi/7.3.1/thumb/v7e-m\libgcc.a(_arm_fixunsdfsi.o)
 .debug_frame   0x00000000000011c0       0x24 c:/st/stm32cubeide_1.0.2/stm32cubeide/plugins/com.st.stm32cube.ide.mcu.externaltools.gnu-tools-for-stm32.7-2018-q2-update.win32_1.0.0.201904181610/tools/bin/../lib/gcc/arm-none-eabi/7.3.1/thumb/v7e-m\libgcc.a(_arm_truncdfsf2.o)