09:22:50 **** Clean-only build of configuration Debug for project Knight Rider C ****
make -j8 clean 
rm -rf *
 
09:22:51 **** Build of configuration Debug for project Knight Rider C ****
make -j8 all 
arm-none-eabi-gcc -mcpu=cortex-m4 -g3 -c -x assembler-with-cpp --specs=nano.specs -mfloat-abi=soft -mthumb -o "Startup/startup_stm32f446retx.o" "../Startup/startup_stm32f446retx.s"
arm-none-eabi-gcc "../Src/led.c" -mcpu=cortex-m4 -std=gnu11 -g3 -DSTM32 -DSTM32F4 -DSTM32F446RETx -DDEBUG -DNUCLEO_F446RE -c -I../Inc -O0 -ffunction-sections -fdata-sections -Wall -fstack-usage -MMD -MP -MF"Src/led.d" -MT"Src/led.o" --specs=nano.specs -mfloat-abi=soft -mthumb -o "Src/led.o"
arm-none-eabi-gcc "../Src/main.c" -mcpu=cortex-m4 -std=gnu11 -g3 -DSTM32 -DSTM32F4 -DSTM32F446RETx -DDEBUG -DNUCLEO_F446RE -c -I../Inc -O0 -ffunction-sections -fdata-sections -Wall -fstack-usage -MMD -MP -MF"Src/main.d" -MT"Src/main.o" --specs=nano.specs -mfloat-abi=soft -mthumb -o "Src/main.o"
arm-none-eabi-gcc "../Src/syscalls.c" -mcpu=cortex-m4 -std=gnu11 -g3 -DSTM32 -DSTM32F4 -DSTM32F446RETx -DDEBUG -DNUCLEO_F446RE -c -I../Inc -O0 -ffunction-sections -fdata-sections -Wall -fstack-usage -MMD -MP -MF"Src/syscalls.d" -MT"Src/syscalls.o" --specs=nano.specs -mfloat-abi=soft -mthumb -o "Src/syscalls.o"
arm-none-eabi-gcc "../Src/sysmem.c" -mcpu=cortex-m4 -std=gnu11 -g3 -DSTM32 -DSTM32F4 -DSTM32F446RETx -DDEBUG -DNUCLEO_F446RE -c -I../Inc -O0 -ffunction-sections -fdata-sections -Wall -fstack-usage -MMD -MP -MF"Src/sysmem.d" -MT"Src/sysmem.o" --specs=nano.specs -mfloat-abi=soft -mthumb -o "Src/sysmem.o"
arm-none-eabi-gcc "../Src/timing.c" -mcpu=cortex-m4 -std=gnu11 -g3 -DSTM32 -DSTM32F4 -DSTM32F446RETx -DDEBUG -DNUCLEO_F446RE -c -I../Inc -O0 -ffunction-sections -fdata-sections -Wall -fstack-usage -MMD -MP -MF"Src/timing.d" -MT"Src/timing.o" --specs=nano.specs -mfloat-abi=soft -mthumb -o "Src/timing.o"
arm-none-eabi-gcc "../Src/uart_driver.c" -mcpu=cortex-m4 -std=gnu11 -g3 -DSTM32 -DSTM32F4 -DSTM32F446RETx -DDEBUG -DNUCLEO_F446RE -c -I../Inc -O0 -ffunction-sections -fdata-sections -Wall -fstack-usage -MMD -MP -MF"Src/uart_driver.d" -MT"Src/uart_driver.o" --specs=nano.specs -mfloat-abi=soft -mthumb -o "Src/uart_driver.o"
arm-none-eabi-gcc -o "Knight Rider C.elf" @"objects.list"   -mcpu=cortex-m4 -T"C:\Users\bretzj\Desktop\embedded\Embedded II\Knight Rider C\STM32F446RETX_FLASH.ld" --specs=nosys.specs -Wl,-Map="Knight Rider C.map" -Wl,--gc-sections -static --specs=nano.specs -mfloat-abi=soft -mthumb -u _printf_float -u _scanf_float -Wl,--start-group -lc -lm -Wl,--end-group
Finished building target: Knight Rider C.elf
 
arm-none-eabi-size   Knight\ Rider\ C.elf 
arm-none-eabi-objdump -h -S  Knight\ Rider\ C.elf  > "Knight Rider C.list"
   text	   data	    bss	    dec	    hex	filename
  19616	    472	   1584	  21672	   54a8	Knight Rider C.elf
Finished building: default.size.stdout
 
Finished building: Knight Rider C.list
 
09:39:22 **** Incremental Build of configuration Debug for project Knight Rider C ****
make -j8 all 
arm-none-eabi-gcc "../Src/main.c" -mcpu=cortex-m4 -std=gnu11 -g3 -DSTM32 -DSTM32F4 -DSTM32F446RETx -DDEBUG -DNUCLEO_F446RE -c -I../Inc -O0 -ffunction-sections -fdata-sections -Wall -fstack-usage -MMD -MP -MF"Src/main.d" -MT"Src/main.o" --specs=nano.specs -mfloat-abi=soft -mthumb -o "Src/main.o"
arm-none-eabi-gcc -o "Knight Rider C.elf" @"objects.list"   -mcpu=cortex-m4 -T"C:\Users\bretzj\Desktop\embedded\Embedded II\Knight Rider C\STM32F446RETX_FLASH.ld" --specs=nosys.specs -Wl,-Map="Knight Rider C.map" -Wl,--gc-sections -static --specs=nano.specs -mfloat-abi=soft -mthumb -u _printf_float -u _scanf_float -Wl,--start-group -lc -lm -Wl,--end-group
Finished building target: Knight Rider C.elf
 
arm-none-eabi-objdump -h -S  Knight\ Rider\ C.elf  > "Knight Rider C.list"
arm-none-eabi-size   Knight\ Rider\ C.elf 
   text	   data	    bss	    dec	    hex	filename
  19616	    472	   1584	  21672	   54a8	Knight Rider C.elf
Finished building: default.size.stdout
Finished building: Knight Rider C.list
 
 
10:50:45 **** Build of configuration Debug for project LCD Lab ****
make -j8 all 
arm-none-eabi-gcc -mcpu=cortex-m4 -g3 -c -x assembler-with-cpp --specs=nano.specs -mfloat-abi=soft -mthumb -o "Startup/startup_stm32f446retx.o" "../Startup/startup_stm32f446retx.s"
arm-none-eabi-gcc "../Src/lcd.c" -mcpu=cortex-m4 -std=gnu11 -g3 -DSTM32 -DSTM32F4 -DSTM32F446RETx -DDEBUG -DNUCLEO_F446RE -c -I../Inc -O0 -ffunction-sections -fdata-sections -Wall -fstack-usage -MMD -MP -MF"Src/lcd.d" -MT"Src/lcd.o" --specs=nano.specs -mfloat-abi=soft -mthumb -o "Src/lcd.o"
arm-none-eabi-gcc "../Src/main.c" -mcpu=cortex-m4 -std=gnu11 -g3 -DSTM32 -DSTM32F4 -DSTM32F446RETx -DDEBUG -DNUCLEO_F446RE -c -I../Inc -O0 -ffunction-sections -fdata-sections -Wall -fstack-usage -MMD -MP -MF"Src/main.d" -MT"Src/main.o" --specs=nano.specs -mfloat-abi=soft -mthumb -o "Src/main.o"
arm-none-eabi-gcc "../Src/syscalls.c" -mcpu=cortex-m4 -std=gnu11 -g3 -DSTM32 -DSTM32F4 -DSTM32F446RETx -DDEBUG -DNUCLEO_F446RE -c -I../Inc -O0 -ffunction-sections -fdata-sections -Wall -fstack-usage -MMD -MP -MF"Src/syscalls.d" -MT"Src/syscalls.o" --specs=nano.specs -mfloat-abi=soft -mthumb -o "Src/syscalls.o"
arm-none-eabi-gcc "../Src/sysmem.c" -mcpu=cortex-m4 -std=gnu11 -g3 -DSTM32 -DSTM32F4 -DSTM32F446RETx -DDEBUG -DNUCLEO_F446RE -c -I../Inc -O0 -ffunction-sections -fdata-sections -Wall -fstack-usage -MMD -MP -MF"Src/sysmem.d" -MT"Src/sysmem.o" --specs=nano.specs -mfloat-abi=soft -mthumb -o "Src/sysmem.o"
arm-none-eabi-gcc "../Src/timing.c" -mcpu=cortex-m4 -std=gnu11 -g3 -DSTM32 -DSTM32F4 -DSTM32F446RETx -DDEBUG -DNUCLEO_F446RE -c -I../Inc -O0 -ffunction-sections -fdata-sections -Wall -fstack-usage -MMD -MP -MF"Src/timing.d" -MT"Src/timing.o" --specs=nano.specs -mfloat-abi=soft -mthumb -o "Src/timing.o"
arm-none-eabi-gcc "../Src/uart_driver.c" -mcpu=cortex-m4 -std=gnu11 -g3 -DSTM32 -DSTM32F4 -DSTM32F446RETx -DDEBUG -DNUCLEO_F446RE -c -I../Inc -O0 -ffunction-sections -fdata-sections -Wall -fstack-usage -MMD -MP -MF"Src/uart_driver.d" -MT"Src/uart_driver.o" --specs=nano.specs -mfloat-abi=soft -mthumb -o "Src/uart_driver.o"
../Src/lcd.c:2:20: warning: extra tokens at end of #include directive
 #include "timing.h";
                    ^
../Src/lcd.c: In function 'lcd_init':
../Src/lcd.c:44:2: warning: implicit declaration of function 'lcd_clear' [-Wimplicit-function-declaration]
  lcd_clear();
  ^~~~~~~~~
At top level:
../Src/lcd.c:57:6: warning: 'write_data' defined but not used [-Wunused-function]
 void write_data(int data) {
      ^~~~~~~~~~
../Src/main.c: In function 'main':
../Src/main.c:18:19: warning: passing argument 1 of 'lcd_print_string' from incompatible pointer type [-Wincompatible-pointer-types]
  lcd_print_string("hello");
                   ^~~~~~~
In file included from ../Src/main.c:11:0:
../Inc/lcd.h:10:6: note: expected 'char **' but argument is of type 'char *'
 void lcd_print_string(char *string[]);
      ^~~~~~~~~~~~~~~~
arm-none-eabi-gcc -o "LCD Lab.elf" @"objects.list"   -mcpu=cortex-m4 -T"C:\Users\bretzj\Desktop\embedded\LCD Lab\STM32F446RETX_FLASH.ld" --specs=nosys.specs -Wl,-Map="LCD Lab.map" -Wl,--gc-sections -static --specs=nano.specs -mfloat-abi=soft -mthumb -u _printf_float -u _scanf_float -Wl,--start-group -lc -lm -Wl,--end-group
Src/lcd.o: In function `lcd_init':
C:/Users/bretzj/Desktop/embedded/LCD Lab/Debug/../Src/lcd.c:44: undefined reference to `lcd_clear'
Src/main.o: In function `main':
C:/Users/bretzj/Desktop/embedded/LCD Lab/Debug/../Src/main.c:18: undefined reference to `lcd_print_string'
collect2.exe: error: ld returned 1 exit status
make: *** [makefile:40: LCD Lab.elf] Error 1
"make -j8 all" terminated with exit code 2. Build might be incomplete.
10:52:03 **** Incremental Build of configuration Debug for project LCD Lab ****
make -j8 all 
arm-none-eabi-gcc "../Src/lcd.c" -mcpu=cortex-m4 -std=gnu11 -g3 -DSTM32 -DSTM32F4 -DSTM32F446RETx -DDEBUG -DNUCLEO_F446RE -c -I../Inc -O0 -ffunction-sections -fdata-sections -Wall -fstack-usage -MMD -MP -MF"Src/lcd.d" -MT"Src/lcd.o" --specs=nano.specs -mfloat-abi=soft -mthumb -o "Src/lcd.o"
../Src/lcd.c:2:20: warning: extra tokens at end of #include directive
 #include "timing.h";
                    ^
../Src/lcd.c: In function 'lcd_init':
../Src/lcd.c:44:2: warning: implicit declaration of function 'lcd_clear' [-Wimplicit-function-declaration]
  lcd_clear();
  ^~~~~~~~~
../Src/lcd.c: At top level:
../Src/lcd.c:61:6: warning: conflicting types for 'lcd_clear'
 void lcd_clear(void) {
      ^~~~~~~~~
../Src/lcd.c:44:2: note: previous implicit declaration of 'lcd_clear' was here
  lcd_clear();
  ^~~~~~~~~
../Src/lcd.c:57:6: warning: 'write_data' defined but not used [-Wunused-function]
 void write_data(int data) {
      ^~~~~~~~~~
arm-none-eabi-gcc -o "LCD Lab.elf" @"objects.list"   -mcpu=cortex-m4 -T"C:\Users\bretzj\Desktop\embedded\LCD Lab\STM32F446RETX_FLASH.ld" --specs=nosys.specs -Wl,-Map="LCD Lab.map" -Wl,--gc-sections -static --specs=nano.specs -mfloat-abi=soft -mthumb -u _printf_float -u _scanf_float -Wl,--start-group -lc -lm -Wl,--end-group
Finished building target: LCD Lab.elf
 
arm-none-eabi-size   LCD\ Lab.elf 
arm-none-eabi-objdump -h -S  LCD\ Lab.elf  > "LCD Lab.list"
   text	   data	    bss	    dec	    hex	filename
  19584	    472	   1584	  21640	   5488	LCD Lab.elf
Finished building: default.size.stdout
 
Finished building: LCD Lab.list
 
10:54:23 **** Incremental Build of configuration Debug for project LCD Lab ****
make -j8 all 
arm-none-eabi-gcc "../Src/lcd.c" -mcpu=cortex-m4 -std=gnu11 -g3 -DSTM32 -DSTM32F4 -DSTM32F446RETx -DDEBUG -DNUCLEO_F446RE -c -I../Inc -O0 -ffunction-sections -fdata-sections -Wall -fstack-usage -MMD -MP -MF"Src/lcd.d" -MT"Src/lcd.o" --specs=nano.specs -mfloat-abi=soft -mthumb -o "Src/lcd.o"
../Src/lcd.c:2:20: warning: extra tokens at end of #include directive
 #include "timing.h";
                    ^
../Src/lcd.c: In function 'lcd_init':
../Src/lcd.c:44:2: warning: implicit declaration of function 'lcd_clear' [-Wimplicit-function-declaration]
  lcd_clear();
  ^~~~~~~~~
../Src/lcd.c: At top level:
../Src/lcd.c:61:6: warning: conflicting types for 'lcd_clear'
 void lcd_clear(void) {
      ^~~~~~~~~
../Src/lcd.c:44:2: note: previous implicit declaration of 'lcd_clear' was here
  lcd_clear();
  ^~~~~~~~~
../Src/lcd.c:57:6: warning: 'write_data' defined but not used [-Wunused-function]
 void write_data(int data) {
      ^~~~~~~~~~
arm-none-eabi-gcc -o "LCD Lab.elf" @"objects.list"   -mcpu=cortex-m4 -T"C:\Users\bretzj\Desktop\embedded\LCD Lab\STM32F446RETX_FLASH.ld" --specs=nosys.specs -Wl,-Map="LCD Lab.map" -Wl,--gc-sections -static --specs=nano.specs -mfloat-abi=soft -mthumb -u _printf_float -u _scanf_float -Wl,--start-group -lc -lm -Wl,--end-group
Finished building target: LCD Lab.elf
 
arm-none-eabi-objdump -h -S  LCD\ Lab.elf  > "LCD Lab.list"
arm-none-eabi-size   LCD\ Lab.elf 
   text	   data	    bss	    dec	    hex	filename
  19592	    472	   1584	  21648	   5490	LCD Lab.elf
Finished building: default.size.stdout
Finished building: LCD Lab.list
 
 
10:55:14 **** Incremental Build of configuration Debug for project LCD Lab ****
make -j8 all 
arm-none-eabi-gcc "../Src/lcd.c" -mcpu=cortex-m4 -std=gnu11 -g3 -DSTM32 -DSTM32F4 -DSTM32F446RETx -DDEBUG -DNUCLEO_F446RE -c -I../Inc -O0 -ffunction-sections -fdata-sections -Wall -fstack-usage -MMD -MP -MF"Src/lcd.d" -MT"Src/lcd.o" --specs=nano.specs -mfloat-abi=soft -mthumb -o "Src/lcd.o"
../Src/lcd.c:2:20: warning: extra tokens at end of #include directive
 #include "timing.h";
                    ^
../Src/lcd.c:59:6: warning: 'write_data' defined but not used [-Wunused-function]
 void write_data(int data) {
      ^~~~~~~~~~
arm-none-eabi-gcc -o "LCD Lab.elf" @"objects.list"   -mcpu=cortex-m4 -T"C:\Users\bretzj\Desktop\embedded\LCD Lab\STM32F446RETX_FLASH.ld" --specs=nosys.specs -Wl,-Map="LCD Lab.map" -Wl,--gc-sections -static --specs=nano.specs -mfloat-abi=soft -mthumb -u _printf_float -u _scanf_float -Wl,--start-group -lc -lm -Wl,--end-group
Finished building target: LCD Lab.elf
 
arm-none-eabi-objdump -h -S  LCD\ Lab.elf  > "LCD Lab.list"
arm-none-eabi-size   LCD\ Lab.elf 
   text	   data	    bss	    dec	    hex	filename
  19592	    472	   1584	  21648	   5490	LCD Lab.elf
Finished building: default.size.stdout
Finished building: LCD Lab.list
 
 
11:04:10 **** Incremental Build of configuration Debug for project LCD Lab ****
make -j8 all 
arm-none-eabi-gcc "../Src/lcd.c" -mcpu=cortex-m4 -std=gnu11 -g3 -DSTM32 -DSTM32F4 -DSTM32F446RETx -DDEBUG -DNUCLEO_F446RE -c -I../Inc -O0 -ffunction-sections -fdata-sections -Wall -fstack-usage -MMD -MP -MF"Src/lcd.d" -MT"Src/lcd.o" --specs=nano.specs -mfloat-abi=soft -mthumb -o "Src/lcd.o"
../Src/lcd.c:2:20: warning: extra tokens at end of #include directive
 #include "timing.h";
                    ^
../Src/lcd.c:76:6: warning: 'write_data' defined but not used [-Wunused-function]
 void write_data(int data) {
      ^~~~~~~~~~
arm-none-eabi-gcc -o "LCD Lab.elf" @"objects.list"   -mcpu=cortex-m4 -T"C:\Users\bretzj\Desktop\embedded\LCD Lab\STM32F446RETX_FLASH.ld" --specs=nosys.specs -Wl,-Map="LCD Lab.map" -Wl,--gc-sections -static --specs=nano.specs -mfloat-abi=soft -mthumb -u _printf_float -u _scanf_float -Wl,--start-group -lc -lm -Wl,--end-group
Finished building target: LCD Lab.elf
 
arm-none-eabi-objdump -h -S  LCD\ Lab.elf  > "LCD Lab.list"
arm-none-eabi-size   LCD\ Lab.elf 
   text	   data	    bss	    dec	    hex	filename
  19664	    472	   1584	  21720	   54d8	LCD Lab.elf
Finished building: default.size.stdout
Finished building: LCD Lab.list
 
 
11:07:01 **** Incremental Build of configuration Debug for project LCD Lab ****
make -j8 all 
arm-none-eabi-gcc "../Src/lcd.c" -mcpu=cortex-m4 -std=gnu11 -g3 -DSTM32 -DSTM32F4 -DSTM32F446RETx -DDEBUG -DNUCLEO_F446RE -c -I../Inc -O0 -ffunction-sections -fdata-sections -Wall -fstack-usage -MMD -MP -MF"Src/lcd.d" -MT"Src/lcd.o" --specs=nano.specs -mfloat-abi=soft -mthumb -o "Src/lcd.o"
../Src/lcd.c:78:6: warning: 'write_data' defined but not used [-Wunused-function]
 void write_data(int data) {
      ^~~~~~~~~~
arm-none-eabi-gcc -o "LCD Lab.elf" @"objects.list"   -mcpu=cortex-m4 -T"C:\Users\bretzj\Desktop\embedded\LCD Lab\STM32F446RETX_FLASH.ld" --specs=nosys.specs -Wl,-Map="LCD Lab.map" -Wl,--gc-sections -static --specs=nano.specs -mfloat-abi=soft -mthumb -u _printf_float -u _scanf_float -Wl,--start-group -lc -lm -Wl,--end-group
Finished building target: LCD Lab.elf
 
arm-none-eabi-objdump -h -S  LCD\ Lab.elf  > "LCD Lab.list"
arm-none-eabi-size   LCD\ Lab.elf 
   text	   data	    bss	    dec	    hex	filename
  19664	    472	   1584	  21720	   54d8	LCD Lab.elf
Finished building: default.size.stdout
Finished building: LCD Lab.list
 
 
11:07:59 **** Incremental Build of configuration Debug for project LCD Lab ****
make -j8 all 
arm-none-eabi-gcc "../Src/lcd.c" -mcpu=cortex-m4 -std=gnu11 -g3 -DSTM32 -DSTM32F4 -DSTM32F446RETx -DDEBUG -DNUCLEO_F446RE -c -I../Inc -O0 -ffunction-sections -fdata-sections -Wall -fstack-usage -MMD -MP -MF"Src/lcd.d" -MT"Src/lcd.o" --specs=nano.specs -mfloat-abi=soft -mthumb -o "Src/lcd.o"
arm-none-eabi-gcc -o "LCD Lab.elf" @"objects.list"   -mcpu=cortex-m4 -T"C:\Users\bretzj\Desktop\embedded\LCD Lab\STM32F446RETX_FLASH.ld" --specs=nosys.specs -Wl,-Map="LCD Lab.map" -Wl,--gc-sections -static --specs=nano.specs -mfloat-abi=soft -mthumb -u _printf_float -u _scanf_float -Wl,--start-group -lc -lm -Wl,--end-group
Finished building target: LCD Lab.elf
 
arm-none-eabi-objdump -h -S  LCD\ Lab.elf  > "LCD Lab.list"
arm-none-eabi-size   LCD\ Lab.elf 
   text	   data	    bss	    dec	    hex	filename
  19664	    472	   1584	  21720	   54d8	LCD Lab.elf
Finished building: default.size.stdout
Finished building: LCD Lab.list
 
 
11:09:08 **** Incremental Build of configuration Debug for project LCD Lab ****
make -j8 all 
arm-none-eabi-gcc "../Src/main.c" -mcpu=cortex-m4 -std=gnu11 -g3 -DSTM32 -DSTM32F4 -DSTM32F446RETx -DDEBUG -DNUCLEO_F446RE -c -I../Inc -O0 -ffunction-sections -fdata-sections -Wall -fstack-usage -MMD -MP -MF"Src/main.d" -MT"Src/main.o" --specs=nano.specs -mfloat-abi=soft -mthumb -o "Src/main.o"
../Src/main.c: In function 'main':
../Src/main.c:18:16: error: 'a' undeclared (first use in this function)
  lcd_print_num(a);
                ^
../Src/main.c:18:16: note: each undeclared identifier is reported only once for each function it appears in
../Src/main.c:19:19: warning: passing argument 1 of 'lcd_print_string' from incompatible pointer type [-Wincompatible-pointer-types]
  lcd_print_string("hello");
                   ^~~~~~~
In file included from ../Src/main.c:11:0:
../Inc/lcd.h:10:6: note: expected 'char **' but argument is of type 'char *'
 void lcd_print_string(char *string[]);
      ^~~~~~~~~~~~~~~~
make: *** [Src/subdir.mk:35: Src/main.o] Error 1
"make -j8 all" terminated with exit code 2. Build might be incomplete.
11:09:19 **** Incremental Build of configuration Debug for project LCD Lab ****
make -j8 all 
arm-none-eabi-gcc "../Src/main.c" -mcpu=cortex-m4 -std=gnu11 -g3 -DSTM32 -DSTM32F4 -DSTM32F446RETx -DDEBUG -DNUCLEO_F446RE -c -I../Inc -O0 -ffunction-sections -fdata-sections -Wall -fstack-usage -MMD -MP -MF"Src/main.d" -MT"Src/main.o" --specs=nano.specs -mfloat-abi=soft -mthumb -o "Src/main.o"
../Src/main.c: In function 'main':
../Src/main.c:19:19: warning: passing argument 1 of 'lcd_print_string' from incompatible pointer type [-Wincompatible-pointer-types]
  lcd_print_string("hello");
                   ^~~~~~~
In file included from ../Src/main.c:11:0:
../Inc/lcd.h:10:6: note: expected 'char **' but argument is of type 'char *'
 void lcd_print_string(char *string[]);
      ^~~~~~~~~~~~~~~~
arm-none-eabi-gcc -o "LCD Lab.elf" @"objects.list"   -mcpu=cortex-m4 -T"C:\Users\bretzj\Desktop\embedded\LCD Lab\STM32F446RETX_FLASH.ld" --specs=nosys.specs -Wl,-Map="LCD Lab.map" -Wl,--gc-sections -static --specs=nano.specs -mfloat-abi=soft -mthumb -u _printf_float -u _scanf_float -Wl,--start-group -lc -lm -Wl,--end-group
Finished building target: LCD Lab.elf
 
arm-none-eabi-objdump -h -S  LCD\ Lab.elf  > "LCD Lab.list"
arm-none-eabi-size   LCD\ Lab.elf 
   text	   data	    bss	    dec	    hex	filename
  19792	    472	   1584	  21848	   5558	LCD Lab.elf
Finished building: default.size.stdout
Finished building: LCD Lab.list
 
 
11:09:46 **** Incremental Build of configuration Debug for project LCD Lab ****
make -j8 all 
arm-none-eabi-gcc "../Src/main.c" -mcpu=cortex-m4 -std=gnu11 -g3 -DSTM32 -DSTM32F4 -DSTM32F446RETx -DDEBUG -DNUCLEO_F446RE -c -I../Inc -O0 -ffunction-sections -fdata-sections -Wall -fstack-usage -MMD -MP -MF"Src/main.d" -MT"Src/main.o" --specs=nano.specs -mfloat-abi=soft -mthumb -o "Src/main.o"
arm-none-eabi-gcc -o "LCD Lab.elf" @"objects.list"   -mcpu=cortex-m4 -T"C:\Users\bretzj\Desktop\embedded\LCD Lab\STM32F446RETX_FLASH.ld" --specs=nosys.specs -Wl,-Map="LCD Lab.map" -Wl,--gc-sections -static --specs=nano.specs -mfloat-abi=soft -mthumb -u _printf_float -u _scanf_float -Wl,--start-group -lc -lm -Wl,--end-group
Finished building target: LCD Lab.elf
 
arm-none-eabi-objdump -h -S  LCD\ Lab.elf  > "LCD Lab.list"
arm-none-eabi-size   LCD\ Lab.elf 
   text	   data	    bss	    dec	    hex	filename
  19760	    472	   1584	  21816	   5538	LCD Lab.elf
Finished building: default.size.stdout
Finished building: LCD Lab.list
 
 
11:10:30 **** Incremental Build of configuration Debug for project LCD Lab ****
make -j8 all 
arm-none-eabi-size   LCD\ Lab.elf 
   text	   data	    bss	    dec	    hex	filename
  19760	    472	   1584	  21816	   5538	LCD Lab.elf
Finished building: default.size.stdout
 
11:13:23 **** Incremental Build of configuration Debug for project LCD Lab ****
make -j8 all 
arm-none-eabi-gcc "../Src/lcd.c" -mcpu=cortex-m4 -std=gnu11 -g3 -DSTM32 -DSTM32F4 -DSTM32F446RETx -DDEBUG -DNUCLEO_F446RE -c -I../Inc -O0 -ffunction-sections -fdata-sections -Wall -fstack-usage -MMD -MP -MF"Src/lcd.d" -MT"Src/lcd.o" --specs=nano.specs -mfloat-abi=soft -mthumb -o "Src/lcd.o"
arm-none-eabi-gcc -o "LCD Lab.elf" @"objects.list"   -mcpu=cortex-m4 -T"C:\Users\bretzj\Desktop\embedded\LCD Lab\STM32F446RETX_FLASH.ld" --specs=nosys.specs -Wl,-Map="LCD Lab.map" -Wl,--gc-sections -static --specs=nano.specs -mfloat-abi=soft -mthumb -u _printf_float -u _scanf_float -Wl,--start-group -lc -lm -Wl,--end-group
Finished building target: LCD Lab.elf
 
arm-none-eabi-objdump -h -S  LCD\ Lab.elf  > "LCD Lab.list"
arm-none-eabi-size   LCD\ Lab.elf 
   text	   data	    bss	    dec	    hex	filename
  19840	    472	   1584	  21896	   5588	LCD Lab.elf
Finished building: default.size.stdout
Finished building: LCD Lab.list
 
 
11:15:28 **** Incremental Build of configuration Debug for project LCD Lab ****
make -j8 all 
arm-none-eabi-gcc "../Src/lcd.c" -mcpu=cortex-m4 -std=gnu11 -g3 -DSTM32 -DSTM32F4 -DSTM32F446RETx -DDEBUG -DNUCLEO_F446RE -c -I../Inc -O0 -ffunction-sections -fdata-sections -Wall -fstack-usage -MMD -MP -MF"Src/lcd.d" -MT"Src/lcd.o" --specs=nano.specs -mfloat-abi=soft -mthumb -o "Src/lcd.o"
arm-none-eabi-gcc -o "LCD Lab.elf" @"objects.list"   -mcpu=cortex-m4 -T"C:\Users\bretzj\Desktop\embedded\LCD Lab\STM32F446RETX_FLASH.ld" --specs=nosys.specs -Wl,-Map="LCD Lab.map" -Wl,--gc-sections -static --specs=nano.specs -mfloat-abi=soft -mthumb -u _printf_float -u _scanf_float -Wl,--start-group -lc -lm -Wl,--end-group
Finished building target: LCD Lab.elf
 
arm-none-eabi-objdump -h -S  LCD\ Lab.elf  > "LCD Lab.list"
arm-none-eabi-size   LCD\ Lab.elf 
   text	   data	    bss	    dec	    hex	filename
  19848	    472	   1584	  21904	   5590	LCD Lab.elf
Finished building: default.size.stdout
Finished building: LCD Lab.list
 
 
11:20:39 **** Incremental Build of configuration Debug for project LCD Lab ****
make -j8 all 
arm-none-eabi-gcc "../Src/lcd.c" -mcpu=cortex-m4 -std=gnu11 -g3 -DSTM32 -DSTM32F4 -DSTM32F446RETx -DDEBUG -DNUCLEO_F446RE -c -I../Inc -O0 -ffunction-sections -fdata-sections -Wall -fstack-usage -MMD -MP -MF"Src/lcd.d" -MT"Src/lcd.o" --specs=nano.specs -mfloat-abi=soft -mthumb -o "Src/lcd.o"
arm-none-eabi-gcc -o "LCD Lab.elf" @"objects.list"   -mcpu=cortex-m4 -T"C:\Users\bretzj\Desktop\embedded\LCD Lab\STM32F446RETX_FLASH.ld" --specs=nosys.specs -Wl,-Map="LCD Lab.map" -Wl,--gc-sections -static --specs=nano.specs -mfloat-abi=soft -mthumb -u _printf_float -u _scanf_float -Wl,--start-group -lc -lm -Wl,--end-group
Finished building target: LCD Lab.elf
 
arm-none-eabi-objdump -h -S  LCD\ Lab.elf  > "LCD Lab.list"
arm-none-eabi-size   LCD\ Lab.elf 
   text	   data	    bss	    dec	    hex	filename
  19848	    472	   1584	  21904	   5590	LCD Lab.elf
Finished building: default.size.stdout
Finished building: LCD Lab.list
 
 
11:22:19 **** Incremental Build of configuration Debug for project LCD Lab ****
make -j8 all 
arm-none-eabi-gcc "../Src/timing.c" -mcpu=cortex-m4 -std=gnu11 -g3 -DSTM32 -DSTM32F4 -DSTM32F446RETx -DDEBUG -DNUCLEO_F446RE -c -I../Inc -O0 -ffunction-sections -fdata-sections -Wall -fstack-usage -MMD -MP -MF"Src/timing.d" -MT"Src/timing.o" --specs=nano.specs -mfloat-abi=soft -mthumb -o "Src/timing.o"
arm-none-eabi-gcc -o "LCD Lab.elf" @"objects.list"   -mcpu=cortex-m4 -T"C:\Users\bretzj\Desktop\embedded\LCD Lab\STM32F446RETX_FLASH.ld" --specs=nosys.specs -Wl,-Map="LCD Lab.map" -Wl,--gc-sections -static --specs=nano.specs -mfloat-abi=soft -mthumb -u _printf_float -u _scanf_float -Wl,--start-group -lc -lm -Wl,--end-group
Finished building target: LCD Lab.elf
 
arm-none-eabi-objdump -h -S  LCD\ Lab.elf  > "LCD Lab.list"
arm-none-eabi-size   LCD\ Lab.elf 
   text	   data	    bss	    dec	    hex	filename
  19848	    472	   1584	  21904	   5590	LCD Lab.elf
Finished building: default.size.stdout
Finished building: LCD Lab.list
 
 
11:26:01 **** Incremental Build of configuration Debug for project LCD Lab ****
make -j8 all 
arm-none-eabi-gcc "../Src/lcd.c" -mcpu=cortex-m4 -std=gnu11 -g3 -DSTM32 -DSTM32F4 -DSTM32F446RETx -DDEBUG -DNUCLEO_F446RE -c -I../Inc -O0 -ffunction-sections -fdata-sections -Wall -fstack-usage -MMD -MP -MF"Src/lcd.d" -MT"Src/lcd.o" --specs=nano.specs -mfloat-abi=soft -mthumb -o "Src/lcd.o"
../Src/lcd.c: In function 'write_instruction':
../Src/lcd.c:73:2: error: invalid operands to binary * (have 'int' and 'volatile int *')
  int send = ((inst & 0xFF)<<4)
             ~~~~~~~~~~~~~~~~~~
  *GPIOA_ODR |= send;
  ^
make: *** [Src/subdir.mk:33: Src/lcd.o] Error 1
"make -j8 all" terminated with exit code 2. Build might be incomplete.
11:26:35 **** Incremental Build of configuration Debug for project LCD Lab ****
make -j8 all 
arm-none-eabi-gcc "../Src/lcd.c" -mcpu=cortex-m4 -std=gnu11 -g3 -DSTM32 -DSTM32F4 -DSTM32F446RETx -DDEBUG -DNUCLEO_F446RE -c -I../Inc -O0 -ffunction-sections -fdata-sections -Wall -fstack-usage -MMD -MP -MF"Src/lcd.d" -MT"Src/lcd.o" --specs=nano.specs -mfloat-abi=soft -mthumb -o "Src/lcd.o"
../Src/lcd.c: In function 'write_instruction':
../Src/lcd.c:73:2: error: invalid operands to binary * (have 'int' and 'volatile int *')
  volatile int send = ((inst & 0xFF)<<4)
                      ~~~~~~~~~~~~~~~~~~
  *GPIOA_ODR |= send;
  ^
make: *** [Src/subdir.mk:33: Src/lcd.o] Error 1
"make -j8 all" terminated with exit code 2. Build might be incomplete.
11:26:52 **** Incremental Build of configuration Debug for project LCD Lab ****
make -j8 all 
arm-none-eabi-gcc "../Src/lcd.c" -mcpu=cortex-m4 -std=gnu11 -g3 -DSTM32 -DSTM32F4 -DSTM32F446RETx -DDEBUG -DNUCLEO_F446RE -c -I../Inc -O0 -ffunction-sections -fdata-sections -Wall -fstack-usage -MMD -MP -MF"Src/lcd.d" -MT"Src/lcd.o" --specs=nano.specs -mfloat-abi=soft -mthumb -o "Src/lcd.o"
arm-none-eabi-gcc -o "LCD Lab.elf" @"objects.list"   -mcpu=cortex-m4 -T"C:\Users\bretzj\Desktop\embedded\LCD Lab\STM32F446RETX_FLASH.ld" --specs=nosys.specs -Wl,-Map="LCD Lab.map" -Wl,--gc-sections -static --specs=nano.specs -mfloat-abi=soft -mthumb -u _printf_float -u _scanf_float -Wl,--start-group -lc -lm -Wl,--end-group
Finished building target: LCD Lab.elf
 
arm-none-eabi-objdump -h -S  LCD\ Lab.elf  > "LCD Lab.list"
arm-none-eabi-size   LCD\ Lab.elf 
   text	   data	    bss	    dec	    hex	filename
  19848	    472	   1584	  21904	   5590	LCD Lab.elf
Finished building: default.size.stdout
Finished building: LCD Lab.list
 
 
11:27:02 **** Incremental Build of configuration Debug for project LCD Lab ****
make -j8 all 
arm-none-eabi-size   LCD\ Lab.elf 
   text	   data	    bss	    dec	    hex	filename
  19848	    472	   1584	  21904	   5590	LCD Lab.elf
Finished building: default.size.stdout
 
11:30:25 **** Incremental Build of configuration Debug for project LCD Lab ****
make -j8 all 
arm-none-eabi-gcc "../Src/lcd.c" -mcpu=cortex-m4 -std=gnu11 -g3 -DSTM32 -DSTM32F4 -DSTM32F446RETx -DDEBUG -DNUCLEO_F446RE -c -I../Inc -O0 -ffunction-sections -fdata-sections -Wall -fstack-usage -MMD -MP -MF"Src/lcd.d" -MT"Src/lcd.o" --specs=nano.specs -mfloat-abi=soft -mthumb -o "Src/lcd.o"
arm-none-eabi-gcc -o "LCD Lab.elf" @"objects.list"   -mcpu=cortex-m4 -T"C:\Users\bretzj\Desktop\embedded\LCD Lab\STM32F446RETX_FLASH.ld" --specs=nosys.specs -Wl,-Map="LCD Lab.map" -Wl,--gc-sections -static --specs=nano.specs -mfloat-abi=soft -mthumb -u _printf_float -u _scanf_float -Wl,--start-group -lc -lm -Wl,--end-group
Finished building target: LCD Lab.elf
 
arm-none-eabi-objdump -h -S  LCD\ Lab.elf  > "LCD Lab.list"
arm-none-eabi-size   LCD\ Lab.elf 
   text	   data	    bss	    dec	    hex	filename
  19848	    472	   1584	  21904	   5590	LCD Lab.elf
Finished building: default.size.stdout
Finished building: LCD Lab.list
 
 
11:30:51 **** Incremental Build of configuration Debug for project LCD Lab ****
make -j8 all 
arm-none-eabi-size   LCD\ Lab.elf 
   text	   data	    bss	    dec	    hex	filename
  19848	    472	   1584	  21904	   5590	LCD Lab.elf
Finished building: default.size.stdout
 
11:34:14 **** Incremental Build of configuration Debug for project LCD Lab ****
make -j8 all 
arm-none-eabi-gcc "../Src/lcd.c" -mcpu=cortex-m4 -std=gnu11 -g3 -DSTM32 -DSTM32F4 -DSTM32F446RETx -DDEBUG -DNUCLEO_F446RE -c -I../Inc -O0 -ffunction-sections -fdata-sections -Wall -fstack-usage -MMD -MP -MF"Src/lcd.d" -MT"Src/lcd.o" --specs=nano.specs -mfloat-abi=soft -mthumb -o "Src/lcd.o"
arm-none-eabi-gcc -o "LCD Lab.elf" @"objects.list"   -mcpu=cortex-m4 -T"C:\Users\bretzj\Desktop\embedded\LCD Lab\STM32F446RETX_FLASH.ld" --specs=nosys.specs -Wl,-Map="LCD Lab.map" -Wl,--gc-sections -static --specs=nano.specs -mfloat-abi=soft -mthumb -u _printf_float -u _scanf_float -Wl,--start-group -lc -lm -Wl,--end-group
Finished building target: LCD Lab.elf
 
arm-none-eabi-objdump -h -S  LCD\ Lab.elf  > "LCD Lab.list"
arm-none-eabi-size   LCD\ Lab.elf 
   text	   data	    bss	    dec	    hex	filename
  19848	    472	   1584	  21904	   5590	LCD Lab.elf
Finished building: default.size.stdout
Finished building: LCD Lab.list
 
 
11:34:30 **** Incremental Build of configuration Debug for project LCD Lab ****
make -j8 all 
arm-none-eabi-size   LCD\ Lab.elf 
   text	   data	    bss	    dec	    hex	filename
  19848	    472	   1584	  21904	   5590	LCD Lab.elf
Finished building: default.size.stdout
 
11:35:02 **** Incremental Build of configuration Debug for project LCD Lab ****
make -j8 all 
arm-none-eabi-gcc "../Src/lcd.c" -mcpu=cortex-m4 -std=gnu11 -g3 -DSTM32 -DSTM32F4 -DSTM32F446RETx -DDEBUG -DNUCLEO_F446RE -c -I../Inc -O0 -ffunction-sections -fdata-sections -Wall -fstack-usage -MMD -MP -MF"Src/lcd.d" -MT"Src/lcd.o" --specs=nano.specs -mfloat-abi=soft -mthumb -o "Src/lcd.o"
arm-none-eabi-gcc -o "LCD Lab.elf" @"objects.list"   -mcpu=cortex-m4 -T"C:\Users\bretzj\Desktop\embedded\LCD Lab\STM32F446RETX_FLASH.ld" --specs=nosys.specs -Wl,-Map="LCD Lab.map" -Wl,--gc-sections -static --specs=nano.specs -mfloat-abi=soft -mthumb -u _printf_float -u _scanf_float -Wl,--start-group -lc -lm -Wl,--end-group
Finished building target: LCD Lab.elf
 
arm-none-eabi-objdump -h -S  LCD\ Lab.elf  > "LCD Lab.list"
arm-none-eabi-size   LCD\ Lab.elf 
   text	   data	    bss	    dec	    hex	filename
  19848	    472	   1584	  21904	   5590	LCD Lab.elf
Finished building: default.size.stdout
Finished building: LCD Lab.list
 
 
11:36:20 **** Incremental Build of configuration Debug for project LCD Lab ****
make -j8 all 
arm-none-eabi-gcc "../Src/lcd.c" -mcpu=cortex-m4 -std=gnu11 -g3 -DSTM32 -DSTM32F4 -DSTM32F446RETx -DDEBUG -DNUCLEO_F446RE -c -I../Inc -O0 -ffunction-sections -fdata-sections -Wall -fstack-usage -MMD -MP -MF"Src/lcd.d" -MT"Src/lcd.o" --specs=nano.specs -mfloat-abi=soft -mthumb -o "Src/lcd.o"
arm-none-eabi-gcc -o "LCD Lab.elf" @"objects.list"   -mcpu=cortex-m4 -T"C:\Users\bretzj\Desktop\embedded\LCD Lab\STM32F446RETX_FLASH.ld" --specs=nosys.specs -Wl,-Map="LCD Lab.map" -Wl,--gc-sections -static --specs=nano.specs -mfloat-abi=soft -mthumb -u _printf_float -u _scanf_float -Wl,--start-group -lc -lm -Wl,--end-group
Finished building target: LCD Lab.elf
 
arm-none-eabi-objdump -h -S  LCD\ Lab.elf  > "LCD Lab.list"
arm-none-eabi-size   LCD\ Lab.elf 
   text	   data	    bss	    dec	    hex	filename
  19848	    472	   1584	  21904	   5590	LCD Lab.elf
Finished building: default.size.stdout
Finished building: LCD Lab.list
 
 
11:46:31 **** Incremental Build of configuration Debug for project LCD Lab ****
make -j8 all 
arm-none-eabi-gcc "../Src/lcd.c" -mcpu=cortex-m4 -std=gnu11 -g3 -DSTM32 -DSTM32F4 -DSTM32F446RETx -DDEBUG -DNUCLEO_F446RE -c -I../Inc -O0 -ffunction-sections -fdata-sections -Wall -fstack-usage -MMD -MP -MF"Src/lcd.d" -MT"Src/lcd.o" --specs=nano.specs -mfloat-abi=soft -mthumb -o "Src/lcd.o"
arm-none-eabi-gcc -o "LCD Lab.elf" @"objects.list"   -mcpu=cortex-m4 -T"C:\Users\bretzj\Desktop\embedded\LCD Lab\STM32F446RETX_FLASH.ld" --specs=nosys.specs -Wl,-Map="LCD Lab.map" -Wl,--gc-sections -static --specs=nano.specs -mfloat-abi=soft -mthumb -u _printf_float -u _scanf_float -Wl,--start-group -lc -lm -Wl,--end-group
Finished building target: LCD Lab.elf
 
arm-none-eabi-objdump -h -S  LCD\ Lab.elf  > "LCD Lab.list"
arm-none-eabi-size   LCD\ Lab.elf 
   text	   data	    bss	    dec	    hex	filename
  19832	    472	   1584	  21888	   5580	LCD Lab.elf
Finished building: default.size.stdout
Finished building: LCD Lab.list
 
 
16:57:12 **** Incremental Build of configuration Debug for project LCD Lab ****
make -j8 all 
arm-none-eabi-size   LCD\ Lab.elf 
   text	   data	    bss	    dec	    hex	filename
  19832	    472	   1584	  21888	   5580	LCD Lab.elf
Finished building: default.size.stdout
 
09:16:09 **** Incremental Build of configuration Debug for project LCD Lab ****
make -j8 all 
arm-none-eabi-gcc "../Src/lcd.c" -mcpu=cortex-m4 -std=gnu11 -g3 -DSTM32 -DSTM32F4 -DSTM32F446RETx -DDEBUG -DNUCLEO_F446RE -c -I../Inc -O0 -ffunction-sections -fdata-sections -Wall -fstack-usage -MMD -MP -MF"Src/lcd.d" -MT"Src/lcd.o" --specs=nano.specs -mfloat-abi=soft -mthumb -o "Src/lcd.o"
../Src/lcd.c:3:10: fatal error: avr/io.h: No such file or directory
 #include <avr/io.h>
          ^~~~~~~~~~
compilation terminated.
make: *** [Src/subdir.mk:33: Src/lcd.o] Error 1
"make -j8 all" terminated with exit code 2. Build might be incomplete.
09:24:03 **** Incremental Build of configuration Debug for project LCD Lab ****
make -j8 all 
arm-none-eabi-gcc "../Src/lcd.c" -mcpu=cortex-m4 -std=gnu11 -g3 -DSTM32 -DSTM32F4 -DSTM32F446RETx -DDEBUG -DNUCLEO_F446RE -c -I../Inc -O0 -ffunction-sections -fdata-sections -Wall -fstack-usage -MMD -MP -MF"Src/lcd.d" -MT"Src/lcd.o" --specs=nano.specs -mfloat-abi=soft -mthumb -o "Src/lcd.o"
arm-none-eabi-gcc "../Src/main.c" -mcpu=cortex-m4 -std=gnu11 -g3 -DSTM32 -DSTM32F4 -DSTM32F446RETx -DDEBUG -DNUCLEO_F446RE -c -I../Inc -O0 -ffunction-sections -fdata-sections -Wall -fstack-usage -MMD -MP -MF"Src/main.d" -MT"Src/main.o" --specs=nano.specs -mfloat-abi=soft -mthumb -o "Src/main.o"
../Src/main.c: In function 'main':
../Src/main.c:18:19: warning: passing argument 1 of 'lcd_print_string' from incompatible pointer type [-Wincompatible-pointer-types]
  lcd_print_string("Start");
                   ^~~~~~~
In file included from ../Src/main.c:11:0:
../Inc/lcd.h:10:6: note: expected 'char **' but argument is of type 'char *'
 void lcd_print_string(char *string[]);
      ^~~~~~~~~~~~~~~~
../Src/main.c:20:19: warning: passing argument 1 of 'lcd_print_string' from incompatible pointer type [-Wincompatible-pointer-types]
  lcd_print_string("Counter!");
                   ^~~~~~~~~~
In file included from ../Src/main.c:11:0:
../Inc/lcd.h:10:6: note: expected 'char **' but argument is of type 'char *'
 void lcd_print_string(char *string[]);
      ^~~~~~~~~~~~~~~~
../Src/main.c:35:19: warning: passing argument 1 of 'lcd_print_string' from incompatible pointer type [-Wincompatible-pointer-types]
  lcd_print_string("Finished!");
                   ^~~~~~~~~~~
In file included from ../Src/main.c:11:0:
../Inc/lcd.h:10:6: note: expected 'char **' but argument is of type 'char *'
 void lcd_print_string(char *string[]);
      ^~~~~~~~~~~~~~~~
arm-none-eabi-gcc -o "LCD Lab.elf" @"objects.list"   -mcpu=cortex-m4 -T"C:\Users\bretzj\Desktop\embedded\LCD Lab\STM32F446RETX_FLASH.ld" --specs=nosys.specs -Wl,-Map="LCD Lab.map" -Wl,--gc-sections -static --specs=nano.specs -mfloat-abi=soft -mthumb -u _printf_float -u _scanf_float -Wl,--start-group -lc -lm -Wl,--end-group
Finished building target: LCD Lab.elf
 
arm-none-eabi-objdump -h -S  LCD\ Lab.elf  > "LCD Lab.list"
arm-none-eabi-size   LCD\ Lab.elf 
   text	   data	    bss	    dec	    hex	filename
  20032	    472	   1584	  22088	   5648	LCD Lab.elf
Finished building: default.size.stdout
Finished building: LCD Lab.list
 
 
09:25:19 **** Incremental Build of configuration Debug for project LCD Lab ****
make -j8 all 
arm-none-eabi-gcc "../Src/main.c" -mcpu=cortex-m4 -std=gnu11 -g3 -DSTM32 -DSTM32F4 -DSTM32F446RETx -DDEBUG -DNUCLEO_F446RE -c -I../Inc -O0 -ffunction-sections -fdata-sections -Wall -fstack-usage -MMD -MP -MF"Src/main.d" -MT"Src/main.o" --specs=nano.specs -mfloat-abi=soft -mthumb -o "Src/main.o"
arm-none-eabi-gcc -o "LCD Lab.elf" @"objects.list"   -mcpu=cortex-m4 -T"C:\Users\bretzj\Desktop\embedded\LCD Lab\STM32F446RETX_FLASH.ld" --specs=nosys.specs -Wl,-Map="LCD Lab.map" -Wl,--gc-sections -static --specs=nano.specs -mfloat-abi=soft -mthumb -u _printf_float -u _scanf_float -Wl,--start-group -lc -lm -Wl,--end-group
Finished building target: LCD Lab.elf
 
arm-none-eabi-objdump -h -S  LCD\ Lab.elf  > "LCD Lab.list"
arm-none-eabi-size   LCD\ Lab.elf 
   text	   data	    bss	    dec	    hex	filename
  20032	    472	   1584	  22088	   5648	LCD Lab.elf
Finished building: default.size.stdout
Finished building: LCD Lab.list
 
 
09:29:13 **** Incremental Build of configuration Debug for project LCD Lab ****
make -j8 all 
arm-none-eabi-gcc "../Src/lcd.c" -mcpu=cortex-m4 -std=gnu11 -g3 -DSTM32 -DSTM32F4 -DSTM32F446RETx -DDEBUG -DNUCLEO_F446RE -c -I../Inc -O0 -ffunction-sections -fdata-sections -Wall -fstack-usage -MMD -MP -MF"Src/lcd.d" -MT"Src/lcd.o" --specs=nano.specs -mfloat-abi=soft -mthumb -o "Src/lcd.o"
arm-none-eabi-gcc -o "LCD Lab.elf" @"objects.list"   -mcpu=cortex-m4 -T"C:\Users\bretzj\Desktop\embedded\LCD Lab\STM32F446RETX_FLASH.ld" --specs=nosys.specs -Wl,-Map="LCD Lab.map" -Wl,--gc-sections -static --specs=nano.specs -mfloat-abi=soft -mthumb -u _printf_float -u _scanf_float -Wl,--start-group -lc -lm -Wl,--end-group
Finished building target: LCD Lab.elf
 
arm-none-eabi-objdump -h -S  LCD\ Lab.elf  > "LCD Lab.list"
arm-none-eabi-size   LCD\ Lab.elf 
   text	   data	    bss	    dec	    hex	filename
  19616	    472	   1584	  21672	   54a8	LCD Lab.elf
Finished building: default.size.stdout
Finished building: LCD Lab.list
 
 
09:35:48 **** Incremental Build of configuration Debug for project LCD Lab ****
make -j8 all 
arm-none-eabi-gcc "../Src/lcd.c" -mcpu=cortex-m4 -std=gnu11 -g3 -DSTM32 -DSTM32F4 -DSTM32F446RETx -DDEBUG -DNUCLEO_F446RE -c -I../Inc -O0 -ffunction-sections -fdata-sections -Wall -fstack-usage -MMD -MP -MF"Src/lcd.d" -MT"Src/lcd.o" --specs=nano.specs -mfloat-abi=soft -mthumb -o "Src/lcd.o"
../Src/lcd.c: In function 'lcd_init':
../Src/lcd.c:8:2: warning: implicit declaration of function 'enable_GPIO' [-Wimplicit-function-declaration]
  enable_GPIO('B');
  ^~~~~~~~~~~
../Src/lcd.c:9:2: warning: implicit declaration of function 'init_PB0_to_PB2_mode' [-Wimplicit-function-declaration]
  init_PB0_to_PB2_mode();
  ^~~~~~~~~~~~~~~~~~~~
../Src/lcd.c:12:2: warning: implicit declaration of function 'init_PC8_to_PC11_mode' [-Wimplicit-function-declaration]
  init_PC8_to_PC11_mode();
  ^~~~~~~~~~~~~~~~~~~~~
../Src/lcd.c:14:2: warning: implicit declaration of function 'lcd_set_up'; did you mean 'fd_set'? [-Wimplicit-function-declaration]
  lcd_set_up();
  ^~~~~~~~~~
  fd_set
../Src/lcd.c: At top level:
../Src/lcd.c:17:6: warning: conflicting types for 'enable_GPIO'
 void enable_GPIO(char port) {
      ^~~~~~~~~~~
../Src/lcd.c:8:2: note: previous implicit declaration of 'enable_GPIO' was here
  enable_GPIO('B');
  ^~~~~~~~~~~
../Src/lcd.c: In function 'enable_GPIO':
../Src/lcd.c:18:47: error: 'RCC_AHB1ENR' undeclared (first use in this function)
  volatile uint32_t* rcc_ahb1enr = (uint32_t*) RCC_AHB1ENR;
                                               ^~~~~~~~~~~
../Src/lcd.c:18:47: note: each undeclared identifier is reported only once for each function it appears in
make: *** [Src/subdir.mk:33: Src/lcd.o] Error 1
"make -j8 all" terminated with exit code 2. Build might be incomplete.
09:36:08 **** Incremental Build of configuration Debug for project LCD Lab ****
make -j8 all 
arm-none-eabi-gcc "../Src/lcd.c" -mcpu=cortex-m4 -std=gnu11 -g3 -DSTM32 -DSTM32F4 -DSTM32F446RETx -DDEBUG -DNUCLEO_F446RE -c -I../Inc -O0 -ffunction-sections -fdata-sections -Wall -fstack-usage -MMD -MP -MF"Src/lcd.d" -MT"Src/lcd.o" --specs=nano.specs -mfloat-abi=soft -mthumb -o "Src/lcd.o"
../Src/lcd.c: In function 'lcd_init':
../Src/lcd.c:8:2: warning: implicit declaration of function 'enable_GPIO' [-Wimplicit-function-declaration]
  enable_GPIO('B');
  ^~~~~~~~~~~
../Src/lcd.c:9:2: warning: implicit declaration of function 'init_PB0_to_PB2_mode' [-Wimplicit-function-declaration]
  init_PB0_to_PB2_mode();
  ^~~~~~~~~~~~~~~~~~~~
../Src/lcd.c:12:2: warning: implicit declaration of function 'init_PC8_to_PC11_mode' [-Wimplicit-function-declaration]
  init_PC8_to_PC11_mode();
  ^~~~~~~~~~~~~~~~~~~~~
../Src/lcd.c:14:2: warning: implicit declaration of function 'lcd_set_up'; did you mean 'fd_set'? [-Wimplicit-function-declaration]
  lcd_set_up();
  ^~~~~~~~~~
  fd_set
../Src/lcd.c: At top level:
../Src/lcd.c:17:6: warning: conflicting types for 'enable_GPIO'
 void enable_GPIO(char port) {
      ^~~~~~~~~~~
../Src/lcd.c:8:2: note: previous implicit declaration of 'enable_GPIO' was here
  enable_GPIO('B');
  ^~~~~~~~~~~
arm-none-eabi-gcc -o "LCD Lab.elf" @"objects.list"   -mcpu=cortex-m4 -T"C:\Users\bretzj\Desktop\embedded\LCD Lab\STM32F446RETX_FLASH.ld" --specs=nosys.specs -Wl,-Map="LCD Lab.map" -Wl,--gc-sections -static --specs=nano.specs -mfloat-abi=soft -mthumb -u _printf_float -u _scanf_float -Wl,--start-group -lc -lm -Wl,--end-group
Src/lcd.o: In function `lcd_init':
C:/Users/bretzj/Desktop/embedded/LCD Lab/Debug/../Src/lcd.c:9: undefined reference to `init_PB0_to_PB2_mode'
C:/Users/bretzj/Desktop/embedded/LCD Lab/Debug/../Src/lcd.c:12: undefined reference to `init_PC8_to_PC11_mode'
C:/Users/bretzj/Desktop/embedded/LCD Lab/Debug/../Src/lcd.c:14: undefined reference to `lcd_set_up'
collect2.exe: error: ld returned 1 exit status
make: *** [makefile:40: LCD Lab.elf] Error 1
"make -j8 all" terminated with exit code 2. Build might be incomplete.
09:36:40 **** Incremental Build of configuration Debug for project LCD Lab ****
make -j8 all 
arm-none-eabi-gcc "../Src/lcd.c" -mcpu=cortex-m4 -std=gnu11 -g3 -DSTM32 -DSTM32F4 -DSTM32F446RETx -DDEBUG -DNUCLEO_F446RE -c -I../Inc -O0 -ffunction-sections -fdata-sections -Wall -fstack-usage -MMD -MP -MF"Src/lcd.d" -MT"Src/lcd.o" --specs=nano.specs -mfloat-abi=soft -mthumb -o "Src/lcd.o"
../Src/lcd.c: In function 'lcd_init':
../Src/lcd.c:10:2: warning: implicit declaration of function 'init_PB0_to_PB2_mode' [-Wimplicit-function-declaration]
  init_PB0_to_PB2_mode();
  ^~~~~~~~~~~~~~~~~~~~
../Src/lcd.c:13:2: warning: implicit declaration of function 'init_PC8_to_PC11_mode' [-Wimplicit-function-declaration]
  init_PC8_to_PC11_mode();
  ^~~~~~~~~~~~~~~~~~~~~
../Src/lcd.c:15:2: warning: implicit declaration of function 'lcd_set_up'; did you mean 'fd_set'? [-Wimplicit-function-declaration]
  lcd_set_up();
  ^~~~~~~~~~
  fd_set
arm-none-eabi-gcc -o "LCD Lab.elf" @"objects.list"   -mcpu=cortex-m4 -T"C:\Users\bretzj\Desktop\embedded\LCD Lab\STM32F446RETX_FLASH.ld" --specs=nosys.specs -Wl,-Map="LCD Lab.map" -Wl,--gc-sections -static --specs=nano.specs -mfloat-abi=soft -mthumb -u _printf_float -u _scanf_float -Wl,--start-group -lc -lm -Wl,--end-group
Src/lcd.o: In function `lcd_init':
C:/Users/bretzj/Desktop/embedded/LCD Lab/Debug/../Src/lcd.c:10: undefined reference to `init_PB0_to_PB2_mode'
C:/Users/bretzj/Desktop/embedded/LCD Lab/Debug/../Src/lcd.c:13: undefined reference to `init_PC8_to_PC11_mode'
C:/Users/bretzj/Desktop/embedded/LCD Lab/Debug/../Src/lcd.c:15: undefined reference to `lcd_set_up'
collect2.exe: error: ld returned 1 exit status
make: *** [makefile:40: LCD Lab.elf] Error 1
"make -j8 all" terminated with exit code 2. Build might be incomplete.
09:38:32 **** Incremental Build of configuration Debug for project LCD Lab ****
make -j8 all 
arm-none-eabi-gcc "../Src/lcd.c" -mcpu=cortex-m4 -std=gnu11 -g3 -DSTM32 -DSTM32F4 -DSTM32F446RETx -DDEBUG -DNUCLEO_F446RE -c -I../Inc -O0 -ffunction-sections -fdata-sections -Wall -fstack-usage -MMD -MP -MF"Src/lcd.d" -MT"Src/lcd.o" --specs=nano.specs -mfloat-abi=soft -mthumb -o "Src/lcd.o"
../Src/lcd.c: In function 'lcd_init':
../Src/lcd.c:10:2: warning: implicit declaration of function 'init_PB0_to_PB2_mode' [-Wimplicit-function-declaration]
  init_PB0_to_PB2_mode();
  ^~~~~~~~~~~~~~~~~~~~
../Src/lcd.c:13:2: warning: implicit declaration of function 'init_PC8_to_PC11_mode' [-Wimplicit-function-declaration]
  init_PC8_to_PC11_mode();
  ^~~~~~~~~~~~~~~~~~~~~
../Src/lcd.c:15:2: warning: implicit declaration of function 'lcd_set_up'; did you mean 'fd_set'? [-Wimplicit-function-declaration]
  lcd_set_up();
  ^~~~~~~~~~
  fd_set
../Src/lcd.c: At top level:
../Src/lcd.c:50:13: warning: conflicting types for 'init_PB0_to_PB2_mode'
 static void init_PB0_to_PB2_mode() {
             ^~~~~~~~~~~~~~~~~~~~
../Src/lcd.c:50:13: error: static declaration of 'init_PB0_to_PB2_mode' follows non-static declaration
../Src/lcd.c:10:2: note: previous implicit declaration of 'init_PB0_to_PB2_mode' was here
  init_PB0_to_PB2_mode();
  ^~~~~~~~~~~~~~~~~~~~
../Src/lcd.c: In function 'init_PB0_to_PB2_mode':
../Src/lcd.c:52:27: error: 'GPIOB_BASE' undeclared (first use in this function)
  gpiob_base = (uint32_t*) GPIOB_BASE;
                           ^~~~~~~~~~
../Src/lcd.c:52:27: note: each undeclared identifier is reported only once for each function it appears in
../Src/lcd.c:54:14: error: 'MODER' undeclared (first use in this function)
   gpiob_base[MODER] &= ~(0b11 << (bit * 2)); // make sure all bits are set to zero.
              ^~~~~
../Src/lcd.c:55:24: error: 'OUTPUT' undeclared (first use in this function)
   gpiob_base[MODER] |= OUTPUT << (bit * 2); // set mode from PB0 to PB2 to output mode.
                        ^~~~~~
../Src/lcd.c:51:21: warning: variable 'gpiob_base' set but not used [-Wunused-but-set-variable]
  volatile uint32_t* gpiob_base;
                     ^~~~~~~~~~
../Src/lcd.c: At top level:
../Src/lcd.c:60:13: warning: conflicting types for 'init_PC8_to_PC11_mode'
 static void init_PC8_to_PC11_mode() {
             ^~~~~~~~~~~~~~~~~~~~~
../Src/lcd.c:60:13: error: static declaration of 'init_PC8_to_PC11_mode' follows non-static declaration
../Src/lcd.c:13:2: note: previous implicit declaration of 'init_PC8_to_PC11_mode' was here
  init_PC8_to_PC11_mode();
  ^~~~~~~~~~~~~~~~~~~~~
../Src/lcd.c: In function 'init_PC8_to_PC11_mode':
../Src/lcd.c:62:27: error: 'GPIOC_BASE' undeclared (first use in this function)
  gpioc_base = (uint32_t*) GPIOC_BASE;
                           ^~~~~~~~~~
../Src/lcd.c:64:14: error: 'MODER' undeclared (first use in this function)
   gpioc_base[MODER] &= ~(0b11 << (bit * 2)); // make sure all bits are set to zero.
              ^~~~~
../Src/lcd.c:65:24: error: 'OUTPUT' undeclared (first use in this function)
   gpioc_base[MODER] |= OUTPUT << (bit * 2); // set mode from PC7 to PC11 to output mode.
                        ^~~~~~
../Src/lcd.c:61:21: warning: variable 'gpioc_base' set but not used [-Wunused-but-set-variable]
  volatile uint32_t* gpioc_base;
                     ^~~~~~~~~~
At top level:
../Src/lcd.c:60:13: warning: 'init_PC8_to_PC11_mode' defined but not used [-Wunused-function]
 static void init_PC8_to_PC11_mode() {
             ^~~~~~~~~~~~~~~~~~~~~
../Src/lcd.c:50:13: warning: 'init_PB0_to_PB2_mode' defined but not used [-Wunused-function]
 static void init_PB0_to_PB2_mode() {
             ^~~~~~~~~~~~~~~~~~~~
make: *** [Src/subdir.mk:33: Src/lcd.o] Error 1
"make -j8 all" terminated with exit code 2. Build might be incomplete.
09:38:46 **** Incremental Build of configuration Debug for project LCD Lab ****
make -j8 all 
arm-none-eabi-gcc "../Src/lcd.c" -mcpu=cortex-m4 -std=gnu11 -g3 -DSTM32 -DSTM32F4 -DSTM32F446RETx -DDEBUG -DNUCLEO_F446RE -c -I../Inc -O0 -ffunction-sections -fdata-sections -Wall -fstack-usage -MMD -MP -MF"Src/lcd.d" -MT"Src/lcd.o" --specs=nano.specs -mfloat-abi=soft -mthumb -o "Src/lcd.o"
../Src/lcd.c: In function 'lcd_init':
../Src/lcd.c:10:2: warning: implicit declaration of function 'init_PB0_to_PB2_mode' [-Wimplicit-function-declaration]
  init_PB0_to_PB2_mode();
  ^~~~~~~~~~~~~~~~~~~~
../Src/lcd.c:13:2: warning: implicit declaration of function 'init_PC8_to_PC11_mode' [-Wimplicit-function-declaration]
  init_PC8_to_PC11_mode();
  ^~~~~~~~~~~~~~~~~~~~~
../Src/lcd.c:15:2: warning: implicit declaration of function 'lcd_set_up'; did you mean 'fd_set'? [-Wimplicit-function-declaration]
  lcd_set_up();
  ^~~~~~~~~~
  fd_set
../Src/lcd.c: At top level:
../Src/lcd.c:50:6: warning: conflicting types for 'init_PB0_to_PB2_mode'
 void init_PB0_to_PB2_mode() {
      ^~~~~~~~~~~~~~~~~~~~
../Src/lcd.c:10:2: note: previous implicit declaration of 'init_PB0_to_PB2_mode' was here
  init_PB0_to_PB2_mode();
  ^~~~~~~~~~~~~~~~~~~~
../Src/lcd.c: In function 'init_PB0_to_PB2_mode':
../Src/lcd.c:52:27: error: 'GPIOB_BASE' undeclared (first use in this function)
  gpiob_base = (uint32_t*) GPIOB_BASE;
                           ^~~~~~~~~~
../Src/lcd.c:52:27: note: each undeclared identifier is reported only once for each function it appears in
../Src/lcd.c:54:14: error: 'MODER' undeclared (first use in this function)
   gpiob_base[MODER] &= ~(0b11 << (bit * 2)); // make sure all bits are set to zero.
              ^~~~~
../Src/lcd.c:55:24: error: 'OUTPUT' undeclared (first use in this function)
   gpiob_base[MODER] |= OUTPUT << (bit * 2); // set mode from PB0 to PB2 to output mode.
                        ^~~~~~
../Src/lcd.c:51:21: warning: variable 'gpiob_base' set but not used [-Wunused-but-set-variable]
  volatile uint32_t* gpiob_base;
                     ^~~~~~~~~~
../Src/lcd.c: At top level:
../Src/lcd.c:60:6: warning: conflicting types for 'init_PC8_to_PC11_mode'
 void init_PC8_to_PC11_mode() {
      ^~~~~~~~~~~~~~~~~~~~~
../Src/lcd.c:13:2: note: previous implicit declaration of 'init_PC8_to_PC11_mode' was here
  init_PC8_to_PC11_mode();
  ^~~~~~~~~~~~~~~~~~~~~
../Src/lcd.c: In function 'init_PC8_to_PC11_mode':
../Src/lcd.c:62:27: error: 'GPIOC_BASE' undeclared (first use in this function)
  gpioc_base = (uint32_t*) GPIOC_BASE;
                           ^~~~~~~~~~
../Src/lcd.c:64:14: error: 'MODER' undeclared (first use in this function)
   gpioc_base[MODER] &= ~(0b11 << (bit * 2)); // make sure all bits are set to zero.
              ^~~~~
../Src/lcd.c:65:24: error: 'OUTPUT' undeclared (first use in this function)
   gpioc_base[MODER] |= OUTPUT << (bit * 2); // set mode from PC7 to PC11 to output mode.
                        ^~~~~~
../Src/lcd.c:61:21: warning: variable 'gpioc_base' set but not used [-Wunused-but-set-variable]
  volatile uint32_t* gpioc_base;
                     ^~~~~~~~~~
make: *** [Src/subdir.mk:33: Src/lcd.o] Error 1
"make -j8 all" terminated with exit code 2. Build might be incomplete.
09:39:15 **** Incremental Build of configuration Debug for project LCD Lab ****
make -j8 all 
arm-none-eabi-gcc "../Src/lcd.c" -mcpu=cortex-m4 -std=gnu11 -g3 -DSTM32 -DSTM32F4 -DSTM32F446RETx -DDEBUG -DNUCLEO_F446RE -c -I../Inc -O0 -ffunction-sections -fdata-sections -Wall -fstack-usage -MMD -MP -MF"Src/lcd.d" -MT"Src/lcd.o" --specs=nano.specs -mfloat-abi=soft -mthumb -o "Src/lcd.o"
../Src/lcd.c: In function 'lcd_init':
../Src/lcd.c:14:2: warning: implicit declaration of function 'init_PB0_to_PB2_mode' [-Wimplicit-function-declaration]
  init_PB0_to_PB2_mode();
  ^~~~~~~~~~~~~~~~~~~~
../Src/lcd.c:17:2: warning: implicit declaration of function 'init_PC8_to_PC11_mode' [-Wimplicit-function-declaration]
  init_PC8_to_PC11_mode();
  ^~~~~~~~~~~~~~~~~~~~~
../Src/lcd.c:19:2: warning: implicit declaration of function 'lcd_set_up'; did you mean 'fd_set'? [-Wimplicit-function-declaration]
  lcd_set_up();
  ^~~~~~~~~~
  fd_set
../Src/lcd.c: At top level:
../Src/lcd.c:54:6: warning: conflicting types for 'init_PB0_to_PB2_mode'
 void init_PB0_to_PB2_mode() {
      ^~~~~~~~~~~~~~~~~~~~
../Src/lcd.c:14:2: note: previous implicit declaration of 'init_PB0_to_PB2_mode' was here
  init_PB0_to_PB2_mode();
  ^~~~~~~~~~~~~~~~~~~~
../Src/lcd.c: In function 'init_PB0_to_PB2_mode':
../Src/lcd.c:58:14: error: 'MODER' undeclared (first use in this function)
   gpiob_base[MODER] &= ~(0b11 << (bit * 2)); // make sure all bits are set to zero.
              ^~~~~
../Src/lcd.c:58:14: note: each undeclared identifier is reported only once for each function it appears in
../Src/lcd.c:59:24: error: 'OUTPUT' undeclared (first use in this function)
   gpiob_base[MODER] |= OUTPUT << (bit * 2); // set mode from PB0 to PB2 to output mode.
                        ^~~~~~
../Src/lcd.c:55:21: warning: variable 'gpiob_base' set but not used [-Wunused-but-set-variable]
  volatile uint32_t* gpiob_base;
                     ^~~~~~~~~~
../Src/lcd.c: At top level:
../Src/lcd.c:64:6: warning: conflicting types for 'init_PC8_to_PC11_mode'
 void init_PC8_to_PC11_mode() {
      ^~~~~~~~~~~~~~~~~~~~~
../Src/lcd.c:17:2: note: previous implicit declaration of 'init_PC8_to_PC11_mode' was here
  init_PC8_to_PC11_mode();
  ^~~~~~~~~~~~~~~~~~~~~
../Src/lcd.c: In function 'init_PC8_to_PC11_mode':
../Src/lcd.c:68:14: error: 'MODER' undeclared (first use in this function)
   gpioc_base[MODER] &= ~(0b11 << (bit * 2)); // make sure all bits are set to zero.
              ^~~~~
../Src/lcd.c:69:24: error: 'OUTPUT' undeclared (first use in this function)
   gpioc_base[MODER] |= OUTPUT << (bit * 2); // set mode from PC7 to PC11 to output mode.
                        ^~~~~~
../Src/lcd.c:65:21: warning: variable 'gpioc_base' set but not used [-Wunused-but-set-variable]
  volatile uint32_t* gpioc_base;
                     ^~~~~~~~~~
make: *** [Src/subdir.mk:33: Src/lcd.o] Error 1
"make -j8 all" terminated with exit code 2. Build might be incomplete.
09:39:38 **** Incremental Build of configuration Debug for project LCD Lab ****
make -j8 all 
arm-none-eabi-gcc "../Src/lcd.c" -mcpu=cortex-m4 -std=gnu11 -g3 -DSTM32 -DSTM32F4 -DSTM32F446RETx -DDEBUG -DNUCLEO_F446RE -c -I../Inc -O0 -ffunction-sections -fdata-sections -Wall -fstack-usage -MMD -MP -MF"Src/lcd.d" -MT"Src/lcd.o" --specs=nano.specs -mfloat-abi=soft -mthumb -o "Src/lcd.o"
../Src/lcd.c: In function 'lcd_init':
../Src/lcd.c:14:2: warning: implicit declaration of function 'init_PB0_to_PB2_mode' [-Wimplicit-function-declaration]
  init_PB0_to_PB2_mode();
  ^~~~~~~~~~~~~~~~~~~~
../Src/lcd.c:17:2: warning: implicit declaration of function 'init_PC8_to_PC11_mode' [-Wimplicit-function-declaration]
  init_PC8_to_PC11_mode();
  ^~~~~~~~~~~~~~~~~~~~~
../Src/lcd.c:19:2: warning: implicit declaration of function 'lcd_set_up'; did you mean 'fd_set'? [-Wimplicit-function-declaration]
  lcd_set_up();
  ^~~~~~~~~~
  fd_set
../Src/lcd.c: At top level:
../Src/lcd.c:54:6: warning: conflicting types for 'init_PB0_to_PB2_mode'
 void init_PB0_to_PB2_mode() {
      ^~~~~~~~~~~~~~~~~~~~
../Src/lcd.c:14:2: note: previous implicit declaration of 'init_PB0_to_PB2_mode' was here
  init_PB0_to_PB2_mode();
  ^~~~~~~~~~~~~~~~~~~~
../Src/lcd.c: In function 'init_PB0_to_PB2_mode':
../Src/lcd.c:58:14: error: 'MODER' undeclared (first use in this function)
   gpiob_base[MODER] &= ~(0b11 << (bit * 2)); // make sure all bits are set to zero.
              ^~~~~
../Src/lcd.c:58:14: note: each undeclared identifier is reported only once for each function it appears in
../Src/lcd.c:59:24: error: 'OUTPUT' undeclared (first use in this function)
   gpiob_base[MODER] |= OUTPUT << (bit * 2); // set mode from PB0 to PB2 to output mode.
                        ^~~~~~
../Src/lcd.c:55:21: warning: variable 'gpiob_base' set but not used [-Wunused-but-set-variable]
  volatile uint32_t* gpiob_base;
                     ^~~~~~~~~~
../Src/lcd.c: At top level:
../Src/lcd.c:64:6: warning: conflicting types for 'init_PC8_to_PC11_mode'
 void init_PC8_to_PC11_mode() {
      ^~~~~~~~~~~~~~~~~~~~~
../Src/lcd.c:17:2: note: previous implicit declaration of 'init_PC8_to_PC11_mode' was here
  init_PC8_to_PC11_mode();
  ^~~~~~~~~~~~~~~~~~~~~
../Src/lcd.c: In function 'init_PC8_to_PC11_mode':
../Src/lcd.c:68:14: error: 'MODER' undeclared (first use in this function)
   gpioc_base[MODER] &= ~(0b11 << (bit * 2)); // make sure all bits are set to zero.
              ^~~~~
../Src/lcd.c:69:24: error: 'OUTPUT' undeclared (first use in this function)
   gpioc_base[MODER] |= OUTPUT << (bit * 2); // set mode from PC7 to PC11 to output mode.
                        ^~~~~~
../Src/lcd.c:65:21: warning: variable 'gpioc_base' set but not used [-Wunused-but-set-variable]
  volatile uint32_t* gpioc_base;
                     ^~~~~~~~~~
make: *** [Src/subdir.mk:33: Src/lcd.o] Error 1
"make -j8 all" terminated with exit code 2. Build might be incomplete.
09:40:09 **** Incremental Build of configuration Debug for project LCD Lab ****
make -j8 all 
arm-none-eabi-gcc "../Src/lcd.c" -mcpu=cortex-m4 -std=gnu11 -g3 -DSTM32 -DSTM32F4 -DSTM32F446RETx -DDEBUG -DNUCLEO_F446RE -c -I../Inc -O0 -ffunction-sections -fdata-sections -Wall -fstack-usage -MMD -MP -MF"Src/lcd.d" -MT"Src/lcd.o" --specs=nano.specs -mfloat-abi=soft -mthumb -o "Src/lcd.o"
../Src/lcd.c: In function 'lcd_init':
../Src/lcd.c:23:2: warning: implicit declaration of function 'init_PB0_to_PB2_mode' [-Wimplicit-function-declaration]
  init_PB0_to_PB2_mode();
  ^~~~~~~~~~~~~~~~~~~~
../Src/lcd.c:26:2: warning: implicit declaration of function 'init_PC8_to_PC11_mode' [-Wimplicit-function-declaration]
  init_PC8_to_PC11_mode();
  ^~~~~~~~~~~~~~~~~~~~~
../Src/lcd.c:28:2: warning: implicit declaration of function 'lcd_set_up'; did you mean 'fd_set'? [-Wimplicit-function-declaration]
  lcd_set_up();
  ^~~~~~~~~~
  fd_set
../Src/lcd.c: At top level:
../Src/lcd.c:63:6: warning: conflicting types for 'init_PB0_to_PB2_mode'
 void init_PB0_to_PB2_mode() {
      ^~~~~~~~~~~~~~~~~~~~
../Src/lcd.c:23:2: note: previous implicit declaration of 'init_PB0_to_PB2_mode' was here
  init_PB0_to_PB2_mode();
  ^~~~~~~~~~~~~~~~~~~~
../Src/lcd.c: In function 'init_PB0_to_PB2_mode':
../Src/lcd.c:68:24: error: 'OUTPUT' undeclared (first use in this function)
   gpiob_base[MODER] |= OUTPUT << (bit * 2); // set mode from PB0 to PB2 to output mode.
                        ^~~~~~
../Src/lcd.c:68:24: note: each undeclared identifier is reported only once for each function it appears in
../Src/lcd.c: At top level:
../Src/lcd.c:73:6: warning: conflicting types for 'init_PC8_to_PC11_mode'
 void init_PC8_to_PC11_mode() {
      ^~~~~~~~~~~~~~~~~~~~~
../Src/lcd.c:26:2: note: previous implicit declaration of 'init_PC8_to_PC11_mode' was here
  init_PC8_to_PC11_mode();
  ^~~~~~~~~~~~~~~~~~~~~
../Src/lcd.c: In function 'init_PC8_to_PC11_mode':
../Src/lcd.c:78:24: error: 'OUTPUT' undeclared (first use in this function)
   gpioc_base[MODER] |= OUTPUT << (bit * 2); // set mode from PC7 to PC11 to output mode.
                        ^~~~~~
make: *** [Src/subdir.mk:33: Src/lcd.o] Error 1
"make -j8 all" terminated with exit code 2. Build might be incomplete.
09:40:24 **** Incremental Build of configuration Debug for project LCD Lab ****
make -j8 all 
arm-none-eabi-gcc "../Src/lcd.c" -mcpu=cortex-m4 -std=gnu11 -g3 -DSTM32 -DSTM32F4 -DSTM32F446RETx -DDEBUG -DNUCLEO_F446RE -c -I../Inc -O0 -ffunction-sections -fdata-sections -Wall -fstack-usage -MMD -MP -MF"Src/lcd.d" -MT"Src/lcd.o" --specs=nano.specs -mfloat-abi=soft -mthumb -o "Src/lcd.o"
../Src/lcd.c: In function 'lcd_init':
../Src/lcd.c:33:2: warning: implicit declaration of function 'init_PB0_to_PB2_mode' [-Wimplicit-function-declaration]
  init_PB0_to_PB2_mode();
  ^~~~~~~~~~~~~~~~~~~~
../Src/lcd.c:36:2: warning: implicit declaration of function 'init_PC8_to_PC11_mode' [-Wimplicit-function-declaration]
  init_PC8_to_PC11_mode();
  ^~~~~~~~~~~~~~~~~~~~~
../Src/lcd.c:38:2: warning: implicit declaration of function 'lcd_set_up'; did you mean 'fd_set'? [-Wimplicit-function-declaration]
  lcd_set_up();
  ^~~~~~~~~~
  fd_set
../Src/lcd.c: At top level:
../Src/lcd.c:73:6: warning: conflicting types for 'init_PB0_to_PB2_mode'
 void init_PB0_to_PB2_mode() {
      ^~~~~~~~~~~~~~~~~~~~
../Src/lcd.c:33:2: note: previous implicit declaration of 'init_PB0_to_PB2_mode' was here
  init_PB0_to_PB2_mode();
  ^~~~~~~~~~~~~~~~~~~~
../Src/lcd.c:83:6: warning: conflicting types for 'init_PC8_to_PC11_mode'
 void init_PC8_to_PC11_mode() {
      ^~~~~~~~~~~~~~~~~~~~~
../Src/lcd.c:36:2: note: previous implicit declaration of 'init_PC8_to_PC11_mode' was here
  init_PC8_to_PC11_mode();
  ^~~~~~~~~~~~~~~~~~~~~
arm-none-eabi-gcc -o "LCD Lab.elf" @"objects.list"   -mcpu=cortex-m4 -T"C:\Users\bretzj\Desktop\embedded\LCD Lab\STM32F446RETX_FLASH.ld" --specs=nosys.specs -Wl,-Map="LCD Lab.map" -Wl,--gc-sections -static --specs=nano.specs -mfloat-abi=soft -mthumb -u _printf_float -u _scanf_float -Wl,--start-group -lc -lm -Wl,--end-group
Src/lcd.o: In function `lcd_init':
C:/Users/bretzj/Desktop/embedded/LCD Lab/Debug/../Src/lcd.c:38: undefined reference to `lcd_set_up'
collect2.exe: error: ld returned 1 exit status
make: *** [makefile:40: LCD Lab.elf] Error 1
"make -j8 all" terminated with exit code 2. Build might be incomplete.
09:41:08 **** Incremental Build of configuration Debug for project LCD Lab ****
make -j8 all 
arm-none-eabi-gcc "../Src/lcd.c" -mcpu=cortex-m4 -std=gnu11 -g3 -DSTM32 -DSTM32F4 -DSTM32F446RETx -DDEBUG -DNUCLEO_F446RE -c -I../Inc -O0 -ffunction-sections -fdata-sections -Wall -fstack-usage -MMD -MP -MF"Src/lcd.d" -MT"Src/lcd.o" --specs=nano.specs -mfloat-abi=soft -mthumb -o "Src/lcd.o"
../Src/lcd.c: In function 'lcd_init':
../Src/lcd.c:48:2: warning: implicit declaration of function 'lcd_set_up'; did you mean 'fd_set'? [-Wimplicit-function-declaration]
  lcd_set_up();
  ^~~~~~~~~~
  fd_set
arm-none-eabi-gcc -o "LCD Lab.elf" @"objects.list"   -mcpu=cortex-m4 -T"C:\Users\bretzj\Desktop\embedded\LCD Lab\STM32F446RETX_FLASH.ld" --specs=nosys.specs -Wl,-Map="LCD Lab.map" -Wl,--gc-sections -static --specs=nano.specs -mfloat-abi=soft -mthumb -u _printf_float -u _scanf_float -Wl,--start-group -lc -lm -Wl,--end-group
Src/lcd.o: In function `lcd_init':
C:/Users/bretzj/Desktop/embedded/LCD Lab/Debug/../Src/lcd.c:48: undefined reference to `lcd_set_up'
collect2.exe: error: ld returned 1 exit status
make: *** [makefile:40: LCD Lab.elf] Error 1
"make -j8 all" terminated with exit code 2. Build might be incomplete.
09:43:50 **** Incremental Build of configuration Debug for project LCD Lab ****
make -j8 all 
arm-none-eabi-gcc "../Src/lcd.c" -mcpu=cortex-m4 -std=gnu11 -g3 -DSTM32 -DSTM32F4 -DSTM32F446RETx -DDEBUG -DNUCLEO_F446RE -c -I../Inc -O0 -ffunction-sections -fdata-sections -Wall -fstack-usage -MMD -MP -MF"Src/lcd.d" -MT"Src/lcd.o" --specs=nano.specs -mfloat-abi=soft -mthumb -o "Src/lcd.o"
../Src/lcd.c: In function 'lcd_init':
../Src/lcd.c:34:13: error: subscripted value is neither array nor pointer nor vector
   GPIOB_BASE[MODER] &= ~(0b11 << (bit * 2)); // make sure all bits are set to zero.
             ^
../Src/lcd.c:35:13: error: subscripted value is neither array nor pointer nor vector
   GPIOB_BASE[MODER] |= OUTPUT << (bit * 2); // set mode from PB0 to PB2 to output mode.
             ^
../Src/lcd.c:40:13: error: subscripted value is neither array nor pointer nor vector
   GPIOC_BASE[MODER] &= ~(0b11 << (bit * 2)); // make sure all bits are set to zero.
             ^
../Src/lcd.c:41:13: error: subscripted value is neither array nor pointer nor vector
   GPIOC_BASE[MODER] |= OUTPUT << (bit * 2); // set mode from PC7 to PC11 to output mode.
             ^
../Src/lcd.c:44:2: warning: implicit declaration of function 'lcd_set_up'; did you mean 'fd_set'? [-Wimplicit-function-declaration]
  lcd_set_up();
  ^~~~~~~~~~
  fd_set
make: *** [Src/subdir.mk:33: Src/lcd.o] Error 1
"make -j8 all" terminated with exit code 2. Build might be incomplete.
09:44:05 **** Incremental Build of configuration Debug for project LCD Lab ****
make -j8 all 
arm-none-eabi-gcc "../Src/lcd.c" -mcpu=cortex-m4 -std=gnu11 -g3 -DSTM32 -DSTM32F4 -DSTM32F446RETx -DDEBUG -DNUCLEO_F446RE -c -I../Inc -O0 -ffunction-sections -fdata-sections -Wall -fstack-usage -MMD -MP -MF"Src/lcd.d" -MT"Src/lcd.o" --specs=nano.specs -mfloat-abi=soft -mthumb -o "Src/lcd.o"
../Src/lcd.c: In function 'lcd_init':
../Src/lcd.c:34:14: error: subscripted value is neither array nor pointer nor vector
   *GPIOB_BASE[MODER] &= ~(0b11 << (bit * 2)); // make sure all bits are set to zero.
              ^
../Src/lcd.c:35:13: error: subscripted value is neither array nor pointer nor vector
   GPIOB_BASE[MODER] |= OUTPUT << (bit * 2); // set mode from PB0 to PB2 to output mode.
             ^
../Src/lcd.c:40:13: error: subscripted value is neither array nor pointer nor vector
   GPIOC_BASE[MODER] &= ~(0b11 << (bit * 2)); // make sure all bits are set to zero.
             ^
../Src/lcd.c:41:13: error: subscripted value is neither array nor pointer nor vector
   GPIOC_BASE[MODER] |= OUTPUT << (bit * 2); // set mode from PC7 to PC11 to output mode.
             ^
../Src/lcd.c:44:2: warning: implicit declaration of function 'lcd_set_up'; did you mean 'fd_set'? [-Wimplicit-function-declaration]
  lcd_set_up();
  ^~~~~~~~~~
  fd_set
make: *** [Src/subdir.mk:33: Src/lcd.o] Error 1
"make -j8 all" terminated with exit code 2. Build might be incomplete.
09:45:20 **** Incremental Build of configuration Debug for project LCD Lab ****
make -j8 all 
arm-none-eabi-gcc "../Src/lcd.c" -mcpu=cortex-m4 -std=gnu11 -g3 -DSTM32 -DSTM32F4 -DSTM32F446RETx -DDEBUG -DNUCLEO_F446RE -c -I../Inc -O0 -ffunction-sections -fdata-sections -Wall -fstack-usage -MMD -MP -MF"Src/lcd.d" -MT"Src/lcd.o" --specs=nano.specs -mfloat-abi=soft -mthumb -o "Src/lcd.o"
../Src/lcd.c: In function 'lcd_init':
../Src/lcd.c:34:13: error: subscripted value is neither array nor pointer nor vector
   GPIOB_BASE[MODER] &= ~(0b11 << (bit * 2)); // make sure all bits are set to zero.
             ^
../Src/lcd.c:35:13: error: subscripted value is neither array nor pointer nor vector
   GPIOB_BASE[MODER] |= OUTPUT << (bit * 2); // set mode from PB0 to PB2 to output mode.
             ^
../Src/lcd.c:40:13: error: subscripted value is neither array nor pointer nor vector
   GPIOC_BASE[MODER] &= ~(0b11 << (bit * 2)); // make sure all bits are set to zero.
             ^
../Src/lcd.c:41:13: error: subscripted value is neither array nor pointer nor vector
   GPIOC_BASE[MODER] |= OUTPUT << (bit * 2); // set mode from PC7 to PC11 to output mode.
             ^
../Src/lcd.c:44:2: warning: implicit declaration of function 'lcd_set_up'; did you mean 'fd_set'? [-Wimplicit-function-declaration]
  lcd_set_up();
  ^~~~~~~~~~
  fd_set
make: *** [Src/subdir.mk:33: Src/lcd.o] Error 1
"make -j8 all" terminated with exit code 2. Build might be incomplete.
09:46:00 **** Incremental Build of configuration Debug for project LCD Lab ****
make -j8 all 
arm-none-eabi-gcc "../Src/lcd.c" -mcpu=cortex-m4 -std=gnu11 -g3 -DSTM32 -DSTM32F4 -DSTM32F446RETx -DDEBUG -DNUCLEO_F446RE -c -I../Inc -O0 -ffunction-sections -fdata-sections -Wall -fstack-usage -MMD -MP -MF"Src/lcd.d" -MT"Src/lcd.o" --specs=nano.specs -mfloat-abi=soft -mthumb -o "Src/lcd.o"
../Src/lcd.c: In function 'lcd_init':
../Src/lcd.c:34:13: error: subscripted value is neither array nor pointer nor vector
   GPIOB_BASE[MODER] &= ~(0b11 << (bit * 2));
             ^
../Src/lcd.c:35:13: error: subscripted value is neither array nor pointer nor vector
   GPIOB_BASE[MODER] |= OUTPUT << (bit * 2);
             ^
../Src/lcd.c:40:13: error: subscripted value is neither array nor pointer nor vector
   GPIOC_BASE[MODER] &= ~(0b11 << (bit * 2));
             ^
../Src/lcd.c:41:13: error: subscripted value is neither array nor pointer nor vector
   GPIOC_BASE[MODER] |= OUTPUT << (bit * 2);
             ^
../Src/lcd.c:44:2: warning: implicit declaration of function 'lcd_set_up'; did you mean 'fd_set'? [-Wimplicit-function-declaration]
  lcd_set_up();
  ^~~~~~~~~~
  fd_set
make: *** [Src/subdir.mk:33: Src/lcd.o] Error 1
"make -j8 all" terminated with exit code 2. Build might be incomplete.
09:46:41 **** Incremental Build of configuration Debug for project LCD Lab ****
make -j8 all 
arm-none-eabi-gcc "../Src/lcd.c" -mcpu=cortex-m4 -std=gnu11 -g3 -DSTM32 -DSTM32F4 -DSTM32F446RETx -DDEBUG -DNUCLEO_F446RE -c -I../Inc -O0 -ffunction-sections -fdata-sections -Wall -fstack-usage -MMD -MP -MF"Src/lcd.d" -MT"Src/lcd.o" --specs=nano.specs -mfloat-abi=soft -mthumb -o "Src/lcd.o"
../Src/lcd.c: In function 'lcd_init':
../Src/lcd.c:34:13: error: subscripted value is neither array nor pointer nor vector
   GPIOB_BASE[0] &= ~(0b11 << (bit * 2));
             ^
../Src/lcd.c:35:13: error: subscripted value is neither array nor pointer nor vector
   GPIOB_BASE[0] |= OUTPUT << (bit * 2);
             ^
../Src/lcd.c:40:13: error: subscripted value is neither array nor pointer nor vector
   GPIOC_BASE[MODER] &= ~(0b11 << (bit * 2));
             ^
../Src/lcd.c:41:13: error: subscripted value is neither array nor pointer nor vector
   GPIOC_BASE[MODER] |= OUTPUT << (bit * 2);
             ^
../Src/lcd.c:44:2: warning: implicit declaration of function 'lcd_set_up'; did you mean 'fd_set'? [-Wimplicit-function-declaration]
  lcd_set_up();
  ^~~~~~~~~~
  fd_set
make: *** [Src/subdir.mk:33: Src/lcd.o] Error 1
"make -j8 all" terminated with exit code 2. Build might be incomplete.
09:47:43 **** Incremental Build of configuration Debug for project LCD Lab ****
make -j8 all 
arm-none-eabi-gcc "../Src/lcd.c" -mcpu=cortex-m4 -std=gnu11 -g3 -DSTM32 -DSTM32F4 -DSTM32F446RETx -DDEBUG -DNUCLEO_F446RE -c -I../Inc -O0 -ffunction-sections -fdata-sections -Wall -fstack-usage -MMD -MP -MF"Src/lcd.d" -MT"Src/lcd.o" --specs=nano.specs -mfloat-abi=soft -mthumb -o "Src/lcd.o"
../Src/lcd.c: In function 'lcd_init':
../Src/lcd.c:34:13: error: subscripted value is neither array nor pointer nor vector
   GPIOB_BASE[0] &= ~(0b11 << (bit * 2));
             ^
../Src/lcd.c:35:13: error: subscripted value is neither array nor pointer nor vector
   GPIOB_BASE[0] |= OUTPUT << (bit * 2);
             ^
../Src/lcd.c:40:13: error: subscripted value is neither array nor pointer nor vector
   GPIOC_BASE[MODER] &= ~(0b11 << (bit * 2));
             ^
../Src/lcd.c:41:13: error: subscripted value is neither array nor pointer nor vector
   GPIOC_BASE[MODER] |= OUTPUT << (bit * 2);
             ^
make: *** [Src/subdir.mk:33: Src/lcd.o] Error 1
"make -j8 all" terminated with exit code 2. Build might be incomplete.
09:48:01 **** Incremental Build of configuration Debug for project LCD Lab ****
make -j8 all 
arm-none-eabi-gcc "../Src/lcd.c" -mcpu=cortex-m4 -std=gnu11 -g3 -DSTM32 -DSTM32F4 -DSTM32F446RETx -DDEBUG -DNUCLEO_F446RE -c -I../Inc -O0 -ffunction-sections -fdata-sections -Wall -fstack-usage -MMD -MP -MF"Src/lcd.d" -MT"Src/lcd.o" --specs=nano.specs -mfloat-abi=soft -mthumb -o "Src/lcd.o"
../Src/lcd.c: In function 'lcd_init':
../Src/lcd.c:34:13: error: subscripted value is neither array nor pointer nor vector
   GPIOB_BASE[MODER] &= ~(0b11 << (bit * 2));
             ^
../Src/lcd.c:35:13: error: subscripted value is neither array nor pointer nor vector
   GPIOB_BASE[MODER] |= OUTPUT << (bit * 2);
             ^
../Src/lcd.c:40:13: error: subscripted value is neither array nor pointer nor vector
   GPIOC_BASE[MODER] &= ~(0b11 << (bit * 2));
             ^
../Src/lcd.c:41:13: error: subscripted value is neither array nor pointer nor vector
   GPIOC_BASE[MODER] |= OUTPUT << (bit * 2);
             ^
make: *** [Src/subdir.mk:33: Src/lcd.o] Error 1
"make -j8 all" terminated with exit code 2. Build might be incomplete.
09:48:37 **** Incremental Build of configuration Debug for project LCD Lab ****
make -j8 all 
arm-none-eabi-gcc "../Src/lcd.c" -mcpu=cortex-m4 -std=gnu11 -g3 -DSTM32 -DSTM32F4 -DSTM32F446RETx -DDEBUG -DNUCLEO_F446RE -c -I../Inc -O0 -ffunction-sections -fdata-sections -Wall -fstack-usage -MMD -MP -MF"Src/lcd.d" -MT"Src/lcd.o" --specs=nano.specs -mfloat-abi=soft -mthumb -o "Src/lcd.o"
../Src/lcd.c: In function 'lcd_init':
../Src/lcd.c:29:13: error: subscripted value is neither array nor pointer nor vector
   GPIOB_BASE[MODER] &= ~(0b11 << (bit * 2));
             ^
../Src/lcd.c:30:13: error: subscripted value is neither array nor pointer nor vector
   GPIOB_BASE[MODER] |= OUTPUT << (bit * 2);
             ^
../Src/lcd.c:35:13: error: subscripted value is neither array nor pointer nor vector
   GPIOC_BASE[MODER] &= ~(0b11 << (bit * 2));
             ^
../Src/lcd.c:36:13: error: subscripted value is neither array nor pointer nor vector
   GPIOC_BASE[MODER] |= OUTPUT << (bit * 2);
             ^
../Src/lcd.c: In function 'enable_GPIO':
../Src/lcd.c:43:11: error: unknown type name 'uint32_t'
  volatile uint32_t* rcc_ahb1enr = (uint32_t*) 0x40023830;
           ^~~~~~~~
../Src/lcd.c:43:36: error: 'uint32_t' undeclared (first use in this function)
  volatile uint32_t* rcc_ahb1enr = (uint32_t*) 0x40023830;
                                    ^~~~~~~~
../Src/lcd.c:43:36: note: each undeclared identifier is reported only once for each function it appears in
../Src/lcd.c:43:45: error: expected expression before ')' token
  volatile uint32_t* rcc_ahb1enr = (uint32_t*) 0x40023830;
                                             ^
make: *** [Src/subdir.mk:33: Src/lcd.o] Error 1
"make -j8 all" terminated with exit code 2. Build might be incomplete.
09:48:57 **** Incremental Build of configuration Debug for project LCD Lab ****
make -j8 all 
arm-none-eabi-gcc "../Src/lcd.c" -mcpu=cortex-m4 -std=gnu11 -g3 -DSTM32 -DSTM32F4 -DSTM32F446RETx -DDEBUG -DNUCLEO_F446RE -c -I../Inc -O0 -ffunction-sections -fdata-sections -Wall -fstack-usage -MMD -MP -MF"Src/lcd.d" -MT"Src/lcd.o" --specs=nano.specs -mfloat-abi=soft -mthumb -o "Src/lcd.o"
../Src/lcd.c: In function 'lcd_init':
../Src/lcd.c:29:13: error: subscripted value is neither array nor pointer nor vector
   GPIOB_BASE[MODER] &= ~(0b11 << (bit * 2));
             ^
../Src/lcd.c:30:13: error: subscripted value is neither array nor pointer nor vector
   GPIOB_BASE[MODER] |= OUTPUT << (bit * 2);
             ^
../Src/lcd.c:35:13: error: subscripted value is neither array nor pointer nor vector
   GPIOC_BASE[MODER] &= ~(0b11 << (bit * 2));
             ^
../Src/lcd.c:36:13: error: subscripted value is neither array nor pointer nor vector
   GPIOC_BASE[MODER] |= OUTPUT << (bit * 2);
             ^
../Src/lcd.c: In function 'enable_GPIO':
../Src/lcd.c:43:11: error: unknown type name 'uint32_t'
  volatile uint32_t* rcc_ahb1enr = (uint32_t*) 0x40023830;
           ^~~~~~~~
../Src/lcd.c:43:36: error: 'uint32_t' undeclared (first use in this function)
  volatile uint32_t* rcc_ahb1enr = (uint32_t*) 0x40023830;
                                    ^~~~~~~~
../Src/lcd.c:43:36: note: each undeclared identifier is reported only once for each function it appears in
../Src/lcd.c:43:45: error: expected expression before ')' token
  volatile uint32_t* rcc_ahb1enr = (uint32_t*) 0x40023830;
                                             ^
make: *** [Src/subdir.mk:33: Src/lcd.o] Error 1
"make -j8 all" terminated with exit code 2. Build might be incomplete.
09:49:25 **** Incremental Build of configuration Debug for project LCD Lab ****
make -j8 all 
arm-none-eabi-gcc "../Src/lcd.c" -mcpu=cortex-m4 -std=gnu11 -g3 -DSTM32 -DSTM32F4 -DSTM32F446RETx -DDEBUG -DNUCLEO_F446RE -c -I../Inc -O0 -ffunction-sections -fdata-sections -Wall -fstack-usage -MMD -MP -MF"Src/lcd.d" -MT"Src/lcd.o" --specs=nano.specs -mfloat-abi=soft -mthumb -o "Src/lcd.o"
../Src/lcd.c: In function 'lcd_init':
../Src/lcd.c:29:13: error: subscripted value is neither array nor pointer nor vector
   GPIOB_BASE[MODER] &= ~(0b11 << (bit * 2));
             ^
../Src/lcd.c:30:13: error: subscripted value is neither array nor pointer nor vector
   GPIOB_BASE[MODER] |= OUTPUT << (bit * 2);
             ^
../Src/lcd.c:35:13: error: subscripted value is neither array nor pointer nor vector
   GPIOC_BASE[MODER] &= ~(0b11 << (bit * 2));
             ^
../Src/lcd.c:36:13: error: subscripted value is neither array nor pointer nor vector
   GPIOC_BASE[MODER] |= OUTPUT << (bit * 2);
             ^
make: *** [Src/subdir.mk:33: Src/lcd.o] Error 1
"make -j8 all" terminated with exit code 2. Build might be incomplete.
10:15:40 **** Incremental Build of configuration Debug for project LCD Lab ****
make -j8 all 
arm-none-eabi-gcc "../Src/lcd.c" -mcpu=cortex-m4 -std=gnu11 -g3 -DSTM32 -DSTM32F4 -DSTM32F446RETx -DDEBUG -DNUCLEO_F446RE -c -I../Inc -O0 -ffunction-sections -fdata-sections -Wall -fstack-usage -MMD -MP -MF"Src/lcd.d" -MT"Src/lcd.o" --specs=nano.specs -mfloat-abi=soft -mthumb -o "Src/lcd.o"
../Src/lcd.c: In function 'lcd_init':
../Src/lcd.c:29:13: error: subscripted value is neither array nor pointer nor vector
   GPIOB_BASE[MODER];
             ^
../Src/lcd.c:30:13: error: subscripted value is neither array nor pointer nor vector
   GPIOB_BASE[MODER] |= OUTPUT << (bit * 2);
             ^
../Src/lcd.c:35:13: error: subscripted value is neither array nor pointer nor vector
   GPIOC_BASE[MODER] &= ~(0b11 << (bit * 2));
             ^
../Src/lcd.c:36:13: error: subscripted value is neither array nor pointer nor vector
   GPIOC_BASE[MODER] |= OUTPUT << (bit * 2);
             ^
make: *** [Src/subdir.mk:33: Src/lcd.o] Error 1
"make -j8 all" terminated with exit code 2. Build might be incomplete.
10:15:59 **** Incremental Build of configuration Debug for project LCD Lab ****
make -j8 all 
arm-none-eabi-gcc "../Src/lcd.c" -mcpu=cortex-m4 -std=gnu11 -g3 -DSTM32 -DSTM32F4 -DSTM32F446RETx -DDEBUG -DNUCLEO_F446RE -c -I../Inc -O0 -ffunction-sections -fdata-sections -Wall -fstack-usage -MMD -MP -MF"Src/lcd.d" -MT"Src/lcd.o" --specs=nano.specs -mfloat-abi=soft -mthumb -o "Src/lcd.o"
../Src/lcd.c: In function 'lcd_init':
../Src/lcd.c:29:13: error: subscripted value is neither array nor pointer nor vector
   GPIOB_BASE[0];
             ^
../Src/lcd.c:30:13: error: subscripted value is neither array nor pointer nor vector
   GPIOB_BASE[MODER] |= OUTPUT << (bit * 2);
             ^
../Src/lcd.c:35:13: error: subscripted value is neither array nor pointer nor vector
   GPIOC_BASE[MODER] &= ~(0b11 << (bit * 2));
             ^
../Src/lcd.c:36:13: error: subscripted value is neither array nor pointer nor vector
   GPIOC_BASE[MODER] |= OUTPUT << (bit * 2);
             ^
make: *** [Src/subdir.mk:33: Src/lcd.o] Error 1
"make -j8 all" terminated with exit code 2. Build might be incomplete.
10:16:06 **** Incremental Build of configuration Debug for project LCD Lab ****
make -j8 all 
arm-none-eabi-gcc "../Src/lcd.c" -mcpu=cortex-m4 -std=gnu11 -g3 -DSTM32 -DSTM32F4 -DSTM32F446RETx -DDEBUG -DNUCLEO_F446RE -c -I../Inc -O0 -ffunction-sections -fdata-sections -Wall -fstack-usage -MMD -MP -MF"Src/lcd.d" -MT"Src/lcd.o" --specs=nano.specs -mfloat-abi=soft -mthumb -o "Src/lcd.o"
../Src/lcd.c: In function 'lcd_init':
../Src/lcd.c:29:13: error: subscripted value is neither array nor pointer nor vector
   GPIOB_BASE[0];
             ^
../Src/lcd.c:30:13: error: subscripted value is neither array nor pointer nor vector
   GPIOB_BASE[MODER] |= OUTPUT << (bit * 2);
             ^
../Src/lcd.c:35:13: error: subscripted value is neither array nor pointer nor vector
   GPIOC_BASE[MODER] &= ~(0b11 << (bit * 2));
             ^
../Src/lcd.c:36:13: error: subscripted value is neither array nor pointer nor vector
   GPIOC_BASE[MODER] |= OUTPUT << (bit * 2);
             ^
make: *** [Src/subdir.mk:33: Src/lcd.o] Error 1
"make -j8 all" terminated with exit code 2. Build might be incomplete.
10:24:22 **** Incremental Build of configuration Debug for project LCD Lab ****
make -j8 all 
arm-none-eabi-gcc "../Src/lcd.c" -mcpu=cortex-m4 -std=gnu11 -g3 -DSTM32 -DSTM32F4 -DSTM32F446RETx -DDEBUG -DNUCLEO_F446RE -c -I../Inc -O0 -ffunction-sections -fdata-sections -Wall -fstack-usage -MMD -MP -MF"Src/lcd.d" -MT"Src/lcd.o" --specs=nano.specs -mfloat-abi=soft -mthumb -o "Src/lcd.o"
../Src/lcd.c:24:28: warning: initialization makes pointer from integer without a cast [-Wint-conversion]
 volatile int *GPIOB_BASE = 0x40020400;
                            ^~~~~~~~~~
../Src/lcd.c: In function 'lcd_init':
../Src/lcd.c:37:13: error: subscripted value is neither array nor pointer nor vector
   GPIOC_BASE[MODER] &= ~(0b11 << (bit * 2));
             ^
../Src/lcd.c:38:13: error: subscripted value is neither array nor pointer nor vector
   GPIOC_BASE[MODER] |= OUTPUT << (bit * 2);
             ^
make: *** [Src/subdir.mk:33: Src/lcd.o] Error 1
[...]
arm-none-eabi-gcc -mcpu=cortex-m4 -g3 -c -x assembler-with-cpp --specs=nano.specs -mfpu=fpv4-sp-d16 -mfloat-abi=hard -mthumb -o "src/convert.o" "../src/convert.s"
arm-none-eabi-gcc -mcpu=cortex-m4 -g3 -c -x assembler-with-cpp --specs=nano.specs -mfpu=fpv4-sp-d16 -mfloat-abi=hard -mthumb -o "src/lcd.o" "../src/lcd.s"
arm-none-eabi-gcc -mcpu=cortex-m4 -g3 -c -x assembler-with-cpp --specs=nano.specs -mfpu=fpv4-sp-d16 -mfloat-abi=hard -mthumb -o "src/main.o" "../src/main.s"
arm-none-eabi-gcc -mcpu=cortex-m4 -g3 -c -x assembler-with-cpp --specs=nano.specs -mfpu=fpv4-sp-d16 -mfloat-abi=hard -mthumb -o "src/timing.o" "../src/timing.s"
arm-none-eabi-gcc -o "LCD.elf" @"objects.list"   -mcpu=cortex-m4 -T"C:\Users\bretzj\Desktop\embedded\Embedded I\LCD\LinkerScript.ld" --specs=nosys.specs -Wl,-Map="LCD.map" -Wl,--gc-sections -static --specs=nano.specs -mfpu=fpv4-sp-d16 -mfloat-abi=hard -mthumb -Wl,--start-group -lc -lm -Wl,--end-group
Finished building target: LCD.elf
 
arm-none-eabi-size   LCD.elf 
   text	   data	    bss	    dec	    hex	filename
   1376	     20	   1052	   2448	    990	LCD.elf
Finished building: default.size.stdout
 
arm-none-eabi-objdump -h -S  LCD.elf  > "LCD.list"
Finished building: LCD.list
 
arm-none-eabi-objcopy  -O binary  LCD.elf  "LCD.bin"
Finished building: LCD.bin
 
13:31:19 **** Incremental Build of configuration Debug for project LCD Lab ****
make -j8 all 
arm-none-eabi-gcc "../Src/timing.c" -mcpu=cortex-m4 -std=gnu11 -g3 -DSTM32 -DSTM32F4 -DSTM32F446RETx -DDEBUG -DNUCLEO_F446RE -c -I../Inc -O0 -ffunction-sections -fdata-sections -Wall -fstack-usage -MMD -MP -MF"Src/timing.d" -MT"Src/timing.o" --specs=nano.specs -mfloat-abi=soft -mthumb -o "Src/timing.o"
arm-none-eabi-gcc -o "LCD Lab.elf" @"objects.list"   -mcpu=cortex-m4 -T"C:\Users\bretzj\Desktop\embedded\LCD Lab\STM32F446RETX_FLASH.ld" --specs=nosys.specs -Wl,-Map="LCD Lab.map" -Wl,--gc-sections -static --specs=nano.specs -mfloat-abi=soft -mthumb -u _printf_float -u _scanf_float -Wl,--start-group -lc -lm -Wl,--end-group
Finished building target: LCD Lab.elf
 
arm-none-eabi-objdump -h -S  LCD\ Lab.elf  > "LCD Lab.list"
arm-none-eabi-size   LCD\ Lab.elf 
   text	   data	    bss	    dec	    hex	filename
  19744	    484	   1580	  21808	   5530	LCD Lab.elf
Finished building: default.size.stdout
Finished building: LCD Lab.list
 
 
13:34:17 **** Incremental Build of configuration Debug for project LCD Lab ****
make -j8 all 
arm-none-eabi-gcc "../Src/lcd.c" -mcpu=cortex-m4 -std=gnu11 -g3 -DSTM32 -DSTM32F4 -DSTM32F446RETx -DDEBUG -DNUCLEO_F446RE -c -I../Inc -O0 -ffunction-sections -fdata-sections -Wall -fstack-usage -MMD -MP -MF"Src/lcd.d" -MT"Src/lcd.o" --specs=nano.specs -mfloat-abi=soft -mthumb -o "Src/lcd.o"
arm-none-eabi-gcc "../Src/main.c" -mcpu=cortex-m4 -std=gnu11 -g3 -DSTM32 -DSTM32F4 -DSTM32F446RETx -DDEBUG -DNUCLEO_F446RE -c -I../Inc -O0 -ffunction-sections -fdata-sections -Wall -fstack-usage -MMD -MP -MF"Src/main.d" -MT"Src/main.o" --specs=nano.specs -mfloat-abi=soft -mthumb -o "Src/main.o"
arm-none-eabi-gcc -o "LCD Lab.elf" @"objects.list"   -mcpu=cortex-m4 -T"C:\Users\bretzj\Desktop\embedded\LCD Lab\STM32F446RETX_FLASH.ld" --specs=nosys.specs -Wl,-Map="LCD Lab.map" -Wl,--gc-sections -static --specs=nano.specs -mfloat-abi=soft -mthumb -u _printf_float -u _scanf_float -Wl,--start-group -lc -lm -Wl,--end-group
Finished building target: LCD Lab.elf
 
arm-none-eabi-objdump -h -S  LCD\ Lab.elf  > "LCD Lab.list"
arm-none-eabi-size   LCD\ Lab.elf 
   text	   data	    bss	    dec	    hex	filename
  19792	    484	   1580	  21856	   5560	LCD Lab.elf
Finished building: default.size.stdout
Finished building: LCD Lab.list
 
 
13:34:55 **** Incremental Build of configuration Debug for project LCD Lab ****
make -j8 all 
arm-none-eabi-size   LCD\ Lab.elf 
   text	   data	    bss	    dec	    hex	filename
  19792	    484	   1580	  21856	   5560	LCD Lab.elf
Finished building: default.size.stdout
 
13:39:27 **** Incremental Build of configuration Debug for project LCD Lab ****
make -j8 all 
arm-none-eabi-gcc "../Src/lcd.c" -mcpu=cortex-m4 -std=gnu11 -g3 -DSTM32 -DSTM32F4 -DSTM32F446RETx -DDEBUG -DNUCLEO_F446RE -c -I../Inc -O0 -ffunction-sections -fdata-sections -Wall -fstack-usage -MMD -MP -MF"Src/lcd.d" -MT"Src/lcd.o" --specs=nano.specs -mfloat-abi=soft -mthumb -o "Src/lcd.o"
arm-none-eabi-gcc "../Src/timing.c" -mcpu=cortex-m4 -std=gnu11 -g3 -DSTM32 -DSTM32F4 -DSTM32F446RETx -DDEBUG -DNUCLEO_F446RE -c -I../Inc -O0 -ffunction-sections -fdata-sections -Wall -fstack-usage -MMD -MP -MF"Src/timing.d" -MT"Src/timing.o" --specs=nano.specs -mfloat-abi=soft -mthumb -o "Src/timing.o"
arm-none-eabi-gcc -o "LCD Lab.elf" @"objects.list"   -mcpu=cortex-m4 -T"C:\Users\bretzj\Desktop\embedded\LCD Lab\STM32F446RETX_FLASH.ld" --specs=nosys.specs -Wl,-Map="LCD Lab.map" -Wl,--gc-sections -static --specs=nano.specs -mfloat-abi=soft -mthumb -u _printf_float -u _scanf_float -Wl,--start-group -lc -lm -Wl,--end-group
Finished building target: LCD Lab.elf
 
arm-none-eabi-objdump -h -S  LCD\ Lab.elf  > "LCD Lab.list"
arm-none-eabi-size   LCD\ Lab.elf 
   text	   data	    bss	    dec	    hex	filename
  19792	    484	   1580	  21856	   5560	LCD Lab.elf
Finished building: default.size.stdout
Finished building: LCD Lab.list
 
 
13:39:50 **** Incremental Build of configuration Debug for project LCD Lab ****
make -j8 all 
arm-none-eabi-size   LCD\ Lab.elf 
   text	   data	    bss	    dec	    hex	filename
  19792	    484	   1580	  21856	   5560	LCD Lab.elf
Finished building: default.size.stdout
 
15:33:07 **** Incremental Build of configuration Debug for project LCD Lab ****
make -j8 all 
arm-none-eabi-gcc "../Src/lcd.c" -mcpu=cortex-m4 -std=gnu11 -g3 -DSTM32 -DSTM32F4 -DSTM32F446RETx -DDEBUG -DNUCLEO_F446RE -c -I../Inc -O0 -ffunction-sections -fdata-sections -Wall -fstack-usage -MMD -MP -MF"Src/lcd.d" -MT"Src/lcd.o" --specs=nano.specs -mfloat-abi=soft -mthumb -o "Src/lcd.o"
../Src/lcd.c: In function 'lcd_init':
../Src/lcd.c:31:2: error: invalid operands to binary * (have 'int' and 'volatile int *')
  *rcc_ahb1enr |= (1 << 2);
  ^
make: *** [Src/subdir.mk:33: Src/lcd.o] Error 1
"make -j8 all" terminated with exit code 2. Build might be incomplete.
15:33:48 **** Incremental Build of configuration Debug for project LCD Lab ****
make -j8 all 
arm-none-eabi-gcc "../Src/lcd.c" -mcpu=cortex-m4 -std=gnu11 -g3 -DSTM32 -DSTM32F4 -DSTM32F446RETx -DDEBUG -DNUCLEO_F446RE -c -I../Inc -O0 -ffunction-sections -fdata-sections -Wall -fstack-usage -MMD -MP -MF"Src/lcd.d" -MT"Src/lcd.o" --specs=nano.specs -mfloat-abi=soft -mthumb -o "Src/lcd.o"
arm-none-eabi-gcc -o "LCD Lab.elf" @"objects.list"   -mcpu=cortex-m4 -T"C:\Users\bretzj\Desktop\embedded\LCD Lab\STM32F446RETX_FLASH.ld" --specs=nosys.specs -Wl,-Map="LCD Lab.map" -Wl,--gc-sections -static --specs=nano.specs -mfloat-abi=soft -mthumb -u _printf_float -u _scanf_float -Wl,--start-group -lc -lm -Wl,--end-group
Finished building target: LCD Lab.elf
 
arm-none-eabi-objdump -h -S  LCD\ Lab.elf  > "LCD Lab.list"
arm-none-eabi-size   LCD\ Lab.elf 
   text	   data	    bss	    dec	    hex	filename
  19688	    484	   1580	  21752	   54f8	LCD Lab.elf
Finished building: default.size.stdout
Finished building: LCD Lab.list
 
 
15:37:41 **** Incremental Build of configuration Debug for project LCD Lab ****
make -j8 all 
arm-none-eabi-gcc "../Src/lcd.c" -mcpu=cortex-m4 -std=gnu11 -g3 -DSTM32 -DSTM32F4 -DSTM32F446RETx -DDEBUG -DNUCLEO_F446RE -c -I../Inc -O0 -ffunction-sections -fdata-sections -Wall -fstack-usage -MMD -MP -MF"Src/lcd.d" -MT"Src/lcd.o" --specs=nano.specs -mfloat-abi=soft -mthumb -o "Src/lcd.o"
arm-none-eabi-gcc "../Src/timing.c" -mcpu=cortex-m4 -std=gnu11 -g3 -DSTM32 -DSTM32F4 -DSTM32F446RETx -DDEBUG -DNUCLEO_F446RE -c -I../Inc -O0 -ffunction-sections -fdata-sections -Wall -fstack-usage -MMD -MP -MF"Src/timing.d" -MT"Src/timing.o" --specs=nano.specs -mfloat-abi=soft -mthumb -o "Src/timing.o"
arm-none-eabi-gcc -o "LCD Lab.elf" @"objects.list"   -mcpu=cortex-m4 -T"C:\Users\bretzj\Desktop\embedded\LCD Lab\STM32F446RETX_FLASH.ld" --specs=nosys.specs -Wl,-Map="LCD Lab.map" -Wl,--gc-sections -static --specs=nano.specs -mfloat-abi=soft -mthumb -u _printf_float -u _scanf_float -Wl,--start-group -lc -lm -Wl,--end-group
Finished building target: LCD Lab.elf
 
arm-none-eabi-objdump -h -S  LCD\ Lab.elf  > "LCD Lab.list"
arm-none-eabi-size   LCD\ Lab.elf 
   text	   data	    bss	    dec	    hex	filename
  19688	    484	   1580	  21752	   54f8	LCD Lab.elf
Finished building: default.size.stdout
Finished building: LCD Lab.list
 
 
15:38:36 **** Incremental Build of configuration Debug for project LCD Lab ****
make -j8 all 
arm-none-eabi-gcc "../Src/lcd.c" -mcpu=cortex-m4 -std=gnu11 -g3 -DSTM32 -DSTM32F4 -DSTM32F446RETx -DDEBUG -DNUCLEO_F446RE -c -I../Inc -O0 -ffunction-sections -fdata-sections -Wall -fstack-usage -MMD -MP -MF"Src/lcd.d" -MT"Src/lcd.o" --specs=nano.specs -mfloat-abi=soft -mthumb -o "Src/lcd.o"
../Src/lcd.c:42:6: error: conflicting types for 'lcd_cmd_d'
 void lcd_cmd_d(char instruction, int delay) {
      ^~~~~~~~~
../Src/lcd.c:25:6: note: previous declaration of 'lcd_cmd_d' was here
 void lcd_cmd_d(int, int);
      ^~~~~~~~~
make: *** [Src/subdir.mk:33: Src/lcd.o] Error 1
"make -j8 all" terminated with exit code 2. Build might be incomplete.
15:38:43 **** Incremental Build of configuration Debug for project LCD Lab ****
make -j8 all 
arm-none-eabi-gcc "../Src/lcd.c" -mcpu=cortex-m4 -std=gnu11 -g3 -DSTM32 -DSTM32F4 -DSTM32F446RETx -DDEBUG -DNUCLEO_F446RE -c -I../Inc -O0 -ffunction-sections -fdata-sections -Wall -fstack-usage -MMD -MP -MF"Src/lcd.d" -MT"Src/lcd.o" --specs=nano.specs -mfloat-abi=soft -mthumb -o "Src/lcd.o"
arm-none-eabi-gcc -o "LCD Lab.elf" @"objects.list"   -mcpu=cortex-m4 -T"C:\Users\bretzj\Desktop\embedded\LCD Lab\STM32F446RETX_FLASH.ld" --specs=nosys.specs -Wl,-Map="LCD Lab.map" -Wl,--gc-sections -static --specs=nano.specs -mfloat-abi=soft -mthumb -u _printf_float -u _scanf_float -Wl,--start-group -lc -lm -Wl,--end-group
Finished building target: LCD Lab.elf
 
arm-none-eabi-objdump -h -S  LCD\ Lab.elf  > "LCD Lab.list"
arm-none-eabi-size   LCD\ Lab.elf 
   text	   data	    bss	    dec	    hex	filename
  19680	    484	   1580	  21744	   54f0	LCD Lab.elf
Finished building: default.size.stdout
Finished building: LCD Lab.list
 
 
15:40:18 **** Incremental Build of configuration Debug for project LCD Lab ****
make -j8 all 
arm-none-eabi-gcc "../Src/lcd.c" -mcpu=cortex-m4 -std=gnu11 -g3 -DSTM32 -DSTM32F4 -DSTM32F446RETx -DDEBUG -DNUCLEO_F446RE -c -I../Inc -O0 -ffunction-sections -fdata-sections -Wall -fstack-usage -MMD -MP -MF"Src/lcd.d" -MT"Src/lcd.o" --specs=nano.specs -mfloat-abi=soft -mthumb -o "Src/lcd.o"
arm-none-eabi-gcc -o "LCD Lab.elf" @"objects.list"   -mcpu=cortex-m4 -T"C:\Users\bretzj\Desktop\embedded\LCD Lab\STM32F446RETX_FLASH.ld" --specs=nosys.specs -Wl,-Map="LCD Lab.map" -Wl,--gc-sections -static --specs=nano.specs -mfloat-abi=soft -mthumb -u _printf_float -u _scanf_float -Wl,--start-group -lc -lm -Wl,--end-group
Finished building target: LCD Lab.elf
 
arm-none-eabi-objdump -h -S  LCD\ Lab.elf  > "LCD Lab.list"
arm-none-eabi-size   LCD\ Lab.elf 
   text	   data	    bss	    dec	    hex	filename
  19680	    484	   1580	  21744	   54f0	LCD Lab.elf
Finished building: default.size.stdout
Finished building: LCD Lab.list
 
 
15:40:54 **** Incremental Build of configuration Debug for project LCD Lab ****
make -j8 all 
arm-none-eabi-gcc "../Src/lcd.c" -mcpu=cortex-m4 -std=gnu11 -g3 -DSTM32 -DSTM32F4 -DSTM32F446RETx -DDEBUG -DNUCLEO_F446RE -c -I../Inc -O0 -ffunction-sections -fdata-sections -Wall -fstack-usage -MMD -MP -MF"Src/lcd.d" -MT"Src/lcd.o" --specs=nano.specs -mfloat-abi=soft -mthumb -o "Src/lcd.o"
arm-none-eabi-gcc -o "LCD Lab.elf" @"objects.list"   -mcpu=cortex-m4 -T"C:\Users\bretzj\Desktop\embedded\LCD Lab\STM32F446RETX_FLASH.ld" --specs=nosys.specs -Wl,-Map="LCD Lab.map" -Wl,--gc-sections -static --specs=nano.specs -mfloat-abi=soft -mthumb -u _printf_float -u _scanf_float -Wl,--start-group -lc -lm -Wl,--end-group
Finished building target: LCD Lab.elf
 
arm-none-eabi-objdump -h -S  LCD\ Lab.elf  > "LCD Lab.list"
arm-none-eabi-size   LCD\ Lab.elf 
   text	   data	    bss	    dec	    hex	filename
  19680	    484	   1580	  21744	   54f0	LCD Lab.elf
Finished building: default.size.stdout
Finished building: LCD Lab.list
 
 
15:54:28 **** Incremental Build of configuration Debug for project LCD Lab ****
make -j8 all 
arm-none-eabi-gcc "../Src/lcd.c" -mcpu=cortex-m4 -std=gnu11 -g3 -DSTM32 -DSTM32F4 -DSTM32F446RETx -DDEBUG -DNUCLEO_F446RE -c -I../Inc -O0 -ffunction-sections -fdata-sections -Wall -fstack-usage -MMD -MP -MF"Src/lcd.d" -MT"Src/lcd.o" --specs=nano.specs -mfloat-abi=soft -mthumb -o "Src/lcd.o"
arm-none-eabi-gcc "../Src/main.c" -mcpu=cortex-m4 -std=gnu11 -g3 -DSTM32 -DSTM32F4 -DSTM32F446RETx -DDEBUG -DNUCLEO_F446RE -c -I../Inc -O0 -ffunction-sections -fdata-sections -Wall -fstack-usage -MMD -MP -MF"Src/main.d" -MT"Src/main.o" --specs=nano.specs -mfloat-abi=soft -mthumb -o "Src/main.o"
../Src/main.c: In function 'main':
../Src/main.c:20:7: warning: unused variable 'test' [-Wunused-variable]
  char test = -5;
       ^~~~
arm-none-eabi-gcc -o "LCD Lab.elf" @"objects.list"   -mcpu=cortex-m4 -T"C:\Users\bretzj\Desktop\embedded\LCD Lab\STM32F446RETX_FLASH.ld" --specs=nosys.specs -Wl,-Map="LCD Lab.map" -Wl,--gc-sections -static --specs=nano.specs -mfloat-abi=soft -mthumb -u _printf_float -u _scanf_float -Wl,--start-group -lc -lm -Wl,--end-group
Finished building target: LCD Lab.elf
 
arm-none-eabi-objdump -h -S  LCD\ Lab.elf  > "LCD Lab.list"
arm-none-eabi-size   LCD\ Lab.elf 
   text	   data	    bss	    dec	    hex	filename
  19768	    484	   1580	  21832	   5548	LCD Lab.elf
Finished building: default.size.stdout
Finished building: LCD Lab.list
 
 
17:07:02 **** Incremental Build of configuration Debug for project LCD Lab ****
make -j8 all 
arm-none-eabi-gcc "../Src/lcd.c" -mcpu=cortex-m4 -std=gnu11 -g3 -DSTM32 -DSTM32F4 -DSTM32F446RETx -DDEBUG -DNUCLEO_F446RE -c -I../Inc -O0 -ffunction-sections -fdata-sections -Wall -fstack-usage -MMD -MP -MF"Src/lcd.d" -MT"Src/lcd.o" --specs=nano.specs -mfloat-abi=soft -mthumb -o "Src/lcd.o"
arm-none-eabi-gcc "../Src/main.c" -mcpu=cortex-m4 -std=gnu11 -g3 -DSTM32 -DSTM32F4 -DSTM32F446RETx -DDEBUG -DNUCLEO_F446RE -c -I../Inc -O0 -ffunction-sections -fdata-sections -Wall -fstack-usage -MMD -MP -MF"Src/main.d" -MT"Src/main.o" --specs=nano.specs -mfloat-abi=soft -mthumb -o "Src/main.o"
../Src/lcd.c:38:6: error: conflicting types for 'lcd_cmd_d'
 void lcd_cmd_d(int instruction, int delay) {
      ^~~~~~~~~
../Src/lcd.c:21:6: note: previous declaration of 'lcd_cmd_d' was here
 void lcd_cmd_d(char, int);
      ^~~~~~~~~
make: *** [Src/subdir.mk:33: Src/lcd.o] Error 1
make: *** Waiting for unfinished jobs....
"make -j8 all" terminated with exit code 2. Build might be incomplete.
17:07:17 **** Incremental Build of configuration Debug for project LCD Lab ****
make -j8 all 
arm-none-eabi-gcc "../Src/lcd.c" -mcpu=cortex-m4 -std=gnu11 -g3 -DSTM32 -DSTM32F4 -DSTM32F446RETx -DDEBUG -DNUCLEO_F446RE -c -I../Inc -O0 -ffunction-sections -fdata-sections -Wall -fstack-usage -MMD -MP -MF"Src/lcd.d" -MT"Src/lcd.o" --specs=nano.specs -mfloat-abi=soft -mthumb -o "Src/lcd.o"
arm-none-eabi-gcc -o "LCD Lab.elf" @"objects.list"   -mcpu=cortex-m4 -T"C:\Users\bretzj\Desktop\embedded\LCD Lab\STM32F446RETX_FLASH.ld" --specs=nosys.specs -Wl,-Map="LCD Lab.map" -Wl,--gc-sections -static --specs=nano.specs -mfloat-abi=soft -mthumb -u _printf_float -u _scanf_float -Wl,--start-group -lc -lm -Wl,--end-group
Finished building target: LCD Lab.elf
 
arm-none-eabi-objdump -h -S  LCD\ Lab.elf  > "LCD Lab.list"
arm-none-eabi-size   LCD\ Lab.elf 
   text	   data	    bss	    dec	    hex	filename
  19808	    484	   1580	  21872	   5570	LCD Lab.elf
Finished building: default.size.stdout
Finished building: LCD Lab.list
 
 
17:08:04 **** Incremental Build of configuration Debug for project LCD Lab ****
make -j8 all 
arm-none-eabi-size   LCD\ Lab.elf 
   text	   data	    bss	    dec	    hex	filename
  19808	    484	   1580	  21872	   5570	LCD Lab.elf
Finished building: default.size.stdout
 
17:10:28 **** Incremental Build of configuration Debug for project LCD Lab ****
make -j8 all 
arm-none-eabi-size   LCD\ Lab.elf 
   text	   data	    bss	    dec	    hex	filename
  19808	    484	   1580	  21872	   5570	LCD Lab.elf
Finished building: default.size.stdout
 
17:14:47 **** Incremental Build of configuration Debug for project LCD Lab ****
make -j8 all 
arm-none-eabi-gcc "../Src/lcd.c" -mcpu=cortex-m4 -std=gnu11 -g3 -DSTM32 -DSTM32F4 -DSTM32F446RETx -DDEBUG -DNUCLEO_F446RE -c -I../Inc -O0 -ffunction-sections -fdata-sections -Wall -fstack-usage -MMD -MP -MF"Src/lcd.d" -MT"Src/lcd.o" --specs=nano.specs -mfloat-abi=soft -mthumb -o "Src/lcd.o"
arm-none-eabi-gcc -o "LCD Lab.elf" @"objects.list"   -mcpu=cortex-m4 -T"C:\Users\bretzj\Desktop\embedded\LCD Lab\STM32F446RETX_FLASH.ld" --specs=nosys.specs -Wl,-Map="LCD Lab.map" -Wl,--gc-sections -static --specs=nano.specs -mfloat-abi=soft -mthumb -u _printf_float -u _scanf_float -Wl,--start-group -lc -lm -Wl,--end-group
Finished building target: LCD Lab.elf
 
arm-none-eabi-objdump -h -S  LCD\ Lab.elf  > "LCD Lab.list"
arm-none-eabi-size   LCD\ Lab.elf 
   text	   data	    bss	    dec	    hex	filename
  19832	    484	   1580	  21896	   5588	LCD Lab.elf
Finished building: default.size.stdout
Finished building: LCD Lab.list
 
 
17:17:50 **** Incremental Build of configuration Debug for project LCD Lab ****
make -j8 all 
arm-none-eabi-gcc "../Src/lcd.c" -mcpu=cortex-m4 -std=gnu11 -g3 -DSTM32 -DSTM32F4 -DSTM32F446RETx -DDEBUG -DNUCLEO_F446RE -c -I../Inc -O0 -ffunction-sections -fdata-sections -Wall -fstack-usage -MMD -MP -MF"Src/lcd.d" -MT"Src/lcd.o" --specs=nano.specs -mfloat-abi=soft -mthumb -o "Src/lcd.o"
arm-none-eabi-gcc "../Src/main.c" -mcpu=cortex-m4 -std=gnu11 -g3 -DSTM32 -DSTM32F4 -DSTM32F446RETx -DDEBUG -DNUCLEO_F446RE -c -I../Inc -O0 -ffunction-sections -fdata-sections -Wall -fstack-usage -MMD -MP -MF"Src/main.d" -MT"Src/main.o" --specs=nano.specs -mfloat-abi=soft -mthumb -o "Src/main.o"
arm-none-eabi-gcc -o "LCD Lab.elf" @"objects.list"   -mcpu=cortex-m4 -T"C:\Users\bretzj\Desktop\embedded\LCD Lab\STM32F446RETX_FLASH.ld" --specs=nosys.specs -Wl,-Map="LCD Lab.map" -Wl,--gc-sections -static --specs=nano.specs -mfloat-abi=soft -mthumb -u _printf_float -u _scanf_float -Wl,--start-group -lc -lm -Wl,--end-group
Finished building target: LCD Lab.elf
 
arm-none-eabi-objdump -h -S  LCD\ Lab.elf  > "LCD Lab.list"
arm-none-eabi-size   LCD\ Lab.elf 
   text	   data	    bss	    dec	    hex	filename
  20024	    484	   1580	  22088	   5648	LCD Lab.elf
Finished building: default.size.stdout
Finished building: LCD Lab.list
 
 
17:18:32 **** Incremental Build of configuration Debug for project LCD Lab ****
make -j8 all 
arm-none-eabi-gcc "../Src/lcd.c" -mcpu=cortex-m4 -std=gnu11 -g3 -DSTM32 -DSTM32F4 -DSTM32F446RETx -DDEBUG -DNUCLEO_F446RE -c -I../Inc -O0 -ffunction-sections -fdata-sections -Wall -fstack-usage -MMD -MP -MF"Src/lcd.d" -MT"Src/lcd.o" --specs=nano.specs -mfloat-abi=soft -mthumb -o "Src/lcd.o"
arm-none-eabi-gcc -o "LCD Lab.elf" @"objects.list"   -mcpu=cortex-m4 -T"C:\Users\bretzj\Desktop\embedded\LCD Lab\STM32F446RETX_FLASH.ld" --specs=nosys.specs -Wl,-Map="LCD Lab.map" -Wl,--gc-sections -static --specs=nano.specs -mfloat-abi=soft -mthumb -u _printf_float -u _scanf_float -Wl,--start-group -lc -lm -Wl,--end-group
Finished building target: LCD Lab.elf
 
arm-none-eabi-objdump -h -S  LCD\ Lab.elf  > "LCD Lab.list"
arm-none-eabi-size   LCD\ Lab.elf 
   text	   data	    bss	    dec	    hex	filename
  20024	    484	   1580	  22088	   5648	LCD Lab.elf
Finished building: default.size.stdout
Finished building: LCD Lab.list
 
 
