10:54:11 **** Incremental Build of configuration Debug for project Lab 1 ****
make -j8 all 
arm-none-eabi-gcc "../Src/main.c" -mcpu=cortex-m4 -std=gnu11 -g3 -DSTM32 -DSTM32F4 -DSTM32F446RETx -DDEBUG -DNUCLEO_F446RE -c -I../Inc -O0 -ffunction-sections -fdata-sections -Wall -fstack-usage -MMD -MP -MF"Src/main.d" -MT"Src/main.o" --specs=nano.specs -mfloat-abi=soft -mthumb -o "Src/main.o"
arm-none-eabi-gcc -o "Lab 1.elf" @"objects.list"   -mcpu=cortex-m4 -T"C:\Users\bretzj\Desktop\embedded\Lab 1\STM32F446RETX_FLASH.ld" --specs=nosys.specs -Wl,-Map="Lab 1.map" -Wl,--gc-sections -static --specs=nano.specs -mfloat-abi=soft -mthumb -u _printf_float -u _scanf_float -Wl,--start-group -lc -lm -Wl,--end-group
Finished building target: Lab 1.elf
 
arm-none-eabi-objdump -h -S  Lab\ 1.elf  > "Lab 1.list"
arm-none-eabi-size   Lab\ 1.elf 
   text	   data	    bss	    dec	    hex	filename
  23540	    472	   1584	  25596	   63fc	Lab 1.elf
Finished building: default.size.stdout
 
Finished building: Lab 1.list
 

10:54:16 Build Finished. 0 errors, 0 warnings. (took 4s.818ms)

