09:25:19 **** Incremental Build of configuration Debug for project LCD Lab ****
make -j8 all 
arm-none-eabi-gcc "../Src/main.c" -mcpu=cortex-m4 -std=gnu11 -g3 -DSTM32 -DSTM32F4 -DSTM32F446RETx -DDEBUG -DNUCLEO_F446RE -c -I../Inc -O0 -ffunction-sections -fdata-sections -Wall -fstack-usage -MMD -MP -MF"Src/main.d" -MT"Src/main.o" --specs=nano.specs -mfloat-abi=soft -mthumb -o "Src/main.o"
arm-none-eabi-gcc -o "LCD Lab.elf" @"objects.list"   -mcpu=cortex-m4 -T"C:\Users\bretzj\Desktop\embedded\LCD Lab\STM32F446RETX_FLASH.ld" --specs=nosys.specs -Wl,-Map="LCD Lab.map" -Wl,--gc-sections -static --specs=nano.specs -mfloat-abi=soft -mthumb -u _printf_float -u _scanf_float -Wl,--start-group -lc -lm -Wl,--end-group
Finished building target: LCD Lab.elf
 
arm-none-eabi-objdump -h -S  LCD\ Lab.elf  > "LCD Lab.list"
arm-none-eabi-size   LCD\ Lab.elf 
   text	   data	    bss	    dec	    hex	filename
  20032	    472	   1584	  22088	   5648	LCD Lab.elf
Finished building: default.size.stdout
Finished building: LCD Lab.list
 
 

09:25:25 Build Finished. 0 errors, 0 warnings. (took 5s.667ms)

