13:23:52 **** Build of configuration Debug for project LCD ****
make all 
arm-none-eabi-gcc -mcpu=cortex-m4 -g3 -c -x assembler-with-cpp --specs=nano.specs -mfpu=fpv4-sp-d16 -mfloat-abi=hard -mthumb -o "startup/startup_stm32.o" "../startup/startup_stm32.s"
arm-none-eabi-gcc "../startup/sysmem.c" -mcpu=cortex-m4 -std=gnu11 -g3 -DSTM32 -DSTM32F4 -DSTM32F446RETx -DNUCLEO_F446RE -DDEBUG -c -O0 -ffunction-sections -Wall -fstack-usage -MMD -MP -MF"startup/sysmem.d" -MT"startup/sysmem.o" --specs=nano.specs -mfpu=fpv4-sp-d16 -mfloat-abi=hard -mthumb -o "startup/sysmem.o"
arm-none-eabi-gcc -mcpu=cortex-m4 -g3 -c -x assembler-with-cpp --specs=nano.specs -mfpu=fpv4-sp-d16 -mfloat-abi=hard -mthumb -o "src/convert.o" "../src/convert.s"
arm-none-eabi-gcc -mcpu=cortex-m4 -g3 -c -x assembler-with-cpp --specs=nano.specs -mfpu=fpv4-sp-d16 -mfloat-abi=hard -mthumb -o "src/lcd.o" "../src/lcd.s"
arm-none-eabi-gcc -mcpu=cortex-m4 -g3 -c -x assembler-with-cpp --specs=nano.specs -mfpu=fpv4-sp-d16 -mfloat-abi=hard -mthumb -o "src/main.o" "../src/main.s"
arm-none-eabi-gcc -mcpu=cortex-m4 -g3 -c -x assembler-with-cpp --specs=nano.specs -mfpu=fpv4-sp-d16 -mfloat-abi=hard -mthumb -o "src/timing.o" "../src/timing.s"
arm-none-eabi-gcc -o "LCD.elf" @"objects.list"   -mcpu=cortex-m4 -T"C:\Users\bretzj\Desktop\embedded\Embedded I\LCD\LinkerScript.ld" --specs=nosys.specs -Wl,-Map="LCD.map" -Wl,--gc-sections -static --specs=nano.specs -mfpu=fpv4-sp-d16 -mfloat-abi=hard -mthumb -Wl,--start-group -lc -lm -Wl,--end-group
Finished building target: LCD.elf
 
arm-none-eabi-size   LCD.elf 
   text	   data	    bss	    dec	    hex	filename
   1376	     20	   1052	   2448	    990	LCD.elf
Finished building: default.size.stdout
 
arm-none-eabi-objdump -h -S  LCD.elf  > "LCD.list"
Finished building: LCD.list
 
arm-none-eabi-objcopy  -O binary  LCD.elf  "LCD.bin"
Finished building: LCD.bin
 

13:23:58 Build Finished. 0 errors, 0 warnings. (took 5s.910ms)

